Archive member included because of file (symbol)

c:/program files (x86)/atollic/truestudio for arm 5.4.2/armtools/bin/../lib/gcc/arm-atollic-eabi/4.8.3/../../../../arm-atollic-eabi/lib/armv7-m\libc_s.a(lib_a-aeabi_atexit.o)
                              PAL\STM32F205\Middlewares\ST\STM32_USB_Device_Library\Class\CDC\Src\usbd_cdc_if.o (__aeabi_atexit)
c:/program files (x86)/atollic/truestudio for arm 5.4.2/armtools/bin/../lib/gcc/arm-atollic-eabi/4.8.3/../../../../arm-atollic-eabi/lib/armv7-m\libc_s.a(lib_a-cxa_atexit.o)
                              c:/program files (x86)/atollic/truestudio for arm 5.4.2/armtools/bin/../lib/gcc/arm-atollic-eabi/4.8.3/../../../../arm-atollic-eabi/lib/armv7-m\libc_s.a(lib_a-aeabi_atexit.o) (__cxa_atexit)
c:/program files (x86)/atollic/truestudio for arm 5.4.2/armtools/bin/../lib/gcc/arm-atollic-eabi/4.8.3/../../../../arm-atollic-eabi/lib/armv7-m\libc_s.a(lib_a-init.o)
                              PAL\STM32F205\Drivers\CMSIS\Device\ST\STM32F2xx\Source\gcc\startup_stm32f205xx.o (__libc_init_array)
c:/program files (x86)/atollic/truestudio for arm 5.4.2/armtools/bin/../lib/gcc/arm-atollic-eabi/4.8.3/../../../../arm-atollic-eabi/lib/armv7-m\libc_s.a(lib_a-malloc.o)
                              PAL\STM32F205\Middlewares\ST\STM32_USB_Device_Library\Class\CDC\Src\usbd_cdc.o (malloc)
c:/program files (x86)/atollic/truestudio for arm 5.4.2/armtools/bin/../lib/gcc/arm-atollic-eabi/4.8.3/../../../../arm-atollic-eabi/lib/armv7-m\libc_s.a(lib_a-memcpy-stub.o)
                              PAL\STM32F205\Middlewares\FreeRTOS\Source\queue.o (memcpy)
c:/program files (x86)/atollic/truestudio for arm 5.4.2/armtools/bin/../lib/gcc/arm-atollic-eabi/4.8.3/../../../../arm-atollic-eabi/lib/armv7-m\libc_s.a(lib_a-memset.o)
                              PAL\STM32F205\Middlewares\FreeRTOS\Source\tasks.o (memset)
c:/program files (x86)/atollic/truestudio for arm 5.4.2/armtools/bin/../lib/gcc/arm-atollic-eabi/4.8.3/../../../../arm-atollic-eabi/lib/armv7-m\libc_s.a(lib_a-nano-freer.o)
                              c:/program files (x86)/atollic/truestudio for arm 5.4.2/armtools/bin/../lib/gcc/arm-atollic-eabi/4.8.3/../../../../arm-atollic-eabi/lib/armv7-m\libc_s.a(lib_a-malloc.o) (_free_r)
c:/program files (x86)/atollic/truestudio for arm 5.4.2/armtools/bin/../lib/gcc/arm-atollic-eabi/4.8.3/../../../../arm-atollic-eabi/lib/armv7-m\libc_s.a(lib_a-nano-mallocr.o)
                              c:/program files (x86)/atollic/truestudio for arm 5.4.2/armtools/bin/../lib/gcc/arm-atollic-eabi/4.8.3/../../../../arm-atollic-eabi/lib/armv7-m\libc_s.a(lib_a-malloc.o) (_malloc_r)
c:/program files (x86)/atollic/truestudio for arm 5.4.2/armtools/bin/../lib/gcc/arm-atollic-eabi/4.8.3/../../../../arm-atollic-eabi/lib/armv7-m\libc_s.a(lib_a-sbrkr.o)
                              c:/program files (x86)/atollic/truestudio for arm 5.4.2/armtools/bin/../lib/gcc/arm-atollic-eabi/4.8.3/../../../../arm-atollic-eabi/lib/armv7-m\libc_s.a(lib_a-nano-mallocr.o) (_sbrk_r)
c:/program files (x86)/atollic/truestudio for arm 5.4.2/armtools/bin/../lib/gcc/arm-atollic-eabi/4.8.3/../../../../arm-atollic-eabi/lib/armv7-m\libc_s.a(lib_a-sprintf.o)
                              KAL\ESP8266\ESP8266.o (sprintf)
c:/program files (x86)/atollic/truestudio for arm 5.4.2/armtools/bin/../lib/gcc/arm-atollic-eabi/4.8.3/../../../../arm-atollic-eabi/lib/armv7-m\libc_s.a(lib_a-strcmp.o)
                              KAL\UserFunction.o (strcmp)
c:/program files (x86)/atollic/truestudio for arm 5.4.2/armtools/bin/../lib/gcc/arm-atollic-eabi/4.8.3/../../../../arm-atollic-eabi/lib/armv7-m\libc_s.a(lib_a-strcpy.o)
                              KAL\ESP8266\ESP8266.o (strcpy)
c:/program files (x86)/atollic/truestudio for arm 5.4.2/armtools/bin/../lib/gcc/arm-atollic-eabi/4.8.3/../../../../arm-atollic-eabi/lib/armv7-m\libc_s.a(lib_a-strlen.o)
                              KAL\ESP8266\ESP8266.o (strlen)
c:/program files (x86)/atollic/truestudio for arm 5.4.2/armtools/bin/../lib/gcc/arm-atollic-eabi/4.8.3/../../../../arm-atollic-eabi/lib/armv7-m\libc_s.a(lib_a-svfprintf.o)
                              c:/program files (x86)/atollic/truestudio for arm 5.4.2/armtools/bin/../lib/gcc/arm-atollic-eabi/4.8.3/../../../../arm-atollic-eabi/lib/armv7-m\libc_s.a(lib_a-sprintf.o) (_svfprintf_r)
c:/program files (x86)/atollic/truestudio for arm 5.4.2/armtools/bin/../lib/gcc/arm-atollic-eabi/4.8.3/../../../../arm-atollic-eabi/lib/armv7-m\libc_s.a(lib_a-syscalls.o)
                              c:/program files (x86)/atollic/truestudio for arm 5.4.2/armtools/bin/../lib/gcc/arm-atollic-eabi/4.8.3/../../../../arm-atollic-eabi/lib/armv7-m\libc_s.a(lib_a-sbrkr.o) (_sbrk)
c:/program files (x86)/atollic/truestudio for arm 5.4.2/armtools/bin/../lib/gcc/arm-atollic-eabi/4.8.3/../../../../arm-atollic-eabi/lib/armv7-m\libc_s.a(lib_a-vfprintf_i.o)
[...]
Memory Configuration

Name             Origin             Length             Attributes
FLASH            0x08000000         0x00020000         xr
RAM              0x20000000         0x0000c000         xrw
MEMORY_B1        0x60000000         0x00000000         xr
*default*        0x00000000         0xffffffff

Linker script and memory map

LOAD c:/program files (x86)/atollic/truestudio for arm 5.4.2/armtools/bin/../lib/gcc/arm-atollic-eabi/4.8.3/armv7-m/crti.o
LOAD c:/program files (x86)/atollic/truestudio for arm 5.4.2/armtools/bin/../lib/gcc/arm-atollic-eabi/4.8.3/armv7-m/crtbegin.o
LOAD PAL\stm32f2xx_it.o
LOAD PAL\stm32f2xx_hal_timebase_TIM.o
LOAD PAL\stm32f2xx_hal_msp.o
LOAD PAL\fatfs.o
LOAD PAL\bsp_driver_sd.o
LOAD PAL\STM32F205\Middlewares\ST\STM32_USB_Device_Library\Core\Src\usbd_ioreq.o
LOAD PAL\STM32F205\Middlewares\ST\STM32_USB_Device_Library\Core\Src\usbd_ctlreq.o
LOAD PAL\STM32F205\Middlewares\ST\STM32_USB_Device_Library\Core\Src\usbd_core.o
LOAD PAL\STM32F205\Middlewares\ST\STM32_USB_Device_Library\Core\Src\usbd_conf.o
LOAD PAL\STM32F205\Middlewares\ST\STM32_USB_Device_Library\Class\CDC\Src\usbd_desc.o
LOAD PAL\STM32F205\Middlewares\ST\STM32_USB_Device_Library\Class\CDC\Src\usbd_cdc_if.o
LOAD PAL\STM32F205\Middlewares\ST\STM32_USB_Device_Library\Class\CDC\Src\usbd_cdc.o
LOAD PAL\STM32F205\Middlewares\FreeRTOS\Source\timers.o
LOAD PAL\STM32F205\Middlewares\FreeRTOS\Source\tasks.o
LOAD PAL\STM32F205\Middlewares\FreeRTOS\Source\queue.o
LOAD PAL\STM32F205\Middlewares\FreeRTOS\Source\portable\MemMang\heap_4.o
LOAD PAL\STM32F205\Middlewares\FreeRTOS\Source\portable\GCC\ARM_CM3\port.o
LOAD PAL\STM32F205\Middlewares\FreeRTOS\Source\list.o
LOAD PAL\STM32F205\Middlewares\FreeRTOS\Source\event_groups.o
LOAD PAL\STM32F205\Middlewares\FreeRTOS\Source\croutine.o
LOAD PAL\STM32F205\Middlewares\FreeRTOS\Source\CMSIS_RTOS\cmsis_os.o
LOAD PAL\STM32F205\Middlewares\FatFs\src\option\syscall.o
LOAD PAL\STM32F205\Middlewares\FatFs\src\ff_gen_drv.o
LOAD PAL\STM32F205\Middlewares\FatFs\src\ff.o
LOAD PAL\STM32F205\Middlewares\FatFs\src\drivers\sd_diskio.o
LOAD PAL\STM32F205\Middlewares\FatFs\src\diskio.o
LOAD PAL\STM32F205\Drivers\STM32F2xx_HAL_Driver\Src\stm32f2xx_ll_usb.o
LOAD PAL\STM32F205\Drivers\STM32F2xx_HAL_Driver\Src\stm32f2xx_ll_sdmmc.o
LOAD PAL\STM32F205\Drivers\STM32F2xx_HAL_Driver\Src\stm32f2xx_ll_fsmc.o
LOAD PAL\STM32F205\Drivers\STM32F2xx_HAL_Driver\Src\stm32f2xx_hal_wwdg.o
LOAD PAL\STM32F205\Drivers\STM32F2xx_HAL_Driver\Src\stm32f2xx_hal_usart.o
LOAD PAL\STM32F205\Drivers\STM32F2xx_HAL_Driver\Src\stm32f2xx_hal_uart.o
LOAD PAL\STM32F205\Drivers\STM32F2xx_HAL_Driver\Src\stm32f2xx_hal_tim_ex.o
LOAD PAL\STM32F205\Drivers\STM32F2xx_HAL_Driver\Src\stm32f2xx_hal_tim.o
LOAD PAL\STM32F205\Drivers\STM32F2xx_HAL_Driver\Src\stm32f2xx_hal_sram.o
LOAD PAL\STM32F205\Drivers\STM32F2xx_HAL_Driver\Src\stm32f2xx_hal_spi.o
LOAD PAL\STM32F205\Drivers\STM32F2xx_HAL_Driver\Src\stm32f2xx_hal_smartcard.o
LOAD PAL\STM32F205\Drivers\STM32F2xx_HAL_Driver\Src\stm32f2xx_hal_sd.o
LOAD PAL\STM32F205\Drivers\STM32F2xx_HAL_Driver\Src\stm32f2xx_hal_rtc_ex.o
LOAD PAL\STM32F205\Drivers\STM32F2xx_HAL_Driver\Src\stm32f2xx_hal_rtc.o
LOAD PAL\STM32F205\Drivers\STM32F2xx_HAL_Driver\Src\stm32f2xx_hal_rng.o
LOAD PAL\STM32F205\Drivers\STM32F2xx_HAL_Driver\Src\stm32f2xx_hal_rcc_ex.o
LOAD PAL\STM32F205\Drivers\STM32F2xx_HAL_Driver\Src\stm32f2xx_hal_rcc.o
LOAD PAL\STM32F205\Drivers\STM32F2xx_HAL_Driver\Src\stm32f2xx_hal_pwr_ex.o
LOAD PAL\STM32F205\Drivers\STM32F2xx_HAL_Driver\Src\stm32f2xx_hal_pwr.o
LOAD PAL\STM32F205\Drivers\STM32F2xx_HAL_Driver\Src\stm32f2xx_hal_pcd_ex.o
LOAD PAL\STM32F205\Drivers\STM32F2xx_HAL_Driver\Src\stm32f2xx_hal_pcd.o
LOAD PAL\STM32F205\Drivers\STM32F2xx_HAL_Driver\Src\stm32f2xx_hal_pccard.o
LOAD PAL\STM32F205\Drivers\STM32F2xx_HAL_Driver\Src\stm32f2xx_hal_nor.o
LOAD PAL\STM32F205\Drivers\STM32F2xx_HAL_Driver\Src\stm32f2xx_hal_nand.o
LOAD PAL\STM32F205\Drivers\STM32F2xx_HAL_Driver\Src\stm32f2xx_hal_iwdg.o
LOAD PAL\STM32F205\Drivers\STM32F2xx_HAL_Driver\Src\stm32f2xx_hal_irda.o
LOAD PAL\STM32F205\Drivers\STM32F2xx_HAL_Driver\Src\stm32f2xx_hal_i2s.o
LOAD PAL\STM32F205\Drivers\STM32F2xx_HAL_Driver\Src\stm32f2xx_hal_i2c.o
LOAD PAL\STM32F205\Drivers\STM32F2xx_HAL_Driver\Src\stm32f2xx_hal_hcd.o
LOAD PAL\STM32F205\Drivers\STM32F2xx_HAL_Driver\Src\stm32f2xx_hal_hash.o
LOAD PAL\STM32F205\Drivers\STM32F2xx_HAL_Driver\Src\stm32f2xx_hal_gpio.o
LOAD PAL\STM32F205\Drivers\STM32F2xx_HAL_Driver\Src\stm32f2xx_hal_flash_ex.o
LOAD PAL\STM32F205\Drivers\STM32F2xx_HAL_Driver\Src\stm32f2xx_hal_flash.o
LOAD PAL\STM32F205\Drivers\STM32F2xx_HAL_Driver\Src\stm32f2xx_hal_eth.o
LOAD PAL\STM32F205\Drivers\STM32F2xx_HAL_Driver\Src\stm32f2xx_hal_dma_ex.o
LOAD PAL\STM32F205\Drivers\STM32F2xx_HAL_Driver\Src\stm32f2xx_hal_dma.o
LOAD PAL\STM32F205\Drivers\STM32F2xx_HAL_Driver\Src\stm32f2xx_hal_dcmi.o
LOAD PAL\STM32F205\Drivers\STM32F2xx_HAL_Driver\Src\stm32f2xx_hal_dac_ex.o
LOAD PAL\STM32F205\Drivers\STM32F2xx_HAL_Driver\Src\stm32f2xx_hal_dac.o
LOAD PAL\STM32F205\Drivers\STM32F2xx_HAL_Driver\Src\stm32f2xx_hal_cryp.o
LOAD PAL\STM32F205\Drivers\STM32F2xx_HAL_Driver\Src\stm32f2xx_hal_crc.o
LOAD PAL\STM32F205\Drivers\STM32F2xx_HAL_Driver\Src\stm32f2xx_hal_cortex.o
LOAD PAL\STM32F205\Drivers\STM32F2xx_HAL_Driver\Src\stm32f2xx_hal_can.o
LOAD PAL\STM32F205\Drivers\STM32F2xx_HAL_Driver\Src\stm32f2xx_hal_adc_ex.o
LOAD PAL\STM32F205\Drivers\STM32F2xx_HAL_Driver\Src\stm32f2xx_hal_adc.o
LOAD PAL\STM32F205\Drivers\STM32F2xx_HAL_Driver\Src\stm32f2xx_hal.o
LOAD PAL\STM32F205\Drivers\CMSIS\Device\ST\STM32F2xx\Source\gcc\system_stm32f2xx.o
LOAD PAL\STM32F205\Drivers\CMSIS\Device\ST\STM32F2xx\Source\gcc\startup_stm32f205xx.o
LOAD KAL\main.o
LOAD KAL\UserFunction.o
LOAD KAL\TLC5940\TLC5940.o
LOAD KAL\ESP8266\ESP8266.o
LOAD BAL\USB\USB.o
LOAD BAL\USART\USART.o
LOAD BAL\TOOLS\BufferFunctions.o
LOAD BAL\RTOS\RTOSUtilities.o
LOAD BAL\RTOS\RTOS.o
LOAD BAL\PWM\PWM.o
LOAD BAL\LEDS\LEDS.o
LOAD BAL\GPIO\GPIO.o
LOAD BAL\BAPI.o
LOAD BAL\ADC\ADC.o
START GROUP
LOAD c:/program files (x86)/atollic/truestudio for arm 5.4.2/armtools/bin/../lib/gcc/arm-atollic-eabi/4.8.3/../../../../arm-atollic-eabi/lib/armv7-m\libc_s.a
LOAD c:/program files (x86)/atollic/truestudio for arm 5.4.2/armtools/bin/../lib/gcc/arm-atollic-eabi/4.8.3/../../../../arm-atollic-eabi/lib/armv7-m\libstdc++.a
LOAD c:/program files (x86)/atollic/truestudio for arm 5.4.2/armtools/bin/../lib/gcc/arm-atollic-eabi/4.8.3/../../../../arm-atollic-eabi/lib/armv7-m\libsupc++.a
END GROUP
                0x00001000                malloc_getpagesize_P = 0x1000
LOAD c:/program files (x86)/atollic/truestudio for arm 5.4.2/armtools/bin/../lib/gcc/arm-atollic-eabi/4.8.3/../../../../arm-atollic-eabi/lib/armv7-m\libstdc++.a
LOAD c:/program files (x86)/atollic/truestudio for arm 5.4.2/armtools/bin/../lib/gcc/arm-atollic-eabi/4.8.3/../../../../arm-atollic-eabi/lib/armv7-m\libm.a
START GROUP
LOAD c:/program files (x86)/atollic/truestudio for arm 5.4.2/armtools/bin/../lib/gcc/arm-atollic-eabi/4.8.3/armv7-m\libgcc.a
LOAD c:/program files (x86)/atollic/truestudio for arm 5.4.2/armtools/bin/../lib/gcc/arm-atollic-eabi/4.8.3/../../../../arm-atollic-eabi/lib/armv7-m\libc.a
END GROUP
LOAD c:/program files (x86)/atollic/truestudio for arm 5.4.2/armtools/bin/../lib/gcc/arm-atollic-eabi/4.8.3/armv7-m/crtend.o
LOAD c:/program files (x86)/atollic/truestudio for arm 5.4.2/armtools/bin/../lib/gcc/arm-atollic-eabi/4.8.3/armv7-m/crtn.o
                0x2000c000                _estack = 0x2000c000
                0x00000000                _Min_Heap_Size = 0x0
                0x00000200                _Min_Stack_Size = 0x200

.isr_vector     0x08000000      0x184
                0x08000000                . = ALIGN (0x4)
 *(.isr_vector)
 .isr_vector    0x08000000      0x184 PAL\STM32F205\Drivers\CMSIS\Device\ST\STM32F2xx\Source\gcc\startup_stm32f205xx.o
                0x08000000                g_pfnVectors
                0x08000184                . = ALIGN (0x4)

.text           0x08000184     0xb514
                0x08000184                . = ALIGN (0x4)
 *(.text)
 .text          0x08000184       0x40 c:/program files (x86)/atollic/truestudio for arm 5.4.2/armtools/bin/../lib/gcc/arm-atollic-eabi/4.8.3/armv7-m/crtbegin.o
 .text          0x080001c4       0x14 c:/program files (x86)/atollic/truestudio for arm 5.4.2/armtools/bin/../lib/gcc/arm-atollic-eabi/4.8.3/../../../../arm-atollic-eabi/lib/armv7-m\libc_s.a(lib_a-strcmp.o)
                0x080001c4                strcmp
 *(.text*)
 .text.SysTick_Handler
                0x080001d8        0xc PAL\stm32f2xx_it.o
                0x080001d8                SysTick_Handler
 .text.TIM6_DAC_IRQHandler
                0x080001e4       0x10 PAL\stm32f2xx_it.o
                0x080001e4                TIM6_DAC_IRQHandler
 .text.DMA2_Stream0_IRQHandler
                0x080001f4       0x10 PAL\stm32f2xx_it.o
                0x080001f4                DMA2_Stream0_IRQHandler
 .text.OTG_FS_IRQHandler
                0x08000204       0x10 PAL\stm32f2xx_it.o
                0x08000204                OTG_FS_IRQHandler
 .text.HAL_InitTick
                0x08000214       0xb4 PAL\stm32f2xx_hal_timebase_TIM.o
                0x08000214                HAL_InitTick
 .text.HAL_TIM_PeriodElapsedCallback
                0x080002c8       0x14 PAL\stm32f2xx_hal_timebase_TIM.o
                0x080002c8                HAL_TIM_PeriodElapsedCallback
 .text.HAL_MspInit
                0x080002dc       0x18 PAL\stm32f2xx_hal_msp.o
                0x080002dc                HAL_MspInit
 .text.HAL_ADC_MspInit
                0x080002f4       0xe8 PAL\stm32f2xx_hal_msp.o
                0x080002f4                HAL_ADC_MspInit
 .text.HAL_TIM_Base_MspInit
                0x080003dc       0x40 PAL\stm32f2xx_hal_msp.o
                0x080003dc                HAL_TIM_Base_MspInit
 .text.HAL_TIM_PWM_MspInit
                0x0800041c       0x68 PAL\stm32f2xx_hal_msp.o
                0x0800041c                HAL_TIM_PWM_MspInit
 .text.HAL_UART_MspInit
                0x08000484       0xd0 PAL\stm32f2xx_hal_msp.o
                0x08000484                HAL_UART_MspInit
 .text.USBD_CtlSendData
                0x08000554       0x38 PAL\STM32F205\Middlewares\ST\STM32_USB_Device_Library\Core\Src\usbd_ioreq.o
                0x08000554                USBD_CtlSendData
 .text.USBD_CtlContinueSendData
                0x0800058c       0x24 PAL\STM32F205\Middlewares\ST\STM32_USB_Device_Library\Core\Src\usbd_ioreq.o
                0x0800058c                USBD_CtlContinueSendData
 .text.USBD_CtlPrepareRx
                0x080005b0       0x3c PAL\STM32F205\Middlewares\ST\STM32_USB_Device_Library\Core\Src\usbd_ioreq.o
                0x080005b0                USBD_CtlPrepareRx
 .text.USBD_CtlContinueRx
                0x080005ec       0x24 PAL\STM32F205\Middlewares\ST\STM32_USB_Device_Library\Core\Src\usbd_ioreq.o
                0x080005ec                USBD_CtlContinueRx
 .text.USBD_CtlSendStatus
                0x08000610       0x28 PAL\STM32F205\Middlewares\ST\STM32_USB_Device_Library\Core\Src\usbd_ioreq.o
                0x08000610                USBD_CtlSendStatus
 .text.USBD_CtlReceiveStatus
                0x08000638       0x28 PAL\STM32F205\Middlewares\ST\STM32_USB_Device_Library\Core\Src\usbd_ioreq.o
                0x08000638                USBD_CtlReceiveStatus
 .text.USBD_StdDevReq
                0x08000660       0xa0 PAL\STM32F205\Middlewares\ST\STM32_USB_Device_Library\Core\Src\usbd_ctlreq.o
                0x08000660                USBD_StdDevReq
 .text.USBD_StdItfReq
                0x08000700       0x68 PAL\STM32F205\Middlewares\ST\STM32_USB_Device_Library\Core\Src\usbd_ctlreq.o
                0x08000700                USBD_StdItfReq
 .text.USBD_StdEPReq
                0x08000768      0x1b0 PAL\STM32F205\Middlewares\ST\STM32_USB_Device_Library\Core\Src\usbd_ctlreq.o
                0x08000768                USBD_StdEPReq
 .text.USBD_GetDescriptor
                0x08000918      0x1f8 PAL\STM32F205\Middlewares\ST\STM32_USB_Device_Library\Core\Src\usbd_ctlreq.o
 .text.USBD_SetAddress
                0x08000b10       0x7c PAL\STM32F205\Middlewares\ST\STM32_USB_Device_Library\Core\Src\usbd_ctlreq.o
 .text.USBD_SetConfig
                0x08000b8c      0x114 PAL\STM32F205\Middlewares\ST\STM32_USB_Device_Library\Core\Src\usbd_ctlreq.o
 .text.USBD_GetConfig
                0x08000ca0       0x64 PAL\STM32F205\Middlewares\ST\STM32_USB_Device_Library\Core\Src\usbd_ctlreq.o
 .text.USBD_GetStatus
                0x08000d04       0x54 PAL\STM32F205\Middlewares\ST\STM32_USB_Device_Library\Core\Src\usbd_ctlreq.o
 .text.USBD_SetFeature
                0x08000d58       0x34 PAL\STM32F205\Middlewares\ST\STM32_USB_Device_Library\Core\Src\usbd_ctlreq.o
 .text.USBD_ClrFeature
                0x08000d8c       0x50 PAL\STM32F205\Middlewares\ST\STM32_USB_Device_Library\Core\Src\usbd_ctlreq.o
 .text.USBD_ParseSetupRequest
                0x08000ddc       0x74 PAL\STM32F205\Middlewares\ST\STM32_USB_Device_Library\Core\Src\usbd_ctlreq.o
                0x08000ddc                USBD_ParseSetupRequest
 .text.USBD_CtlError
                0x08000e50       0x20 PAL\STM32F205\Middlewares\ST\STM32_USB_Device_Library\Core\Src\usbd_ctlreq.o
                0x08000e50                USBD_CtlError
 .text.USBD_GetString
                0x08000e70       0x7c PAL\STM32F205\Middlewares\ST\STM32_USB_Device_Library\Core\Src\usbd_ctlreq.o
                0x08000e70                USBD_GetString
 .text.USBD_GetLen
                0x08000eec       0x30 PAL\STM32F205\Middlewares\ST\STM32_USB_Device_Library\Core\Src\usbd_ctlreq.o
 .text.USBD_Init
                0x08000f1c       0x58 PAL\STM32F205\Middlewares\ST\STM32_USB_Device_Library\Core\Src\usbd_core.o
                0x08000f1c                USBD_Init
 .text.USBD_RegisterClass
                0x08000f74       0x34 PAL\STM32F205\Middlewares\ST\STM32_USB_Device_Library\Core\Src\usbd_core.o
                0x08000f74                USBD_RegisterClass
 .text.USBD_Start
                0x08000fa8       0x18 PAL\STM32F205\Middlewares\ST\STM32_USB_Device_Library\Core\Src\usbd_core.o
                0x08000fa8                USBD_Start
 .text.USBD_RunTestMode
                0x08000fc0       0x18 PAL\STM32F205\Middlewares\ST\STM32_USB_Device_Library\Core\Src\usbd_core.o
                0x08000fc0                USBD_RunTestMode
 .text.USBD_SetClassConfig
                0x08000fd8       0x40 PAL\STM32F205\Middlewares\ST\STM32_USB_Device_Library\Core\Src\usbd_core.o
                0x08000fd8                USBD_SetClassConfig
 .text.USBD_ClrClassConfig
                0x08001018       0x28 PAL\STM32F205\Middlewares\ST\STM32_USB_Device_Library\Core\Src\usbd_core.o
                0x08001018                USBD_ClrClassConfig
 .text.USBD_LL_SetupStage
                0x08001040       0x94 PAL\STM32F205\Middlewares\ST\STM32_USB_Device_Library\Core\Src\usbd_core.o
                0x08001040                USBD_LL_SetupStage
 .text.USBD_LL_DataOutStage
                0x080010d4       0xb8 PAL\STM32F205\Middlewares\ST\STM32_USB_Device_Library\Core\Src\usbd_core.o
                0x080010d4                USBD_LL_DataOutStage
 .text.USBD_LL_DataInStage
                0x0800118c      0x120 PAL\STM32F205\Middlewares\ST\STM32_USB_Device_Library\Core\Src\usbd_core.o
                0x0800118c                USBD_LL_DataInStage
 .text.USBD_LL_Reset
                0x080012ac       0x60 PAL\STM32F205\Middlewares\ST\STM32_USB_Device_Library\Core\Src\usbd_core.o
                0x080012ac                USBD_LL_Reset
 .text.USBD_LL_SetSpeed
                0x0800130c       0x20 PAL\STM32F205\Middlewares\ST\STM32_USB_Device_Library\Core\Src\usbd_core.o
                0x0800130c                USBD_LL_SetSpeed
 .text.USBD_LL_Suspend
                0x0800132c       0x2c PAL\STM32F205\Middlewares\ST\STM32_USB_Device_Library\Core\Src\usbd_core.o
                0x0800132c                USBD_LL_Suspend
 .text.USBD_LL_Resume
                0x08001358       0x24 PAL\STM32F205\Middlewares\ST\STM32_USB_Device_Library\Core\Src\usbd_core.o
                0x08001358                USBD_LL_Resume
 .text.USBD_LL_SOF
                0x0800137c       0x34 PAL\STM32F205\Middlewares\ST\STM32_USB_Device_Library\Core\Src\usbd_core.o
                0x0800137c                USBD_LL_SOF
 .text.USBD_LL_IsoINIncomplete
                0x080013b0       0x1c PAL\STM32F205\Middlewares\ST\STM32_USB_Device_Library\Core\Src\usbd_core.o
                0x080013b0                USBD_LL_IsoINIncomplete
 .text.USBD_LL_IsoOUTIncomplete
                0x080013cc       0x1c PAL\STM32F205\Middlewares\ST\STM32_USB_Device_Library\Core\Src\usbd_core.o
                0x080013cc                USBD_LL_IsoOUTIncomplete
 .text.USBD_LL_DevConnected
                0x080013e8       0x18 PAL\STM32F205\Middlewares\ST\STM32_USB_Device_Library\Core\Src\usbd_core.o
                0x080013e8                USBD_LL_DevConnected
 .text.USBD_LL_DevDisconnected
                0x08001400       0x30 PAL\STM32F205\Middlewares\ST\STM32_USB_Device_Library\Core\Src\usbd_core.o
                0x08001400                USBD_LL_DevDisconnected
 .text.HAL_PCD_MspInit
                0x08001430       0x7c PAL\STM32F205\Middlewares\ST\STM32_USB_Device_Library\Core\Src\usbd_conf.o
                0x08001430                HAL_PCD_MspInit
 .text.HAL_PCD_SetupStageCallback
                0x080014ac       0x24 PAL\STM32F205\Middlewares\ST\STM32_USB_Device_Library\Core\Src\usbd_conf.o
                0x080014ac                HAL_PCD_SetupStageCallback
 .text.HAL_PCD_DataOutStageCallback
                0x080014d0       0x38 PAL\STM32F205\Middlewares\ST\STM32_USB_Device_Library\Core\Src\usbd_conf.o
                0x080014d0                HAL_PCD_DataOutStageCallback
 .text.HAL_PCD_DataInStageCallback
                0x08001508       0x38 PAL\STM32F205\Middlewares\ST\STM32_USB_Device_Library\Core\Src\usbd_conf.o
                0x08001508                HAL_PCD_DataInStageCallback
 .text.HAL_PCD_SOFCallback
                0x08001540       0x1c PAL\STM32F205\Middlewares\ST\STM32_USB_Device_Library\Core\Src\usbd_conf.o
                0x08001540                HAL_PCD_SOFCallback
 .text.HAL_PCD_ResetCallback
                0x0800155c       0x50 PAL\STM32F205\Middlewares\ST\STM32_USB_Device_Library\Core\Src\usbd_conf.o
                0x0800155c                HAL_PCD_ResetCallback
 .text.HAL_PCD_SuspendCallback
                0x080015ac       0x4c PAL\STM32F205\Middlewares\ST\STM32_USB_Device_Library\Core\Src\usbd_conf.o
                0x080015ac                HAL_PCD_SuspendCallback
 .text.HAL_PCD_ResumeCallback
                0x080015f8       0x1c PAL\STM32F205\Middlewares\ST\STM32_USB_Device_Library\Core\Src\usbd_conf.o
                0x080015f8                HAL_PCD_ResumeCallback
 .text.HAL_PCD_ISOOUTIncompleteCallback
                0x08001614       0x24 PAL\STM32F205\Middlewares\ST\STM32_USB_Device_Library\Core\Src\usbd_conf.o
                0x08001614                HAL_PCD_ISOOUTIncompleteCallback
 .text.HAL_PCD_ISOINIncompleteCallback
                0x08001638       0x24 PAL\STM32F205\Middlewares\ST\STM32_USB_Device_Library\Core\Src\usbd_conf.o
                0x08001638                HAL_PCD_ISOINIncompleteCallback
 .text.HAL_PCD_ConnectCallback
                0x0800165c       0x1c PAL\STM32F205\Middlewares\ST\STM32_USB_Device_Library\Core\Src\usbd_conf.o
                0x0800165c                HAL_PCD_ConnectCallback
 .text.HAL_PCD_DisconnectCallback
                0x08001678       0x1c PAL\STM32F205\Middlewares\ST\STM32_USB_Device_Library\Core\Src\usbd_conf.o
                0x08001678                HAL_PCD_DisconnectCallback
 .text.USBD_LL_Init
                0x08001694       0x90 PAL\STM32F205\Middlewares\ST\STM32_USB_Device_Library\Core\Src\usbd_conf.o
                0x08001694                USBD_LL_Init
 .text.USBD_LL_Start
                0x08001724       0x20 PAL\STM32F205\Middlewares\ST\STM32_USB_Device_Library\Core\Src\usbd_conf.o
                0x08001724                USBD_LL_Start
 .text.USBD_LL_OpenEP
                0x08001744       0x28 PAL\STM32F205\Middlewares\ST\STM32_USB_Device_Library\Core\Src\usbd_conf.o
                0x08001744                USBD_LL_OpenEP
 .text.USBD_LL_CloseEP
                0x0800176c       0x28 PAL\STM32F205\Middlewares\ST\STM32_USB_Device_Library\Core\Src\usbd_conf.o
                0x0800176c                USBD_LL_CloseEP
 .text.USBD_LL_StallEP
                0x08001794       0x28 PAL\STM32F205\Middlewares\ST\STM32_USB_Device_Library\Core\Src\usbd_conf.o
                0x08001794                USBD_LL_StallEP
 .text.USBD_LL_ClearStallEP
                0x080017bc       0x28 PAL\STM32F205\Middlewares\ST\STM32_USB_Device_Library\Core\Src\usbd_conf.o
                0x080017bc                USBD_LL_ClearStallEP
 .text.USBD_LL_IsStallEP
                0x080017e4       0x58 PAL\STM32F205\Middlewares\ST\STM32_USB_Device_Library\Core\Src\usbd_conf.o
                0x080017e4                USBD_LL_IsStallEP
 .text.USBD_LL_SetUSBAddress
                0x0800183c       0x28 PAL\STM32F205\Middlewares\ST\STM32_USB_Device_Library\Core\Src\usbd_conf.o
                0x0800183c                USBD_LL_SetUSBAddress
 .text.USBD_LL_Transmit
                0x08001864       0x30 PAL\STM32F205\Middlewares\ST\STM32_USB_Device_Library\Core\Src\usbd_conf.o
                0x08001864                USBD_LL_Transmit
 .text.USBD_LL_PrepareReceive
                0x08001894       0x30 PAL\STM32F205\Middlewares\ST\STM32_USB_Device_Library\Core\Src\usbd_conf.o
                0x08001894                USBD_LL_PrepareReceive
 .text.USBD_LL_GetRxDataSize
                0x080018c4       0x28 PAL\STM32F205\Middlewares\ST\STM32_USB_Device_Library\Core\Src\usbd_conf.o
                0x080018c4                USBD_LL_GetRxDataSize
 .text.USBD_FS_DeviceDescriptor
                0x080018ec       0x24 PAL\STM32F205\Middlewares\ST\STM32_USB_Device_Library\Class\CDC\Src\usbd_desc.o
                0x080018ec                USBD_FS_DeviceDescriptor
 .text.USBD_FS_LangIDStrDescriptor
                0x08001910       0x24 PAL\STM32F205\Middlewares\ST\STM32_USB_Device_Library\Class\CDC\Src\usbd_desc.o
                0x08001910                USBD_FS_LangIDStrDescriptor
 .text.USBD_FS_ProductStrDescriptor
                0x08001934       0x3c PAL\STM32F205\Middlewares\ST\STM32_USB_Device_Library\Class\CDC\Src\usbd_desc.o
                0x08001934                USBD_FS_ProductStrDescriptor
 .text.USBD_FS_ManufacturerStrDescriptor
                0x08001970       0x28 PAL\STM32F205\Middlewares\ST\STM32_USB_Device_Library\Class\CDC\Src\usbd_desc.o
                0x08001970                USBD_FS_ManufacturerStrDescriptor
 .text.USBD_FS_SerialStrDescriptor
                0x08001998       0x3c PAL\STM32F205\Middlewares\ST\STM32_USB_Device_Library\Class\CDC\Src\usbd_desc.o
                0x08001998                USBD_FS_SerialStrDescriptor
 .text.USBD_FS_ConfigStrDescriptor
                0x080019d4       0x3c PAL\STM32F205\Middlewares\ST\STM32_USB_Device_Library\Class\CDC\Src\usbd_desc.o
                0x080019d4                USBD_FS_ConfigStrDescriptor
 .text.USBD_FS_InterfaceStrDescriptor
                0x08001a10       0x3c PAL\STM32F205\Middlewares\ST\STM32_USB_Device_Library\Class\CDC\Src\usbd_desc.o
                0x08001a10                USBD_FS_InterfaceStrDescriptor
 .text._ZL11CDC_Init_FSv
                0x08001a4c       0x3c PAL\STM32F205\Middlewares\ST\STM32_USB_Device_Library\Class\CDC\Src\usbd_cdc_if.o
 .text._ZL13CDC_DeInit_FSv
                0x08001a88       0x14 PAL\STM32F205\Middlewares\ST\STM32_USB_Device_Library\Class\CDC\Src\usbd_cdc_if.o
 .text._ZL14CDC_Control_FShPht
                0x08001a9c       0xc0 PAL\STM32F205\Middlewares\ST\STM32_USB_Device_Library\Class\CDC\Src\usbd_cdc_if.o
 .text._ZL14CDC_Receive_FSPhPm
                0x08001b5c       0x4c PAL\STM32F205\Middlewares\ST\STM32_USB_Device_Library\Class\CDC\Src\usbd_cdc_if.o
 .text.CDC_Transmit_FS
                0x08001ba8       0x68 PAL\STM32F205\Middlewares\ST\STM32_USB_Device_Library\Class\CDC\Src\usbd_cdc_if.o
                0x08001ba8                CDC_Transmit_FS
 .text._Z41__static_initialization_and_destruction_0ii
                0x08001c10       0x3c PAL\STM32F205\Middlewares\ST\STM32_USB_Device_Library\Class\CDC\Src\usbd_cdc_if.o
 .text._GLOBAL__sub_I_UserRxBufferFS
                0x08001c4c       0x10 PAL\STM32F205\Middlewares\ST\STM32_USB_Device_Library\Class\CDC\Src\usbd_cdc_if.o
 .text.USBD_CDC_Init
                0x08001c5c       0xd8 PAL\STM32F205\Middlewares\ST\STM32_USB_Device_Library\Class\CDC\Src\usbd_cdc.o
 .text.USBD_CDC_DeInit
                0x08001d34       0x5c PAL\STM32F205\Middlewares\ST\STM32_USB_Device_Library\Class\CDC\Src\usbd_cdc.o
 .text.USBD_CDC_Setup
                0x08001d90       0xc4 PAL\STM32F205\Middlewares\ST\STM32_USB_Device_Library\Class\CDC\Src\usbd_cdc.o
 .text.USBD_CDC_DataIn
                0x08001e54       0x38 PAL\STM32F205\Middlewares\ST\STM32_USB_Device_Library\Class\CDC\Src\usbd_cdc.o
 .text.USBD_CDC_DataOut
                0x08001e8c       0x58 PAL\STM32F205\Middlewares\ST\STM32_USB_Device_Library\Class\CDC\Src\usbd_cdc.o
 .text.USBD_CDC_EP0_RxReady
                0x08001ee4       0x50 PAL\STM32F205\Middlewares\ST\STM32_USB_Device_Library\Class\CDC\Src\usbd_cdc.o
 .text.USBD_CDC_GetFSCfgDesc
                0x08001f34       0x20 PAL\STM32F205\Middlewares\ST\STM32_USB_Device_Library\Class\CDC\Src\usbd_cdc.o
 .text.USBD_CDC_GetHSCfgDesc
                0x08001f54       0x20 PAL\STM32F205\Middlewares\ST\STM32_USB_Device_Library\Class\CDC\Src\usbd_cdc.o
 .text.USBD_CDC_GetOtherSpeedCfgDesc
                0x08001f74       0x20 PAL\STM32F205\Middlewares\ST\STM32_USB_Device_Library\Class\CDC\Src\usbd_cdc.o
 .text.USBD_CDC_GetDeviceQualifierDescriptor
                0x08001f94       0x20 PAL\STM32F205\Middlewares\ST\STM32_USB_Device_Library\Class\CDC\Src\usbd_cdc.o
                0x08001f94                USBD_CDC_GetDeviceQualifierDescriptor
 .text.USBD_CDC_RegisterInterface
                0x08001fb4       0x30 PAL\STM32F205\Middlewares\ST\STM32_USB_Device_Library\Class\CDC\Src\usbd_cdc.o
                0x08001fb4                USBD_CDC_RegisterInterface
 .text.USBD_CDC_SetTxBuffer
                0x08001fe4       0x34 PAL\STM32F205\Middlewares\ST\STM32_USB_Device_Library\Class\CDC\Src\usbd_cdc.o
                0x08001fe4                USBD_CDC_SetTxBuffer
 .text.USBD_CDC_SetRxBuffer
                0x08002018       0x28 PAL\STM32F205\Middlewares\ST\STM32_USB_Device_Library\Class\CDC\Src\usbd_cdc.o
                0x08002018                USBD_CDC_SetRxBuffer
 .text.USBD_CDC_TransmitPacket
                0x08002040       0x54 PAL\STM32F205\Middlewares\ST\STM32_USB_Device_Library\Class\CDC\Src\usbd_cdc.o
                0x08002040                USBD_CDC_TransmitPacket
 .text.USBD_CDC_ReceivePacket
                0x08002094       0x58 PAL\STM32F205\Middlewares\ST\STM32_USB_Device_Library\Class\CDC\Src\usbd_cdc.o
                0x08002094                USBD_CDC_ReceivePacket
 .text.xTaskGenericCreate
                0x080020ec      0x164 PAL\STM32F205\Middlewares\FreeRTOS\Source\tasks.o
                0x080020ec                xTaskGenericCreate
 .text.vTaskDelete
                0x08002250       0xe8 PAL\STM32F205\Middlewares\FreeRTOS\Source\tasks.o
                0x08002250                vTaskDelete
 .text.vTaskDelay
                0x08002338       0x84 PAL\STM32F205\Middlewares\FreeRTOS\Source\tasks.o
                0x08002338                vTaskDelay
 .text.vTaskStartScheduler
                0x080023bc       0x64 PAL\STM32F205\Middlewares\FreeRTOS\Source\tasks.o
                0x080023bc                vTaskStartScheduler
 .text.vTaskSuspendAll
                0x08002420       0x1c PAL\STM32F205\Middlewares\FreeRTOS\Source\tasks.o
                0x08002420                vTaskSuspendAll
 .text.xTaskResumeAll
                0x0800243c      0x108 PAL\STM32F205\Middlewares\FreeRTOS\Source\tasks.o
                0x0800243c                xTaskResumeAll
 .text.xTaskIncrementTick
                0x08002544      0x16c PAL\STM32F205\Middlewares\FreeRTOS\Source\tasks.o
                0x08002544                xTaskIncrementTick
 .text.vTaskSwitchContext
                0x080026b0       0xa0 PAL\STM32F205\Middlewares\FreeRTOS\Source\tasks.o
                0x080026b0                vTaskSwitchContext
 .text.vTaskPlaceOnEventList
                0x08002750       0x8c PAL\STM32F205\Middlewares\FreeRTOS\Source\tasks.o
                0x08002750                vTaskPlaceOnEventList
 .text.xTaskRemoveFromEventList
                0x080027dc       0xb4 PAL\STM32F205\Middlewares\FreeRTOS\Source\tasks.o
                0x080027dc                xTaskRemoveFromEventList
 .text.vTaskSetTimeOutState
                0x08002890       0x34 PAL\STM32F205\Middlewares\FreeRTOS\Source\tasks.o
                0x08002890                vTaskSetTimeOutState
 .text.xTaskCheckForTimeOut
                0x080028c4       0xa0 PAL\STM32F205\Middlewares\FreeRTOS\Source\tasks.o
                0x080028c4                xTaskCheckForTimeOut
 .text.vTaskMissedYield
                0x08002964       0x18 PAL\STM32F205\Middlewares\FreeRTOS\Source\tasks.o
                0x08002964                vTaskMissedYield
 .text.prvIdleTask
                0x0800297c       0x20 PAL\STM32F205\Middlewares\FreeRTOS\Source\tasks.o
 .text.prvInitialiseTCBVariables
                0x0800299c       0xa4 PAL\STM32F205\Middlewares\FreeRTOS\Source\tasks.o
 .text.prvInitialiseTaskLists
                0x08002a40       0x7c PAL\STM32F205\Middlewares\FreeRTOS\Source\tasks.o
 .text.prvCheckTasksWaitingTermination
                0x08002abc       0x74 PAL\STM32F205\Middlewares\FreeRTOS\Source\tasks.o
 .text.prvAddCurrentTaskToDelayedList
                0x08002b30       0x6c PAL\STM32F205\Middlewares\FreeRTOS\Source\tasks.o
 .text.prvAllocateTCBAndStack
                0x08002b9c       0x70 PAL\STM32F205\Middlewares\FreeRTOS\Source\tasks.o
 .text.prvDeleteTCB
                0x08002c0c       0x20 PAL\STM32F205\Middlewares\FreeRTOS\Source\tasks.o
 .text.prvResetNextTaskUnblockTime
                0x08002c2c       0x48 PAL\STM32F205\Middlewares\FreeRTOS\Source\tasks.o
 .text.xTaskGetSchedulerState
                0x08002c74       0x3c PAL\STM32F205\Middlewares\FreeRTOS\Source\tasks.o
                0x08002c74                xTaskGetSchedulerState
 .text.vTaskPriorityInherit
                0x08002cb0       0xec PAL\STM32F205\Middlewares\FreeRTOS\Source\tasks.o
                0x08002cb0                vTaskPriorityInherit
 .text.xTaskPriorityDisinherit
                0x08002d9c       0xec PAL\STM32F205\Middlewares\FreeRTOS\Source\tasks.o
                0x08002d9c                xTaskPriorityDisinherit
 .text.pvTaskIncrementMutexHeldCount
                0x08002e88       0x28 PAL\STM32F205\Middlewares\FreeRTOS\Source\tasks.o
                0x08002e88                pvTaskIncrementMutexHeldCount
 .text.xQueueGenericReset
                0x08002eb0       0xb0 PAL\STM32F205\Middlewares\FreeRTOS\Source\queue.o
                0x08002eb0                xQueueGenericReset
 .text.xQueueGenericCreate
                0x08002f60       0x9c PAL\STM32F205\Middlewares\FreeRTOS\Source\queue.o
                0x08002f60                xQueueGenericCreate
 .text.xQueueCreateMutex
                0x08002ffc       0x90 PAL\STM32F205\Middlewares\FreeRTOS\Source\queue.o
                0x08002ffc                xQueueCreateMutex
 .text.xQueueGenericSend
                0x0800308c      0x18c PAL\STM32F205\Middlewares\FreeRTOS\Source\queue.o
                0x0800308c                xQueueGenericSend
 .text.xQueueGenericSendFromISR
                0x08003218       0xd4 PAL\STM32F205\Middlewares\FreeRTOS\Source\queue.o
                0x08003218                xQueueGenericSendFromISR
 .text.xQueueGiveFromISR
                0x080032ec       0xbc PAL\STM32F205\Middlewares\FreeRTOS\Source\queue.o
                0x080032ec                xQueueGiveFromISR
 .text.xQueueGenericReceive
                0x080033a8      0x1bc PAL\STM32F205\Middlewares\FreeRTOS\Source\queue.o
                0x080033a8                xQueueGenericReceive
 .text.xQueueReceiveFromISR
                0x08003564       0xb4 PAL\STM32F205\Middlewares\FreeRTOS\Source\queue.o
                0x08003564                xQueueReceiveFromISR
 .text.prvCopyDataToQueue
                0x08003618       0xdc PAL\STM32F205\Middlewares\FreeRTOS\Source\queue.o
 .text.prvCopyDataFromQueue
                0x080036f4       0x4c PAL\STM32F205\Middlewares\FreeRTOS\Source\queue.o
 .text.prvUnlockQueue
                0x08003740       0x98 PAL\STM32F205\Middlewares\FreeRTOS\Source\queue.o
 .text.prvIsQueueEmpty
                0x080037d8       0x2c PAL\STM32F205\Middlewares\FreeRTOS\Source\queue.o
 .text.prvIsQueueFull
                0x08003804       0x30 PAL\STM32F205\Middlewares\FreeRTOS\Source\queue.o
 .text.pvPortMalloc
                0x08003834      0x158 PAL\STM32F205\Middlewares\FreeRTOS\Source\portable\MemMang\heap_4.o
                0x08003834                pvPortMalloc
 .text.vPortFree
                0x0800398c       0x94 PAL\STM32F205\Middlewares\FreeRTOS\Source\portable\MemMang\heap_4.o
                0x0800398c                vPortFree
 .text.prvHeapInit
                0x08003a20       0xc4 PAL\STM32F205\Middlewares\FreeRTOS\Source\portable\MemMang\heap_4.o
 .text.prvInsertBlockIntoFreeList
                0x08003ae4       0xb0 PAL\STM32F205\Middlewares\FreeRTOS\Source\portable\MemMang\heap_4.o
 .text.pxPortInitialiseStack
                0x08003b94       0x58 PAL\STM32F205\Middlewares\FreeRTOS\Source\portable\GCC\ARM_CM3\port.o
                0x08003b94                pxPortInitialiseStack
 .text.prvTaskExitError
                0x08003bec       0x20 PAL\STM32F205\Middlewares\FreeRTOS\Source\portable\GCC\ARM_CM3\port.o
 .text.SVC_Handler
                0x08003c0c       0x24 PAL\STM32F205\Middlewares\FreeRTOS\Source\portable\GCC\ARM_CM3\port.o
                0x08003c0c                SVC_Handler
 .text.prvPortStartFirstTask
                0x08003c30       0x20 PAL\STM32F205\Middlewares\FreeRTOS\Source\portable\GCC\ARM_CM3\port.o
 .text.xPortStartScheduler
                0x08003c50       0xbc PAL\STM32F205\Middlewares\FreeRTOS\Source\portable\GCC\ARM_CM3\port.o
                0x08003c50                xPortStartScheduler
 .text.vPortYield
                0x08003d0c       0x20 PAL\STM32F205\Middlewares\FreeRTOS\Source\portable\GCC\ARM_CM3\port.o
                0x08003d0c                vPortYield
 .text.vPortEnterCritical
                0x08003d2c       0x3c PAL\STM32F205\Middlewares\FreeRTOS\Source\portable\GCC\ARM_CM3\port.o
                0x08003d2c                vPortEnterCritical
 .text.vPortExitCritical
                0x08003d68       0x30 PAL\STM32F205\Middlewares\FreeRTOS\Source\portable\GCC\ARM_CM3\port.o
                0x08003d68                vPortExitCritical
 .text.ulPortSetInterruptMask
                0x08003d98       0x14 PAL\STM32F205\Middlewares\FreeRTOS\Source\portable\GCC\ARM_CM3\port.o
                0x08003d98                ulPortSetInterruptMask
 .text.vPortClearInterruptMask
                0x08003dac        0x8 PAL\STM32F205\Middlewares\FreeRTOS\Source\portable\GCC\ARM_CM3\port.o
                0x08003dac                vPortClearInterruptMask
 .text.PendSV_Handler
                0x08003db4       0x44 PAL\STM32F205\Middlewares\FreeRTOS\Source\portable\GCC\ARM_CM3\port.o
                0x08003db4                PendSV_Handler
 .text.xPortSysTickHandler
                0x08003df8       0x28 PAL\STM32F205\Middlewares\FreeRTOS\Source\portable\GCC\ARM_CM3\port.o
                0x08003df8                xPortSysTickHandler
 .text.vPortSetupTimerInterrupt
                0x08003e20       0x34 PAL\STM32F205\Middlewares\FreeRTOS\Source\portable\GCC\ARM_CM3\port.o
                0x08003e20                vPortSetupTimerInterrupt
 .text.vPortValidateInterruptPriority
                0x08003e54       0x58 PAL\STM32F205\Middlewares\FreeRTOS\Source\portable\GCC\ARM_CM3\port.o
                0x08003e54                vPortValidateInterruptPriority
 .text.vListInitialise
                0x08003eac       0x40 PAL\STM32F205\Middlewares\FreeRTOS\Source\list.o
                0x08003eac                vListInitialise
 .text.vListInitialiseItem
                0x08003eec       0x18 PAL\STM32F205\Middlewares\FreeRTOS\Source\list.o
                0x08003eec                vListInitialiseItem
 .text.vListInsertEnd
                0x08003f04       0x48 PAL\STM32F205\Middlewares\FreeRTOS\Source\list.o
                0x08003f04                vListInsertEnd
 .text.vListInsert
                0x08003f4c       0x70 PAL\STM32F205\Middlewares\FreeRTOS\Source\list.o
                0x08003f4c                vListInsert
 .text.uxListRemove
                0x08003fbc       0x54 PAL\STM32F205\Middlewares\FreeRTOS\Source\list.o
                0x08003fbc                uxListRemove
 .text.makeFreeRtosPriority
                0x08004010       0x30 PAL\STM32F205\Middlewares\FreeRTOS\Source\CMSIS_RTOS\cmsis_os.o
 .text.inHandlerMode
                0x08004040       0x24 PAL\STM32F205\Middlewares\FreeRTOS\Source\CMSIS_RTOS\cmsis_os.o
 .text.osKernelStart
                0x08004064       0x10 PAL\STM32F205\Middlewares\FreeRTOS\Source\CMSIS_RTOS\cmsis_os.o
                0x08004064                osKernelStart
 .text.osThreadCreate
                0x08004074       0x58 PAL\STM32F205\Middlewares\FreeRTOS\Source\CMSIS_RTOS\cmsis_os.o
                0x08004074                osThreadCreate
 .text.osThreadTerminate
                0x080040cc       0x18 PAL\STM32F205\Middlewares\FreeRTOS\Source\CMSIS_RTOS\cmsis_os.o
                0x080040cc                osThreadTerminate
 .text.osDelay  0x080040e4       0x28 PAL\STM32F205\Middlewares\FreeRTOS\Source\CMSIS_RTOS\cmsis_os.o
                0x080040e4                osDelay
 .text.osTimerCreate
                0x0800410c       0x1c PAL\STM32F205\Middlewares\FreeRTOS\Source\CMSIS_RTOS\cmsis_os.o
                0x0800410c                osTimerCreate
 .text.osMutexCreate
                0x08004128       0x18 PAL\STM32F205\Middlewares\FreeRTOS\Source\CMSIS_RTOS\cmsis_os.o
                0x08004128                osMutexCreate
 .text.osMutexWait
                0x08004140       0x98 PAL\STM32F205\Middlewares\FreeRTOS\Source\CMSIS_RTOS\cmsis_os.o
                0x08004140                osMutexWait
 .text.osMutexRelease
                0x080041d8       0x64 PAL\STM32F205\Middlewares\FreeRTOS\Source\CMSIS_RTOS\cmsis_os.o
                0x080041d8                osMutexRelease
 .text.osMessageCreate
                0x0800423c       0x28 PAL\STM32F205\Middlewares\FreeRTOS\Source\CMSIS_RTOS\cmsis_os.o
                0x0800423c                osMessageCreate
 .text.osMessagePut
                0x08004264       0x80 PAL\STM32F205\Middlewares\FreeRTOS\Source\CMSIS_RTOS\cmsis_os.o
                0x08004264                osMessagePut
 .text.osMessageGet
                0x080042e4       0xdc PAL\STM32F205\Middlewares\FreeRTOS\Source\CMSIS_RTOS\cmsis_os.o
                0x080042e4                osMessageGet
 .text.osSystickHandler
                0x080043c0       0x14 PAL\STM32F205\Middlewares\FreeRTOS\Source\CMSIS_RTOS\cmsis_os.o
                0x080043c0                osSystickHandler
 .text.USB_CoreInit
                0x080043d4       0xa4 PAL\STM32F205\Drivers\STM32F2xx_HAL_Driver\Src\stm32f2xx_ll_usb.o
                0x080043d4                USB_CoreInit
 .text.USB_EnableGlobalInt
                0x08004478       0x24 PAL\STM32F205\Drivers\STM32F2xx_HAL_Driver\Src\stm32f2xx_ll_usb.o
                0x08004478                USB_EnableGlobalInt
 .text.USB_DisableGlobalInt
                0x0800449c       0x24 PAL\STM32F205\Drivers\STM32F2xx_HAL_Driver\Src\stm32f2xx_ll_usb.o
                0x0800449c                USB_DisableGlobalInt
 .text.USB_SetCurrentMode
                0x080044c0       0x50 PAL\STM32F205\Drivers\STM32F2xx_HAL_Driver\Src\stm32f2xx_ll_usb.o
                0x080044c0                USB_SetCurrentMode
 .text.USB_DevInit
                0x08004510      0x238 PAL\STM32F205\Drivers\STM32F2xx_HAL_Driver\Src\stm32f2xx_ll_usb.o
                0x08004510                USB_DevInit
 .text.USB_FlushTxFifo
                0x08004748       0x4c PAL\STM32F205\Drivers\STM32F2xx_HAL_Driver\Src\stm32f2xx_ll_usb.o
                0x08004748                USB_FlushTxFifo
 .text.USB_FlushRxFifo
                0x08004794       0x44 PAL\STM32F205\Drivers\STM32F2xx_HAL_Driver\Src\stm32f2xx_ll_usb.o
                0x08004794                USB_FlushRxFifo
 .text.USB_SetDevSpeed
                0x080047d8       0x30 PAL\STM32F205\Drivers\STM32F2xx_HAL_Driver\Src\stm32f2xx_ll_usb.o
                0x080047d8                USB_SetDevSpeed
 .text.USB_GetDevSpeed
                0x08004808       0x6c PAL\STM32F205\Drivers\STM32F2xx_HAL_Driver\Src\stm32f2xx_ll_usb.o
                0x08004808                USB_GetDevSpeed
 .text.USB_ActivateEndpoint
                0x08004874      0x110 PAL\STM32F205\Drivers\STM32F2xx_HAL_Driver\Src\stm32f2xx_ll_usb.o
                0x08004874                USB_ActivateEndpoint
 .text.USB_DeactivateEndpoint
                0x08004984       0xec PAL\STM32F205\Drivers\STM32F2xx_HAL_Driver\Src\stm32f2xx_ll_usb.o
                0x08004984                USB_DeactivateEndpoint
 .text.USB_EPStartXfer
                0x08004a70      0x464 PAL\STM32F205\Drivers\STM32F2xx_HAL_Driver\Src\stm32f2xx_ll_usb.o
                0x08004a70                USB_EPStartXfer
 .text.USB_EP0StartXfer
                0x08004ed4      0x2a8 PAL\STM32F205\Drivers\STM32F2xx_HAL_Driver\Src\stm32f2xx_ll_usb.o
                0x08004ed4                USB_EP0StartXfer
 .text.USB_WritePacket
                0x0800517c       0x68 PAL\STM32F205\Drivers\STM32F2xx_HAL_Driver\Src\stm32f2xx_ll_usb.o
                0x0800517c                USB_WritePacket
 .text.USB_ReadPacket
                0x080051e4       0x54 PAL\STM32F205\Drivers\STM32F2xx_HAL_Driver\Src\stm32f2xx_ll_usb.o
                0x080051e4                USB_ReadPacket
 .text.USB_EPSetStall
                0x08005238       0xdc PAL\STM32F205\Drivers\STM32F2xx_HAL_Driver\Src\stm32f2xx_ll_usb.o
                0x08005238                USB_EPSetStall
 .text.USB_EPClearStall
                0x08005314       0xd4 PAL\STM32F205\Drivers\STM32F2xx_HAL_Driver\Src\stm32f2xx_ll_usb.o
                0x08005314                USB_EPClearStall
 .text.USB_SetDevAddress
                0x080053e8       0x48 PAL\STM32F205\Drivers\STM32F2xx_HAL_Driver\Src\stm32f2xx_ll_usb.o
                0x080053e8                USB_SetDevAddress
 .text.USB_DevConnect
                0x08005430       0x2c PAL\STM32F205\Drivers\STM32F2xx_HAL_Driver\Src\stm32f2xx_ll_usb.o
                0x08005430                USB_DevConnect
 .text.USB_DevDisconnect
                0x0800545c       0x2c PAL\STM32F205\Drivers\STM32F2xx_HAL_Driver\Src\stm32f2xx_ll_usb.o
                0x0800545c                USB_DevDisconnect
 .text.USB_ReadInterrupts
                0x08005488       0x2c PAL\STM32F205\Drivers\STM32F2xx_HAL_Driver\Src\stm32f2xx_ll_usb.o
                0x08005488                USB_ReadInterrupts
 .text.USB_ReadDevAllOutEpInterrupt
                0x080054b4       0x30 PAL\STM32F205\Drivers\STM32F2xx_HAL_Driver\Src\stm32f2xx_ll_usb.o
                0x080054b4                USB_ReadDevAllOutEpInterrupt
 .text.USB_ReadDevAllInEpInterrupt
                0x080054e4       0x30 PAL\STM32F205\Drivers\STM32F2xx_HAL_Driver\Src\stm32f2xx_ll_usb.o
                0x080054e4                USB_ReadDevAllInEpInterrupt
 .text.USB_ReadDevOutEPInterrupt
                0x08005514       0x38 PAL\STM32F205\Drivers\STM32F2xx_HAL_Driver\Src\stm32f2xx_ll_usb.o
                0x08005514                USB_ReadDevOutEPInterrupt
 .text.USB_ReadDevInEPInterrupt
                0x0800554c       0x54 PAL\STM32F205\Drivers\STM32F2xx_HAL_Driver\Src\stm32f2xx_ll_usb.o
                0x0800554c                USB_ReadDevInEPInterrupt
 .text.USB_GetMode
                0x080055a0       0x1c PAL\STM32F205\Drivers\STM32F2xx_HAL_Driver\Src\stm32f2xx_ll_usb.o
                0x080055a0                USB_GetMode
 .text.USB_ActivateSetup
                0x080055bc       0x68 PAL\STM32F205\Drivers\STM32F2xx_HAL_Driver\Src\stm32f2xx_ll_usb.o
                0x080055bc                USB_ActivateSetup
 .text.USB_EP0_OutStart
                0x08005624       0x80 PAL\STM32F205\Drivers\STM32F2xx_HAL_Driver\Src\stm32f2xx_ll_usb.o
                0x08005624                USB_EP0_OutStart
 .text.USB_CoreReset
                0x080056a4       0x68 PAL\STM32F205\Drivers\STM32F2xx_HAL_Driver\Src\stm32f2xx_ll_usb.o
 .text.HAL_UART_Init
                0x0800570c       0x94 PAL\STM32F205\Drivers\STM32F2xx_HAL_Driver\Src\stm32f2xx_hal_uart.o
                0x0800570c                HAL_UART_Init
 .text.HAL_UART_Receive_IT
                0x080057a0       0xd0 PAL\STM32F205\Drivers\STM32F2xx_HAL_Driver\Src\stm32f2xx_hal_uart.o
                0x080057a0                HAL_UART_Receive_IT
 .text.HAL_UART_Transmit_DMA
                0x08005870       0xf4 PAL\STM32F205\Drivers\STM32F2xx_HAL_Driver\Src\stm32f2xx_hal_uart.o
                0x08005870                HAL_UART_Transmit_DMA
 .text.HAL_UART_IRQHandler
                0x08005964      0x208 PAL\STM32F205\Drivers\STM32F2xx_HAL_Driver\Src\stm32f2xx_hal_uart.o
                0x08005964                HAL_UART_IRQHandler
 .text.HAL_UART_TxCpltCallback
                0x08005b6c       0x14 PAL\STM32F205\Drivers\STM32F2xx_HAL_Driver\Src\stm32f2xx_hal_uart.o
                0x08005b6c                HAL_UART_TxCpltCallback
 .text.HAL_UART_TxHalfCpltCallback
                0x08005b80       0x14 PAL\STM32F205\Drivers\STM32F2xx_HAL_Driver\Src\stm32f2xx_hal_uart.o
                0x08005b80                HAL_UART_TxHalfCpltCallback
 .text.UART_DMATransmitCplt
                0x08005b94       0x50 PAL\STM32F205\Drivers\STM32F2xx_HAL_Driver\Src\stm32f2xx_hal_uart.o
 .text.UART_DMATxHalfCplt
                0x08005be4       0x1c PAL\STM32F205\Drivers\STM32F2xx_HAL_Driver\Src\stm32f2xx_hal_uart.o
 .text.UART_DMAError
                0x08005c00       0x3c PAL\STM32F205\Drivers\STM32F2xx_HAL_Driver\Src\stm32f2xx_hal_uart.o
 .text.UART_Transmit_IT
                0x08005c3c       0xb8 PAL\STM32F205\Drivers\STM32F2xx_HAL_Driver\Src\stm32f2xx_hal_uart.o
 .text.UART_EndTransmit_IT
                0x08005cf4       0x48 PAL\STM32F205\Drivers\STM32F2xx_HAL_Driver\Src\stm32f2xx_hal_uart.o
 .text.UART_Receive_IT
                0x08005d3c      0x128 PAL\STM32F205\Drivers\STM32F2xx_HAL_Driver\Src\stm32f2xx_hal_uart.o
 .text.UART_SetConfig
                0x08005e64      0x2dc PAL\STM32F205\Drivers\STM32F2xx_HAL_Driver\Src\stm32f2xx_hal_uart.o
 .text.HAL_TIMEx_MasterConfigSynchronization
                0x08006140       0x8c PAL\STM32F205\Drivers\STM32F2xx_HAL_Driver\Src\stm32f2xx_hal_tim_ex.o
                0x08006140                HAL_TIMEx_MasterConfigSynchronization
 .text.HAL_TIMEx_CommutationCallback
                0x080061cc       0x14 PAL\STM32F205\Drivers\STM32F2xx_HAL_Driver\Src\stm32f2xx_hal_tim_ex.o
                0x080061cc                HAL_TIMEx_CommutationCallback
 .text.HAL_TIMEx_BreakCallback
                0x080061e0       0x14 PAL\STM32F205\Drivers\STM32F2xx_HAL_Driver\Src\stm32f2xx_hal_tim_ex.o
                0x080061e0                HAL_TIMEx_BreakCallback
 .text.HAL_TIM_Base_Init
                0x080061f4       0x58 PAL\STM32F205\Drivers\STM32F2xx_HAL_Driver\Src\stm32f2xx_hal_tim.o
                0x080061f4                HAL_TIM_Base_Init
 .text.HAL_TIM_Base_Start_IT
                0x0800624c       0x38 PAL\STM32F205\Drivers\STM32F2xx_HAL_Driver\Src\stm32f2xx_hal_tim.o
                0x0800624c                HAL_TIM_Base_Start_IT
 .text.HAL_TIM_PWM_Init
                0x08006284       0x58 PAL\STM32F205\Drivers\STM32F2xx_HAL_Driver\Src\stm32f2xx_hal_tim.o
                0x08006284                HAL_TIM_PWM_Init
 .text.HAL_TIM_PWM_Start
                0x080062dc       0x68 PAL\STM32F205\Drivers\STM32F2xx_HAL_Driver\Src\stm32f2xx_hal_tim.o
                0x080062dc                HAL_TIM_PWM_Start
 .text.HAL_TIM_IRQHandler
                0x08006344      0x210 PAL\STM32F205\Drivers\STM32F2xx_HAL_Driver\Src\stm32f2xx_hal_tim.o
                0x08006344                HAL_TIM_IRQHandler
 .text.HAL_TIM_PWM_ConfigChannel
                0x08006554      0x18c PAL\STM32F205\Drivers\STM32F2xx_HAL_Driver\Src\stm32f2xx_hal_tim.o
                0x08006554                HAL_TIM_PWM_ConfigChannel
 .text.HAL_TIM_OC_DelayElapsedCallback
                0x080066e0       0x14 PAL\STM32F205\Drivers\STM32F2xx_HAL_Driver\Src\stm32f2xx_hal_tim.o
                0x080066e0                HAL_TIM_OC_DelayElapsedCallback
 .text.HAL_TIM_IC_CaptureCallback
                0x080066f4       0x14 PAL\STM32F205\Drivers\STM32F2xx_HAL_Driver\Src\stm32f2xx_hal_tim.o
                0x080066f4                HAL_TIM_IC_CaptureCallback
 .text.HAL_TIM_PWM_PulseFinishedCallback
                0x08006708       0x14 PAL\STM32F205\Drivers\STM32F2xx_HAL_Driver\Src\stm32f2xx_hal_tim.o
                0x08006708                HAL_TIM_PWM_PulseFinishedCallback
 .text.HAL_TIM_TriggerCallback
                0x0800671c       0x14 PAL\STM32F205\Drivers\STM32F2xx_HAL_Driver\Src\stm32f2xx_hal_tim.o
                0x0800671c                HAL_TIM_TriggerCallback
 .text.TIM_Base_SetConfig
                0x08006730      0x150 PAL\STM32F205\Drivers\STM32F2xx_HAL_Driver\Src\stm32f2xx_hal_tim.o
                0x08006730                TIM_Base_SetConfig
 .text.TIM_OC2_SetConfig
                0x08006880       0xf0 PAL\STM32F205\Drivers\STM32F2xx_HAL_Driver\Src\stm32f2xx_hal_tim.o
                0x08006880                TIM_OC2_SetConfig
 .text.TIM_CCxChannelCmd
                0x08006970       0x44 PAL\STM32F205\Drivers\STM32F2xx_HAL_Driver\Src\stm32f2xx_hal_tim.o
                0x08006970                TIM_CCxChannelCmd
 .text.TIM_OC1_SetConfig
                0x080069b4       0xe4 PAL\STM32F205\Drivers\STM32F2xx_HAL_Driver\Src\stm32f2xx_hal_tim.o
 .text.TIM_OC3_SetConfig
                0x08006a98       0xec PAL\STM32F205\Drivers\STM32F2xx_HAL_Driver\Src\stm32f2xx_hal_tim.o
 .text.TIM_OC4_SetConfig
                0x08006b84       0xc0 PAL\STM32F205\Drivers\STM32F2xx_HAL_Driver\Src\stm32f2xx_hal_tim.o
 .text.HAL_RCC_OscConfig
                0x08006c44      0x484 PAL\STM32F205\Drivers\STM32F2xx_HAL_Driver\Src\stm32f2xx_hal_rcc.o
                0x08006c44                HAL_RCC_OscConfig
 .text.HAL_RCC_ClockConfig
                0x080070c8      0x2b8 PAL\STM32F205\Drivers\STM32F2xx_HAL_Driver\Src\stm32f2xx_hal_rcc.o
                0x080070c8                HAL_RCC_ClockConfig
 .text.HAL_RCC_GetSysClockFreq
                0x08007380       0xfc PAL\STM32F205\Drivers\STM32F2xx_HAL_Driver\Src\stm32f2xx_hal_rcc.o
                0x08007380                HAL_RCC_GetSysClockFreq
 .text.HAL_RCC_GetHCLKFreq
                0x0800747c       0x4c PAL\STM32F205\Drivers\STM32F2xx_HAL_Driver\Src\stm32f2xx_hal_rcc.o
                0x0800747c                HAL_RCC_GetHCLKFreq
 .text.HAL_RCC_GetPCLK1Freq
                0x080074c8       0x44 PAL\STM32F205\Drivers\STM32F2xx_HAL_Driver\Src\stm32f2xx_hal_rcc.o
                0x080074c8                HAL_RCC_GetPCLK1Freq
 .text.HAL_RCC_GetPCLK2Freq
                0x0800750c       0x44 PAL\STM32F205\Drivers\STM32F2xx_HAL_Driver\Src\stm32f2xx_hal_rcc.o
                0x0800750c                HAL_RCC_GetPCLK2Freq
 .text.HAL_RCC_GetClockConfig
                0x08007550       0x60 PAL\STM32F205\Drivers\STM32F2xx_HAL_Driver\Src\stm32f2xx_hal_rcc.o
                0x08007550                HAL_RCC_GetClockConfig
 .text.HAL_PCDEx_SetTxFiFo
                0x080075b0       0x98 PAL\STM32F205\Drivers\STM32F2xx_HAL_Driver\Src\stm32f2xx_hal_pcd_ex.o
                0x080075b0                HAL_PCDEx_SetTxFiFo
 .text.HAL_PCDEx_SetRxFiFo
                0x08007648       0x24 PAL\STM32F205\Drivers\STM32F2xx_HAL_Driver\Src\stm32f2xx_hal_pcd_ex.o
                0x08007648                HAL_PCDEx_SetRxFiFo
 .text.HAL_PCD_Init
                0x0800766c      0x208 PAL\STM32F205\Drivers\STM32F2xx_HAL_Driver\Src\stm32f2xx_hal_pcd.o
                0x0800766c                HAL_PCD_Init
 .text.HAL_PCD_Start
                0x08007874       0x44 PAL\STM32F205\Drivers\STM32F2xx_HAL_Driver\Src\stm32f2xx_hal_pcd.o
                0x08007874                HAL_PCD_Start
 .text.HAL_PCD_IRQHandler
                0x080078b8      0x740 PAL\STM32F205\Drivers\STM32F2xx_HAL_Driver\Src\stm32f2xx_hal_pcd.o
                0x080078b8                HAL_PCD_IRQHandler
 .text.HAL_PCD_SetAddress
                0x08007ff8       0x44 PAL\STM32F205\Drivers\STM32F2xx_HAL_Driver\Src\stm32f2xx_hal_pcd.o
                0x08007ff8                HAL_PCD_SetAddress
 .text.HAL_PCD_EP_Open
                0x0800803c       0xc4 PAL\STM32F205\Drivers\STM32F2xx_HAL_Driver\Src\stm32f2xx_hal_pcd.o
                0x0800803c                HAL_PCD_EP_Open
 .text.HAL_PCD_EP_Close
                0x08008100       0x94 PAL\STM32F205\Drivers\STM32F2xx_HAL_Driver\Src\stm32f2xx_hal_pcd.o
                0x08008100                HAL_PCD_EP_Close
 .text.HAL_PCD_EP_Receive
                0x08008194       0xb8 PAL\STM32F205\Drivers\STM32F2xx_HAL_Driver\Src\stm32f2xx_hal_pcd.o
                0x08008194                HAL_PCD_EP_Receive
 .text.HAL_PCD_EP_GetRxCount
                0x0800824c       0x34 PAL\STM32F205\Drivers\STM32F2xx_HAL_Driver\Src\stm32f2xx_hal_pcd.o
                0x0800824c                HAL_PCD_EP_GetRxCount
 .text.HAL_PCD_EP_Transmit
                0x08008280       0xb4 PAL\STM32F205\Drivers\STM32F2xx_HAL_Driver\Src\stm32f2xx_hal_pcd.o
                0x08008280                HAL_PCD_EP_Transmit
 .text.HAL_PCD_EP_SetStall
                0x08008334       0xb8 PAL\STM32F205\Drivers\STM32F2xx_HAL_Driver\Src\stm32f2xx_hal_pcd.o
                0x08008334                HAL_PCD_EP_SetStall
 .text.HAL_PCD_EP_ClrStall
                0x080083ec       0x94 PAL\STM32F205\Drivers\STM32F2xx_HAL_Driver\Src\stm32f2xx_hal_pcd.o
                0x080083ec                HAL_PCD_EP_ClrStall
 .text.PCD_WriteEmptyTxFifo
                0x08008480      0x10c PAL\STM32F205\Drivers\STM32F2xx_HAL_Driver\Src\stm32f2xx_hal_pcd.o
 .text.HAL_GPIO_Init
                0x0800858c      0x344 PAL\STM32F205\Drivers\STM32F2xx_HAL_Driver\Src\stm32f2xx_hal_gpio.o
                0x0800858c                HAL_GPIO_Init
 .text.HAL_GPIO_WritePin
                0x080088d0       0x30 PAL\STM32F205\Drivers\STM32F2xx_HAL_Driver\Src\stm32f2xx_hal_gpio.o
                0x080088d0                HAL_GPIO_WritePin
 .text.HAL_DMA_Init
                0x08008900       0xd8 PAL\STM32F205\Drivers\STM32F2xx_HAL_Driver\Src\stm32f2xx_hal_dma.o
                0x08008900                HAL_DMA_Init
 .text.HAL_DMA_Start_IT
                0x080089d8       0x84 PAL\STM32F205\Drivers\STM32F2xx_HAL_Driver\Src\stm32f2xx_hal_dma.o
                0x080089d8                HAL_DMA_Start_IT
 .text.HAL_DMA_IRQHandler
                0x08008a5c      0x2d8 PAL\STM32F205\Drivers\STM32F2xx_HAL_Driver\Src\stm32f2xx_hal_dma.o
                0x08008a5c                HAL_DMA_IRQHandler
 .text.DMA_SetConfig
                0x08008d34       0x5c PAL\STM32F205\Drivers\STM32F2xx_HAL_Driver\Src\stm32f2xx_hal_dma.o
 .text.DMA_CalcBaseAndBitshift
                0x08008d90       0x6c PAL\STM32F205\Drivers\STM32F2xx_HAL_Driver\Src\stm32f2xx_hal_dma.o
 .text.NVIC_SetPriorityGrouping
                0x08008dfc       0x48 PAL\STM32F205\Drivers\STM32F2xx_HAL_Driver\Src\stm32f2xx_hal_cortex.o
 .text.NVIC_GetPriorityGrouping
                0x08008e44       0x1c PAL\STM32F205\Drivers\STM32F2xx_HAL_Driver\Src\stm32f2xx_hal_cortex.o
 .text.NVIC_EnableIRQ
                0x08008e60       0x30 PAL\STM32F205\Drivers\STM32F2xx_HAL_Driver\Src\stm32f2xx_hal_cortex.o
 .text.NVIC_SetPriority
                0x08008e90       0x54 PAL\STM32F205\Drivers\STM32F2xx_HAL_Driver\Src\stm32f2xx_hal_cortex.o
 .text.NVIC_EncodePriority
                0x08008ee4       0x64 PAL\STM32F205\Drivers\STM32F2xx_HAL_Driver\Src\stm32f2xx_hal_cortex.o
 .text.SysTick_Config
                0x08008f48       0x44 PAL\STM32F205\Drivers\STM32F2xx_HAL_Driver\Src\stm32f2xx_hal_cortex.o
 .text.HAL_NVIC_SetPriorityGrouping
                0x08008f8c       0x14 PAL\STM32F205\Drivers\STM32F2xx_HAL_Driver\Src\stm32f2xx_hal_cortex.o
                0x08008f8c                HAL_NVIC_SetPriorityGrouping
 .text.HAL_NVIC_SetPriority
                0x08008fa0       0x38 PAL\STM32F205\Drivers\STM32F2xx_HAL_Driver\Src\stm32f2xx_hal_cortex.o
                0x08008fa0                HAL_NVIC_SetPriority
 .text.HAL_NVIC_EnableIRQ
                0x08008fd8       0x1c PAL\STM32F205\Drivers\STM32F2xx_HAL_Driver\Src\stm32f2xx_hal_cortex.o
                0x08008fd8                HAL_NVIC_EnableIRQ
 .text.HAL_SYSTICK_Config
                0x08008ff4       0x18 PAL\STM32F205\Drivers\STM32F2xx_HAL_Driver\Src\stm32f2xx_hal_cortex.o
                0x08008ff4                HAL_SYSTICK_Config
 .text.HAL_SYSTICK_CLKSourceConfig
                0x0800900c       0x38 PAL\STM32F205\Drivers\STM32F2xx_HAL_Driver\Src\stm32f2xx_hal_cortex.o
                0x0800900c                HAL_SYSTICK_CLKSourceConfig
 .text.HAL_ADC_Init
                0x08009044       0x88 PAL\STM32F205\Drivers\STM32F2xx_HAL_Driver\Src\stm32f2xx_hal_adc.o
                0x08009044                HAL_ADC_Init
 .text.HAL_ADC_Start_DMA
                0x080090cc      0x1a8 PAL\STM32F205\Drivers\STM32F2xx_HAL_Driver\Src\stm32f2xx_hal_adc.o
                0x080090cc                HAL_ADC_Start_DMA
 .text.HAL_ADC_ConvCpltCallback
                0x08009274       0x14 PAL\STM32F205\Drivers\STM32F2xx_HAL_Driver\Src\stm32f2xx_hal_adc.o
                0x08009274                HAL_ADC_ConvCpltCallback
 .text.HAL_ADC_ConvHalfCpltCallback
                0x08009288       0x14 PAL\STM32F205\Drivers\STM32F2xx_HAL_Driver\Src\stm32f2xx_hal_adc.o
                0x08009288                HAL_ADC_ConvHalfCpltCallback
 .text.HAL_ADC_ErrorCallback
                0x0800929c       0x14 PAL\STM32F205\Drivers\STM32F2xx_HAL_Driver\Src\stm32f2xx_hal_adc.o
                0x0800929c                HAL_ADC_ErrorCallback
 .text.HAL_ADC_ConfigChannel
                0x080092b0      0x244 PAL\STM32F205\Drivers\STM32F2xx_HAL_Driver\Src\stm32f2xx_hal_adc.o
                0x080092b0                HAL_ADC_ConfigChannel
 .text.ADC_Init
                0x080094f4      0x204 PAL\STM32F205\Drivers\STM32F2xx_HAL_Driver\Src\stm32f2xx_hal_adc.o
 .text.ADC_DMAConvCplt
                0x080096f8       0xa4 PAL\STM32F205\Drivers\STM32F2xx_HAL_Driver\Src\stm32f2xx_hal_adc.o
 .text.ADC_DMAHalfConvCplt
                0x0800979c       0x1c PAL\STM32F205\Drivers\STM32F2xx_HAL_Driver\Src\stm32f2xx_hal_adc.o
 .text.ADC_DMAError
                0x080097b8       0x2c PAL\STM32F205\Drivers\STM32F2xx_HAL_Driver\Src\stm32f2xx_hal_adc.o
 .text.HAL_Init
                0x080097e4       0x44 PAL\STM32F205\Drivers\STM32F2xx_HAL_Driver\Src\stm32f2xx_hal.o
                0x080097e4                HAL_Init
 .text.HAL_IncTick
                0x08009828       0x1c PAL\STM32F205\Drivers\STM32F2xx_HAL_Driver\Src\stm32f2xx_hal.o
                0x08009828                HAL_IncTick
 .text.HAL_GetTick
                0x08009844       0x18 PAL\STM32F205\Drivers\STM32F2xx_HAL_Driver\Src\stm32f2xx_hal.o
                0x08009844                HAL_GetTick
 .text.HAL_Delay
                0x0800985c       0x2c PAL\STM32F205\Drivers\STM32F2xx_HAL_Driver\Src\stm32f2xx_hal.o
                0x0800985c                HAL_Delay
 .text.SystemInit
                0x08009888       0x5c PAL\STM32F205\Drivers\CMSIS\Device\ST\STM32F2xx\Source\gcc\system_stm32f2xx.o
                0x08009888                SystemInit
 .text.Reset_Handler
                0x080098e4       0x58 PAL\STM32F205\Drivers\CMSIS\Device\ST\STM32F2xx\Source\gcc\startup_stm32f205xx.o
                0x080098e4                Reset_Handler
 .text.Default_Handler
                0x0800993c        0x4 PAL\STM32F205\Drivers\CMSIS\Device\ST\STM32F2xx\Source\gcc\startup_stm32f205xx.o
                0x0800993c                RTC_Alarm_IRQHandler
                0x0800993c                HASH_RNG_IRQHandler
                0x0800993c                EXTI2_IRQHandler
                0x0800993c                TIM8_CC_IRQHandler
                0x0800993c                DebugMon_Handler
                0x0800993c                TIM1_CC_IRQHandler
                0x0800993c                DMA2_Stream5_IRQHandler
                0x0800993c                HardFault_Handler
                0x0800993c                DMA1_Stream5_IRQHandler
                0x0800993c                PVD_IRQHandler
                0x0800993c                SDIO_IRQHandler
                0x0800993c                TAMP_STAMP_IRQHandler
                0x0800993c                NMI_Handler
                0x0800993c                CAN2_RX1_IRQHandler
                0x0800993c                EXTI3_IRQHandler
                0x0800993c                TIM8_TRG_COM_TIM14_IRQHandler
                0x0800993c                TIM1_UP_TIM10_IRQHandler
                0x0800993c                TIM8_UP_TIM13_IRQHandler
                0x0800993c                I2C3_ER_IRQHandler
                0x0800993c                EXTI0_IRQHandler
                0x0800993c                I2C2_EV_IRQHandler
                0x0800993c                DMA1_Stream2_IRQHandler
                0x0800993c                CAN1_RX0_IRQHandler
                0x0800993c                OTG_HS_WKUP_IRQHandler
                0x0800993c                UsageFault_Handler
                0x0800993c                CAN2_SCE_IRQHandler
                0x0800993c                DMA2_Stream2_IRQHandler
                0x0800993c                SPI1_IRQHandler
                0x0800993c                TIM1_BRK_TIM9_IRQHandler
                0x0800993c                CAN2_RX0_IRQHandler
                0x0800993c                DMA2_Stream3_IRQHandler
                0x0800993c                USART6_IRQHandler
                0x0800993c                USART3_IRQHandler
                0x0800993c                CAN1_RX1_IRQHandler
                0x0800993c                UART5_IRQHandler
                0x0800993c                TIM4_IRQHandler
                0x0800993c                I2C1_EV_IRQHandler
                0x0800993c                DMA1_Stream1_IRQHandler
                0x0800993c                UART4_IRQHandler
                0x0800993c                TIM3_IRQHandler
                0x0800993c                RCC_IRQHandler
                0x0800993c                TIM8_BRK_TIM12_IRQHandler
                0x0800993c                Default_Handler
                0x0800993c                EXTI15_10_IRQHandler
                0x0800993c                ADC_IRQHandler
                0x0800993c                DMA1_Stream7_IRQHandler
                0x0800993c                TIM7_IRQHandler
                0x0800993c                CAN2_TX_IRQHandler
                0x0800993c                TIM5_IRQHandler
                0x0800993c                I2C3_EV_IRQHandler
                0x0800993c                EXTI9_5_IRQHandler
                0x0800993c                RTC_WKUP_IRQHandler
                0x0800993c                SPI2_IRQHandler
                0x0800993c                OTG_HS_EP1_IN_IRQHandler
                0x0800993c                MemManage_Handler
                0x0800993c                DMA1_Stream0_IRQHandler
                0x0800993c                CAN1_TX_IRQHandler
                0x0800993c                EXTI4_IRQHandler
                0x0800993c                FSMC_IRQHandler
                0x0800993c                OTG_HS_EP1_OUT_IRQHandler
                0x0800993c                WWDG_IRQHandler
                0x0800993c                TIM2_IRQHandler
                0x0800993c                OTG_FS_WKUP_IRQHandler
                0x0800993c                TIM1_TRG_COM_TIM11_IRQHandler
                0x0800993c                OTG_HS_IRQHandler
                0x0800993c                EXTI1_IRQHandler
                0x0800993c                I2C2_ER_IRQHandler
                0x0800993c                DMA2_Stream1_IRQHandler
                0x0800993c                CAN1_SCE_IRQHandler
                0x0800993c                FLASH_IRQHandler
                0x0800993c                DMA2_Stream4_IRQHandler
                0x0800993c                BusFault_Handler
                0x0800993c                SPI3_IRQHandler
                0x0800993c                DMA1_Stream4_IRQHandler
                0x0800993c                I2C1_ER_IRQHandler
                0x0800993c                DMA2_Stream6_IRQHandler
                0x0800993c                DMA1_Stream3_IRQHandler
 .text.main     0x08009940       0x20 KAL\main.o
                0x08009940                main
 .text._Z41__static_initialization_and_destruction_0ii
                0x08009960       0x3c KAL\main.o
 .text._GLOBAL__sub_I_Board
                0x0800999c       0x10 KAL\main.o
 .text._Z17UserFunctionSetupv
                0x080099ac       0x24 KAL\UserFunction.o
                0x080099ac                UserFunctionSetup()
 .text._ZL8UserTaskPKv
                0x080099d0      0x344 KAL\UserFunction.o
 .text._ZN15TLC5940InstanceC2Ev
                0x08009d14       0x18 KAL\TLC5940\TLC5940.o
                0x08009d14                TLC5940Instance::TLC5940Instance()
                0x08009d14                TLC5940Instance::TLC5940Instance()
 .text._ZN15TLC5940InstanceD2Ev
                0x08009d2c       0x18 KAL\TLC5940\TLC5940.o
                0x08009d2c                TLC5940Instance::~TLC5940Instance()
                0x08009d2c                TLC5940Instance::~TLC5940Instance()
 .text._Z41__static_initialization_and_destruction_0ii
                0x08009d44       0x3c KAL\TLC5940\TLC5940.o
 .text._GLOBAL__sub_I_TLC5940
                0x08009d80       0x10 KAL\TLC5940\TLC5940.o
 .text._ZN15ESP8266InstanceC2Ev
                0x08009d90       0x18 KAL\ESP8266\ESP8266.o
                0x08009d90                ESP8266Instance::ESP8266Instance()
                0x08009d90                ESP8266Instance::ESP8266Instance()
 .text._ZN15ESP8266InstanceD2Ev
                0x08009da8       0x18 KAL\ESP8266\ESP8266.o
                0x08009da8                ESP8266Instance::~ESP8266Instance()
                0x08009da8                ESP8266Instance::~ESP8266Instance()
 .text._ZN15ESP8266Instance14InitializationEv
                0x08009dc0       0x9c KAL\ESP8266\ESP8266.o
                0x08009dc0                ESP8266Instance::Initialization()
 .text._ZN15ESP8266Instance15StartConfigModeEv
                0x08009e5c       0x2c KAL\ESP8266\ESP8266.o
                0x08009e5c                ESP8266Instance::StartConfigMode()
 .text._ZN15ESP8266Instance14StopConfigModeEv
                0x08009e88       0x24 KAL\ESP8266\ESP8266.o
                0x08009e88                ESP8266Instance::StopConfigMode()
 .text._ZN15ESP8266Instance11ConfigWriteEPcj
                0x08009eac       0x44 KAL\ESP8266\ESP8266.o
                0x08009eac                ESP8266Instance::ConfigWrite(char*, unsigned int)
 .text._ZN15ESP8266Instance10ConfigReadEPcPj
                0x08009ef0       0x60 KAL\ESP8266\ESP8266.o
                0x08009ef0                ESP8266Instance::ConfigRead(char*, unsigned int*)
 .text._ZN15ESP8266Instance9AvailableEv
                0x08009f50       0x1c KAL\ESP8266\ESP8266.o
                0x08009f50                ESP8266Instance::Available()
 .text._ZN15ESP8266Instance5WriteEPcj
                0x08009f6c       0x28 KAL\ESP8266\ESP8266.o
                0x08009f6c                ESP8266Instance::Write(char*, unsigned int)
 .text._ZN15ESP8266Instance4ReadEPcj
                0x08009f94       0x4c KAL\ESP8266\ESP8266.o
                0x08009f94                ESP8266Instance::Read(char*, unsigned int)
 .text._ZN15ESP8266Instance7PrintlnEPc
                0x08009fe0       0x70 KAL\ESP8266\ESP8266.o
                0x08009fe0                ESP8266Instance::Println(char*)
 .text._ZL17ESP8266ConfigTaskPKv
                0x0800a050       0xdc KAL\ESP8266\ESP8266.o
 .text._Z41__static_initialization_and_destruction_0ii
                0x0800a12c       0x3c KAL\ESP8266\ESP8266.o
 .text._GLOBAL__sub_I_ESP8266
                0x0800a168       0x10 KAL\ESP8266\ESP8266.o
 .text._ZN11USBInstanceC2Ev
                0x0800a178       0x18 BAL\USB\USB.o
                0x0800a178                USBInstance::USBInstance()
                0x0800a178                USBInstance::USBInstance()
 .text._ZN11USBInstanceD2Ev
                0x0800a190       0x18 BAL\USB\USB.o
                0x0800a190                USBInstance::~USBInstance()
                0x0800a190                USBInstance::~USBInstance()
 .text._ZN11USBInstance14InitializationEv
                0x0800a1a8       0x74 BAL\USB\USB.o
                0x0800a1a8                USBInstance::Initialization()
 .text._ZN11USBInstance9AvailableEv
                0x0800a21c       0x1c BAL\USB\USB.o
                0x0800a21c                USBInstance::Available()
 .text._ZN11USBInstance5WriteEPcj
                0x0800a238       0x58 BAL\USB\USB.o
                0x0800a238                USBInstance::Write(char*, unsigned int)
 .text._ZN11USBInstance4ReadEPcj
                0x0800a290       0x68 BAL\USB\USB.o
                0x0800a290                USBInstance::Read(char*, unsigned int)
 .text._ZN11USBInstance7PrintlnEPc
                0x0800a2f8       0x6c BAL\USB\USB.o
                0x0800a2f8                USBInstance::Println(char*)
 .text._Z41__static_initialization_and_destruction_0ii
                0x0800a364       0x3c BAL\USB\USB.o
 .text._GLOBAL__sub_I_USBObj
                0x0800a3a0       0x10 BAL\USB\USB.o
 .text._ZN13UsartInstanceC2Ev
                0x0800a3b0       0x1c BAL\USART\USART.o
                0x0800a3b0                UsartInstance::UsartInstance()
                0x0800a3b0                UsartInstance::UsartInstance()
 .text._ZN13UsartInstanceD2Ev
                0x0800a3cc       0x1c BAL\USART\USART.o
                0x0800a3cc                UsartInstance::~UsartInstance()
                0x0800a3cc                UsartInstance::~UsartInstance()
 .text._ZN13UsartInstance14InitializationEhj
                0x0800a3e8      0x1c4 BAL\USART\USART.o
                0x0800a3e8                UsartInstance::Initialization(unsigned char, unsigned int)
 .text._ZN13UsartInstance9AvailableEv
                0x0800a5ac       0x1c BAL\USART\USART.o
                0x0800a5ac                UsartInstance::Available()
 .text._ZN13UsartInstance5WriteEPcj
                0x0800a5c8       0x44 BAL\USART\USART.o
                0x0800a5c8                UsartInstance::Write(char*, unsigned int)
 .text._ZN13UsartInstance4ReadEPcj
                0x0800a60c       0x70 BAL\USART\USART.o
                0x0800a60c                UsartInstance::Read(char*, unsigned int)
 .text.HAL_UART_RxCpltCallback
                0x0800a67c       0x74 BAL\USART\USART.o
                0x0800a67c                HAL_UART_RxCpltCallback
 .text.HAL_UART_ErrorCallback
                0x0800a6f0       0x28 BAL\USART\USART.o
                0x0800a6f0                HAL_UART_ErrorCallback
 .text.USART1_IRQHandler
                0x0800a718       0x14 BAL\USART\USART.o
                0x0800a718                USART1_IRQHandler
 .text.DMA2_Stream7_IRQHandler
                0x0800a72c       0x14 BAL\USART\USART.o
                0x0800a72c                DMA2_Stream7_IRQHandler
 .text.USART2_IRQHandler
                0x0800a740       0x14 BAL\USART\USART.o
                0x0800a740                USART2_IRQHandler
 .text.DMA1_Stream6_IRQHandler
                0x0800a754       0x14 BAL\USART\USART.o
                0x0800a754                DMA1_Stream6_IRQHandler
 .text._Z41__static_initialization_and_destruction_0ii
                0x0800a768       0x50 BAL\USART\USART.o
 .text._GLOBAL__sub_I_USARTObj1
                0x0800a7b8       0x10 BAL\USART\USART.o
 .text._ZN5QueueC2Ev
                0x0800a7c8       0x18 BAL\TOOLS\BufferFunctions.o
                0x0800a7c8                Queue::Queue()
                0x0800a7c8                Queue::Queue()
 .text._ZN5QueueD2Ev
                0x0800a7e0       0x34 BAL\TOOLS\BufferFunctions.o
                0x0800a7e0                Queue::~Queue()
                0x0800a7e0                Queue::~Queue()
 .text._ZN5Queue5AllocEj
                0x0800a814       0x44 BAL\TOOLS\BufferFunctions.o
                0x0800a814                Queue::Alloc(unsigned int)
 .text._ZN5Queue5WriteEh
                0x0800a858       0x78 BAL\TOOLS\BufferFunctions.o
                0x0800a858                Queue::Write(unsigned char)
 .text._ZN5Queue11ReadToArrayEPhj
                0x0800a8d0       0x7c BAL\TOOLS\BufferFunctions.o
                0x0800a8d0                Queue::ReadToArray(unsigned char*, unsigned int)
 .text._ZN5Queue14WriteFromArrayEPhj
                0x0800a94c       0x9c BAL\TOOLS\BufferFunctions.o
                0x0800a94c                Queue::WriteFromArray(unsigned char*, unsigned int)
 .text._ZN5Queue9AvailableEv
                0x0800a9e8       0x18 BAL\TOOLS\BufferFunctions.o
                0x0800a9e8                Queue::Available()
 .text._ZN12RTOSInstanceC2Ev
                0x0800aa00       0x18 BAL\RTOS\RTOS.o
                0x0800aa00                RTOSInstance::RTOSInstance()
                0x0800aa00                RTOSInstance::RTOSInstance()
 .text._ZN12RTOSInstanceD2Ev
                0x0800aa18       0x18 BAL\RTOS\RTOS.o
                0x0800aa18                RTOSInstance::~RTOSInstance()
                0x0800aa18                RTOSInstance::~RTOSInstance()
 .text._ZN12RTOSInstance14InitializationEv
                0x0800aa30       0x40 BAL\RTOS\RTOS.o
                0x0800aa30                RTOSInstance::Initialization()
 .text._ZN12RTOSInstance10CreateTaskEPK13os_thread_defPv
                0x0800aa70       0x20 BAL\RTOS\RTOS.o
                0x0800aa70                RTOSInstance::CreateTask(os_thread_def const*, void*)
 .text._ZN12RTOSInstance10DeleteTaskEPv
                0x0800aa90       0x1c BAL\RTOS\RTOS.o
                0x0800aa90                RTOSInstance::DeleteTask(void*)
 .text._Z16StartDefaultTaskPKv
                0x0800aaac       0x20 BAL\RTOS\RTOS.o
                0x0800aaac                StartDefaultTask(void const*)
 .text._Z10BaseTimeCBPKv
                0x0800aacc       0x14 BAL\RTOS\RTOS.o
                0x0800aacc                BaseTimeCB(void const*)
 .text._Z41__static_initialization_and_destruction_0ii
                0x0800aae0       0x3c BAL\RTOS\RTOS.o
 .text._GLOBAL__sub_I_RTOS
                0x0800ab1c       0x10 BAL\RTOS\RTOS.o
 .text._ZN11PWMInstanceC2Ev
                0x0800ab2c       0x18 BAL\PWM\PWM.o
                0x0800ab2c                PWMInstance::PWMInstance()
                0x0800ab2c                PWMInstance::PWMInstance()
 .text._ZN11PWMInstanceD2Ev
                0x0800ab44       0x18 BAL\PWM\PWM.o
                0x0800ab44                PWMInstance::~PWMInstance()
                0x0800ab44                PWMInstance::~PWMInstance()
 .text._ZN11PWMInstance14InitializationEv
                0x0800ab5c       0xec BAL\PWM\PWM.o
                0x0800ab5c                PWMInstance::Initialization()
 .text._ZN11PWMInstance6ConfigEjjj11PWMPolarity
                0x0800ac48      0x184 BAL\PWM\PWM.o
                0x0800ac48                PWMInstance::Config(unsigned int, unsigned int, unsigned int, PWMPolarity)
 .text._ZN11PWMInstance7SetDutyEjj
                0x0800adcc       0x98 BAL\PWM\PWM.o
                0x0800adcc                PWMInstance::SetDuty(unsigned int, unsigned int)
 .text._Z41__static_initialization_and_destruction_0ii
                0x0800ae64       0x3c BAL\PWM\PWM.o
 .text._GLOBAL__sub_I_PWM
                0x0800aea0       0x10 BAL\PWM\PWM.o
 .text._ZN12LEDSInstanceC2Ev
                0x0800aeb0       0x18 BAL\LEDS\LEDS.o
                0x0800aeb0                LEDSInstance::LEDSInstance()
                0x0800aeb0                LEDSInstance::LEDSInstance()
 .text._ZN12LEDSInstanceD2Ev
                0x0800aec8       0x18 BAL\LEDS\LEDS.o
                0x0800aec8                LEDSInstance::~LEDSInstance()
                0x0800aec8                LEDSInstance::~LEDSInstance()
 .text._ZN12LEDSInstance14InitializationEj
                0x0800aee0       0x44 BAL\LEDS\LEDS.o
                0x0800aee0                LEDSInstance::Initialization(unsigned int)
 .text._Z41__static_initialization_and_destruction_0ii
                0x0800af24       0x3c BAL\LEDS\LEDS.o
 .text._GLOBAL__sub_I_LEDS
                0x0800af60       0x10 BAL\LEDS\LEDS.o
 .text._ZN12GPIOInstanceC2Ev
                0x0800af70       0x18 BAL\GPIO\GPIO.o
                0x0800af70                GPIOInstance::GPIOInstance()
                0x0800af70                GPIOInstance::GPIOInstance()
 .text._ZN12GPIOInstanceD2Ev
                0x0800af88       0x18 BAL\GPIO\GPIO.o
                0x0800af88                GPIOInstance::~GPIOInstance()
                0x0800af88                GPIOInstance::~GPIOInstance()
 .text._ZN12GPIOInstance4ModeEj10eGPIOModes
                0x0800afa0       0xa0 BAL\GPIO\GPIO.o
                0x0800afa0                GPIOInstance::Mode(unsigned int, eGPIOModes)
 .text._ZN12GPIOInstance5WriteEjj
                0x0800b040       0x58 BAL\GPIO\GPIO.o
                0x0800b040                GPIOInstance::Write(unsigned int, unsigned int)
 .text._Z41__static_initialization_and_destruction_0ii
                0x0800b098       0x3c BAL\GPIO\GPIO.o
 .text._GLOBAL__sub_I_GPIO
                0x0800b0d4       0x10 BAL\GPIO\GPIO.o
 .text._ZN13BoardInstanceC2Ev
                0x0800b0e4       0x18 BAL\BAPI.o
                0x0800b0e4                BoardInstance::BoardInstance()
                0x0800b0e4                BoardInstance::BoardInstance()
 .text._ZN13BoardInstanceD2Ev
                0x0800b0fc       0x18 BAL\BAPI.o
                0x0800b0fc                BoardInstance::~BoardInstance()
                0x0800b0fc                BoardInstance::~BoardInstance()
 .text._ZN13BoardInstance14InitializationEv
                0x0800b114       0xd4 BAL\BAPI.o
                0x0800b114                BoardInstance::Initialization()
 .text._Z18SystemClock_Configv
                0x0800b1e8       0x84 BAL\BAPI.o
                0x0800b1e8                SystemClock_Config()
 .text._ZN11ADCInstanceC2Ev
                0x0800b26c       0x18 BAL\ADC\ADC.o
                0x0800b26c                ADCInstance::ADCInstance()
                0x0800b26c                ADCInstance::ADCInstance()
 .text._ZN11ADCInstanceD2Ev
                0x0800b284       0x18 BAL\ADC\ADC.o
                0x0800b284                ADCInstance::~ADCInstance()
                0x0800b284                ADCInstance::~ADCInstance()
 .text._ZN11ADCInstance14InitializationEv
                0x0800b29c      0x138 BAL\ADC\ADC.o
                0x0800b29c                ADCInstance::Initialization()
 .text._Z41__static_initialization_and_destruction_0ii
                0x0800b3d4       0x3c BAL\ADC\ADC.o
 .text._GLOBAL__sub_I_ADCObj
                0x0800b410       0x10 BAL\ADC\ADC.o
 .text.__aeabi_atexit
                0x0800b420        0xa c:/program files (x86)/atollic/truestudio for arm 5.4.2/armtools/bin/../lib/gcc/arm-atollic-eabi/4.8.3/../../../../arm-atollic-eabi/lib/armv7-m\libc_s.a(lib_a-aeabi_atexit.o)
                0x0800b420                __aeabi_atexit
 *fill*         0x0800b42a        0x2 
 .text.__cxa_atexit
                0x0800b42c       0x20 c:/program files (x86)/atollic/truestudio for arm 5.4.2/armtools/bin/../lib/gcc/arm-atollic-eabi/4.8.3/../../../../arm-atollic-eabi/lib/armv7-m\libc_s.a(lib_a-cxa_atexit.o)
                0x0800b42c                __cxa_atexit
 .text.__libc_init_array
                0x0800b44c       0x4c c:/program files (x86)/atollic/truestudio for arm 5.4.2/armtools/bin/../lib/gcc/arm-atollic-eabi/4.8.3/../../../../arm-atollic-eabi/lib/armv7-m\libc_s.a(lib_a-init.o)
                0x0800b44c                __libc_init_array
 .text.malloc   0x0800b498       0x10 c:/program files (x86)/atollic/truestudio for arm 5.4.2/armtools/bin/../lib/gcc/arm-atollic-eabi/4.8.3/../../../../arm-atollic-eabi/lib/armv7-m\libc_s.a(lib_a-malloc.o)
                0x0800b498                malloc
 .text.free     0x0800b4a8       0x10 c:/program files (x86)/atollic/truestudio for arm 5.4.2/armtools/bin/../lib/gcc/arm-atollic-eabi/4.8.3/../../../../arm-atollic-eabi/lib/armv7-m\libc_s.a(lib_a-malloc.o)
                0x0800b4a8                free
 .text.memcpy   0x0800b4b8       0x12 c:/program files (x86)/atollic/truestudio for arm 5.4.2/armtools/bin/../lib/gcc/arm-atollic-eabi/4.8.3/../../../../arm-atollic-eabi/lib/armv7-m\libc_s.a(lib_a-memcpy-stub.o)
                0x0800b4b8                memcpy
 .text.memset   0x0800b4ca       0x10 c:/program files (x86)/atollic/truestudio for arm 5.4.2/armtools/bin/../lib/gcc/arm-atollic-eabi/4.8.3/../../../../arm-atollic-eabi/lib/armv7-m\libc_s.a(lib_a-memset.o)
                0x0800b4ca                memset
 *fill*         0x0800b4da        0x2 
 .text._free_r  0x0800b4dc       0x88 c:/program files (x86)/atollic/truestudio for arm 5.4.2/armtools/bin/../lib/gcc/arm-atollic-eabi/4.8.3/../../../../arm-atollic-eabi/lib/armv7-m\libc_s.a(lib_a-nano-freer.o)
                0x0800b4dc                _free_r
 .text._malloc_r
                0x0800b564       0xa8 c:/program files (x86)/atollic/truestudio for arm 5.4.2/armtools/bin/../lib/gcc/arm-atollic-eabi/4.8.3/../../../../arm-atollic-eabi/lib/armv7-m\libc_s.a(lib_a-nano-mallocr.o)
                0x0800b564                _malloc_r
 .text._sbrk_r  0x0800b60c       0x20 c:/program files (x86)/atollic/truestudio for arm 5.4.2/armtools/bin/../lib/gcc/arm-atollic-eabi/4.8.3/../../../../arm-atollic-eabi/lib/armv7-m\libc_s.a(lib_a-sbrkr.o)
                0x0800b60c                _sbrk_r
 .text.strcpy   0x0800b62c       0x10 c:/program files (x86)/atollic/truestudio for arm 5.4.2/armtools/bin/../lib/gcc/arm-atollic-eabi/4.8.3/../../../../arm-atollic-eabi/lib/armv7-m\libc_s.a(lib_a-strcpy.o)
                0x0800b62c                strcpy
 .text.strlen   0x0800b63c       0x10 c:/program files (x86)/atollic/truestudio for arm 5.4.2/armtools/bin/../lib/gcc/arm-atollic-eabi/4.8.3/../../../../arm-atollic-eabi/lib/armv7-m\libc_s.a(lib_a-strlen.o)
                0x0800b63c                strlen
 .text._sbrk    0x0800b64c       0x34 c:/program files (x86)/atollic/truestudio for arm 5.4.2/armtools/bin/../lib/gcc/arm-atollic-eabi/4.8.3/../../../../arm-atollic-eabi/lib/armv7-m\libc_s.a(lib_a-syscalls.o)
                0x0800b64c                _sbrk
 *(.glue_7)
 .glue_7        0x00000000        0x0 linker stubs
 *(.glue_7t)
 .glue_7t       0x00000000        0x0 linker stubs
 *(.eh_frame)
 .eh_frame      0x0800b680        0x0 c:/program files (x86)/atollic/truestudio for arm 5.4.2/armtools/bin/../lib/gcc/arm-atollic-eabi/4.8.3/armv7-m/crtbegin.o
 *(.init)
 .init          0x0800b680        0x4 c:/program files (x86)/atollic/truestudio for arm 5.4.2/armtools/bin/../lib/gcc/arm-atollic-eabi/4.8.3/armv7-m/crti.o
                0x0800b680                _init
 .init          0x0800b684        0x8 c:/program files (x86)/atollic/truestudio for arm 5.4.2/armtools/bin/../lib/gcc/arm-atollic-eabi/4.8.3/armv7-m/crtn.o
 *(.fini)
 .fini          0x0800b68c        0x4 c:/program files (x86)/atollic/truestudio for arm 5.4.2/armtools/bin/../lib/gcc/arm-atollic-eabi/4.8.3/armv7-m/crti.o
                0x0800b68c                _fini
 .fini          0x0800b690        0x8 c:/program files (x86)/atollic/truestudio for arm 5.4.2/armtools/bin/../lib/gcc/arm-atollic-eabi/4.8.3/armv7-m/crtn.o
                0x0800b698                . = ALIGN (0x4)
                0x0800b698                _etext = .

.vfp11_veneer   0x0800b698        0x0
 .vfp11_veneer  0x00000000        0x0 linker stubs

.v4_bx          0x0800b698        0x0
 .v4_bx         0x00000000        0x0 linker stubs

.iplt           0x0800b698        0x0
 .iplt          0x00000000        0x0 c:/program files (x86)/atollic/truestudio for arm 5.4.2/armtools/bin/../lib/gcc/arm-atollic-eabi/4.8.3/armv7-m/crtbegin.o

.rodata         0x0800b698      0x1c4
                0x0800b698                . = ALIGN (0x4)
 *(.rodata)
 .rodata        0x0800b698       0x58 PAL\STM32F205\Middlewares\ST\STM32_USB_Device_Library\Class\CDC\Src\usbd_desc.o
 .rodata        0x0800b6f0        0x8 PAL\STM32F205\Middlewares\FreeRTOS\Source\tasks.o
 .rodata        0x0800b6f8       0x58 KAL\UserFunction.o
 .rodata        0x0800b750       0x20 KAL\ESP8266\ESP8266.o
 .rodata        0x0800b770        0xc BAL\USB\USB.o
 .rodata        0x0800b77c        0xc BAL\RTOS\RTOS.o
 *(.rodata*)
 .rodata.APBAHBPrescTable
                0x0800b788       0x10 PAL\STM32F205\Drivers\STM32F2xx_HAL_Driver\Src\stm32f2xx_hal_rcc.o
                0x0800b788                APBAHBPrescTable
 .rodata.flagBitshiftOffset.8142
                0x0800b798        0x8 PAL\STM32F205\Drivers\STM32F2xx_HAL_Driver\Src\stm32f2xx_hal_dma.o
 .rodata._ZL22os_thread_def_UserTask
                0x0800b7a0       0x14 KAL\UserFunction.o
 .rodata._ZL31os_thread_def_ESP8266ConfigTask
                0x0800b7b4       0x14 KAL\ESP8266\ESP8266.o
 .rodata._ZL34os_messageQ_def_ESP8266TxTaskQueue
                0x0800b7c8        0x8 KAL\ESP8266\ESP8266.o
 .rodata._ZL34os_messageQ_def_ESP8266RxTaskQueue
                0x0800b7d0        0x8 KAL\ESP8266\ESP8266.o
 .rodata._ZL23os_mutex_def_USBTxMutex
                0x0800b7d8        0x4 BAL\USB\USB.o
 .rodata._ZL23os_mutex_def_USBRxMutex
                0x0800b7dc        0x4 BAL\USB\USB.o
 .rodata._ZL26os_mutex_def_USART1TxMutex
                0x0800b7e0        0x4 BAL\USART\USART.o
 .rodata._ZL26os_mutex_def_USART1RxMutex
                0x0800b7e4        0x4 BAL\USART\USART.o
 .rodata._ZL25os_thread_def_defaultTask
                0x0800b7e8       0x14 BAL\RTOS\RTOS.o
 .rodata._ZL21os_timer_def_BaseTime
                0x0800b7fc        0x4 BAL\RTOS\RTOS.o
 .rodata._ZL15PinTimerMapping
                0x0800b800        0x4 BAL\PWM\PWM.o
 .rodata._ZL17PinChannelMapping
                0x0800b804       0x10 BAL\PWM\PWM.o
 .rodata._ZL11GPIOPinList
                0x0800b814        0x8 BAL\PWM\PWM.o
 .rodata._ZL11GPIOPinList
                0x0800b81c        0x8 BAL\LEDS\LEDS.o
 .rodata._ZL11GPIOPinList
                0x0800b824       0x34 BAL\GPIO\GPIO.o
 .rodata.str1.1
                0x0800b858        0x2 c:/program files (x86)/atollic/truestudio for arm 5.4.2/armtools/bin/../lib/gcc/arm-atollic-eabi/4.8.3/../../../../arm-atollic-eabi/lib/armv7-m\libc_s.a(lib_a-impure.o)
                0x0800b85c                . = ALIGN (0x4)
 *fill*         0x0800b85a        0x2 

.rel.dyn        0x0800b85c        0x0
 .rel.iplt      0x00000000        0x0 c:/program files (x86)/atollic/truestudio for arm 5.4.2/armtools/bin/../lib/gcc/arm-atollic-eabi/4.8.3/armv7-m/crtbegin.o

.ARM.extab
 *(.ARM.extab* .gnu.linkonce.armextab.*)

.ARM            0x0800b85c        0x0
                0x0800b85c                __exidx_start = .
 *(.ARM.exidx*)
                0x0800b85c                __exidx_end = .

.preinit_array  0x0800b85c        0x0
                0x0800b85c                PROVIDE (__preinit_array_start, .)
 *(.preinit_array*)
                0x0800b85c                PROVIDE (__preinit_array_end, .)

.init_array     0x0800b85c       0x30
                0x0800b85c                PROVIDE (__init_array_start, .)
 *(SORT(.init_array.*))
 *(.init_array*)
 .init_array    0x0800b85c        0x4 c:/program files (x86)/atollic/truestudio for arm 5.4.2/armtools/bin/../lib/gcc/arm-atollic-eabi/4.8.3/armv7-m/crtbegin.o
 .init_array    0x0800b860        0x4 PAL\STM32F205\Middlewares\ST\STM32_USB_Device_Library\Class\CDC\Src\usbd_cdc_if.o
 .init_array    0x0800b864        0x4 KAL\main.o
 .init_array    0x0800b868        0x4 KAL\TLC5940\TLC5940.o
 .init_array    0x0800b86c        0x4 KAL\ESP8266\ESP8266.o
 .init_array    0x0800b870        0x4 BAL\USB\USB.o
 .init_array    0x0800b874        0x4 BAL\USART\USART.o
 .init_array    0x0800b878        0x4 BAL\RTOS\RTOS.o
 .init_array    0x0800b87c        0x4 BAL\PWM\PWM.o
 .init_array    0x0800b880        0x4 BAL\LEDS\LEDS.o
 .init_array    0x0800b884        0x4 BAL\GPIO\GPIO.o
 .init_array    0x0800b888        0x4 BAL\ADC\ADC.o
                0x0800b88c                PROVIDE (__init_array_end, .)

.fini_array     0x0800b88c        0x4
                0x0800b88c                PROVIDE (__fini_array_start, .)
 *(SORT(.fini_array.*))
 *(.fini_array*)
 .fini_array    0x0800b88c        0x4 c:/program files (x86)/atollic/truestudio for arm 5.4.2/armtools/bin/../lib/gcc/arm-atollic-eabi/4.8.3/armv7-m/crtbegin.o
                0x0800b890                PROVIDE (__fini_array_end, .)
                0x0800b890                _sidata = LOADADDR (.data)

.data           0x20000000      0x24c load address 0x0800b890
                0x20000000                . = ALIGN (0x4)
                0x20000000                _sdata = .
 *(.data)
 .data          0x20000000        0x4 c:/program files (x86)/atollic/truestudio for arm 5.4.2/armtools/bin/../lib/gcc/arm-atollic-eabi/4.8.3/armv7-m/crtbegin.o
                0x20000000                __dso_handle
 *(.data*)
 .data.FS_Desc  0x20000004       0x1c PAL\STM32F205\Middlewares\ST\STM32_USB_Device_Library\Class\CDC\Src\usbd_desc.o
                0x20000004                FS_Desc
 .data.USBD_FS_DeviceDesc
                0x20000020       0x14 PAL\STM32F205\Middlewares\ST\STM32_USB_Device_Library\Class\CDC\Src\usbd_desc.o
                0x20000020                USBD_FS_DeviceDesc
 .data.USBD_LangIDDesc
                0x20000034        0x4 PAL\STM32F205\Middlewares\ST\STM32_USB_Device_Library\Class\CDC\Src\usbd_desc.o
                0x20000034                USBD_LangIDDesc
 .data.USBD_Interface_fops_FS
                0x20000038       0x10 PAL\STM32F205\Middlewares\ST\STM32_USB_Device_Library\Class\CDC\Src\usbd_cdc_if.o
                0x20000038                USBD_Interface_fops_FS
 .data.USBD_CDC_DeviceQualifierDesc
                0x20000048        0xc PAL\STM32F205\Middlewares\ST\STM32_USB_Device_Library\Class\CDC\Src\usbd_cdc.o
 .data.USBD_CDC
                0x20000054       0x38 PAL\STM32F205\Middlewares\ST\STM32_USB_Device_Library\Class\CDC\Src\usbd_cdc.o
                0x20000054                USBD_CDC
 .data.USBD_CDC_CfgHSDesc
                0x2000008c       0x44 PAL\STM32F205\Middlewares\ST\STM32_USB_Device_Library\Class\CDC\Src\usbd_cdc.o
                0x2000008c                USBD_CDC_CfgHSDesc
 .data.USBD_CDC_CfgFSDesc
                0x200000d0       0x44 PAL\STM32F205\Middlewares\ST\STM32_USB_Device_Library\Class\CDC\Src\usbd_cdc.o
                0x200000d0                USBD_CDC_CfgFSDesc
 .data.USBD_CDC_OtherSpeedCfgDesc
                0x20000114       0x44 PAL\STM32F205\Middlewares\ST\STM32_USB_Device_Library\Class\CDC\Src\usbd_cdc.o
                0x20000114                USBD_CDC_OtherSpeedCfgDesc
 .data.xNextTaskUnblockTime
                0x20000158        0x4 PAL\STM32F205\Middlewares\FreeRTOS\Source\tasks.o
 .data.uxCriticalNesting
                0x2000015c        0x4 PAL\STM32F205\Middlewares\FreeRTOS\Source\portable\GCC\ARM_CM3\port.o
 .data.SystemCoreClock
                0x20000160        0x4 PAL\STM32F205\Drivers\CMSIS\Device\ST\STM32F2xx\Source\gcc\system_stm32f2xx.o
                0x20000160                SystemCoreClock
 .data._ZL12GPIOPortList
                0x20000164       0x10 BAL\PWM\PWM.o
 .data._ZL12GPIOPortList
                0x20000174       0x10 BAL\LEDS\LEDS.o
 .data._ZL12GPIOPortList
                0x20000184       0x64 BAL\GPIO\GPIO.o
 .data.impure_data
                0x200001e8       0x60 c:/program files (x86)/atollic/truestudio for arm 5.4.2/armtools/bin/../lib/gcc/arm-atollic-eabi/4.8.3/../../../../arm-atollic-eabi/lib/armv7-m\libc_s.a(lib_a-impure.o)
 .data._impure_ptr
                0x20000248        0x4 c:/program files (x86)/atollic/truestudio for arm 5.4.2/armtools/bin/../lib/gcc/arm-atollic-eabi/4.8.3/../../../../arm-atollic-eabi/lib/armv7-m\libc_s.a(lib_a-impure.o)
                0x20000248                _impure_ptr
                0x2000024c                . = ALIGN (0x4)
                0x2000024c                _edata = .

.igot.plt       0x2000024c        0x0 load address 0x0800badc
 .igot.plt      0x00000000        0x0 c:/program files (x86)/atollic/truestudio for arm 5.4.2/armtools/bin/../lib/gcc/arm-atollic-eabi/4.8.3/armv7-m/crtbegin.o
                0x2000024c                . = ALIGN (0x4)

.bss            0x2000024c     0x5884 load address 0x0800badc
                0x2000024c                _sbss = .
                0x2000024c                __bss_start__ = _sbss
 *(.bss)
 .bss           0x2000024c       0x1c c:/program files (x86)/atollic/truestudio for arm 5.4.2/armtools/bin/../lib/gcc/arm-atollic-eabi/4.8.3/armv7-m/crtbegin.o
 *(.bss*)
 .bss.cfgidx.8997
                0x20000268        0x1 PAL\STM32F205\Middlewares\ST\STM32_USB_Device_Library\Core\Src\usbd_ctlreq.o
 *fill*         0x20000269        0x3 
 .bss.UserRxBufferFS
                0x2000026c      0x800 PAL\STM32F205\Middlewares\ST\STM32_USB_Device_Library\Class\CDC\Src\usbd_cdc_if.o
                0x2000026c                UserRxBufferFS
 .bss.USBRxQueue
                0x20000a6c       0x10 PAL\STM32F205\Middlewares\ST\STM32_USB_Device_Library\Class\CDC\Src\usbd_cdc_if.o
                0x20000a6c                USBRxQueue
 .bss.UserTxBufferFS
                0x20000a7c      0x800 PAL\STM32F205\Middlewares\ST\STM32_USB_Device_Library\Class\CDC\Src\usbd_cdc_if.o
                0x20000a7c                UserTxBufferFS
 .bss.hUsbDevice_0
                0x2000127c        0x4 PAL\STM32F205\Middlewares\ST\STM32_USB_Device_Library\Class\CDC\Src\usbd_cdc_if.o
                0x2000127c                hUsbDevice_0
 .bss.ifalt.8992