Archive member included because of file (symbol)

c:/program files (x86)/atollic/truestudio for arm 5.4.0/armtools/bin/../lib/gcc/arm-atollic-eabi/4.8.3/../../../../arm-atollic-eabi/lib/armv7-m\libc_s.a(lib_a-aeabi_atexit.o)
                              PAL\STM32F205\Middlewares\ST\STM32_USB_Device_Library\Class\CDC\Src\usbd_cdc_if.o (__aeabi_atexit)
c:/program files (x86)/atollic/truestudio for arm 5.4.0/armtools/bin/../lib/gcc/arm-atollic-eabi/4.8.3/../../../../arm-atollic-eabi/lib/armv7-m\libc_s.a(lib_a-cxa_atexit.o)
                              c:/program files (x86)/atollic/truestudio for arm 5.4.0/armtools/bin/../lib/gcc/arm-atollic-eabi/4.8.3/../../../../arm-atollic-eabi/lib/armv7-m\libc_s.a(lib_a-aeabi_atexit.o) (__cxa_atexit)
c:/program files (x86)/atollic/truestudio for arm 5.4.0/armtools/bin/../lib/gcc/arm-atollic-eabi/4.8.3/../../../../arm-atollic-eabi/lib/armv7-m\libc_s.a(lib_a-init.o)
                              PAL\STM32F205\Drivers\CMSIS\Device\ST\STM32F2xx\Source\gcc\startup_stm32f205xx.o (__libc_init_array)
c:/program files (x86)/atollic/truestudio for arm 5.4.0/armtools/bin/../lib/gcc/arm-atollic-eabi/4.8.3/../../../../arm-atollic-eabi/lib/armv7-m\libc_s.a(lib_a-malloc.o)
                              PAL\STM32F205\Middlewares\ST\STM32_USB_Device_Library\Class\CDC\Src\usbd_cdc.o (malloc)
c:/program files (x86)/atollic/truestudio for arm 5.4.0/armtools/bin/../lib/gcc/arm-atollic-eabi/4.8.3/../../../../arm-atollic-eabi/lib/armv7-m\libc_s.a(lib_a-memcpy-stub.o)
                              PAL\STM32F205\Middlewares\FreeRTOS\Source\queue.o (memcpy)
c:/program files (x86)/atollic/truestudio for arm 5.4.0/armtools/bin/../lib/gcc/arm-atollic-eabi/4.8.3/../../../../arm-atollic-eabi/lib/armv7-m\libc_s.a(lib_a-memset.o)
                              PAL\STM32F205\Middlewares\FreeRTOS\Source\tasks.o (memset)
c:/program files (x86)/atollic/truestudio for arm 5.4.0/armtools/bin/../lib/gcc/arm-atollic-eabi/4.8.3/../../../../arm-atollic-eabi/lib/armv7-m\libc_s.a(lib_a-nano-freer.o)
                              c:/program files (x86)/atollic/truestudio for arm 5.4.0/armtools/bin/../lib/gcc/arm-atollic-eabi/4.8.3/../../../../arm-atollic-eabi/lib/armv7-m\libc_s.a(lib_a-malloc.o) (_free_r)
c:/program files (x86)/atollic/truestudio for arm 5.4.0/armtools/bin/../lib/gcc/arm-atollic-eabi/4.8.3/../../../../arm-atollic-eabi/lib/armv7-m\libc_s.a(lib_a-nano-mallocr.o)
                              c:/program files (x86)/atollic/truestudio for arm 5.4.0/armtools/bin/../lib/gcc/arm-atollic-eabi/4.8.3/../../../../arm-atollic-eabi/lib/armv7-m\libc_s.a(lib_a-malloc.o) (_malloc_r)
c:/program files (x86)/atollic/truestudio for arm 5.4.0/armtools/bin/../lib/gcc/arm-atollic-eabi/4.8.3/../../../../arm-atollic-eabi/lib/armv7-m\libc_s.a(lib_a-sbrkr.o)
                              c:/program files (x86)/atollic/truestudio for arm 5.4.0/armtools/bin/../lib/gcc/arm-atollic-eabi/4.8.3/../../../../arm-atollic-eabi/lib/armv7-m\libc_s.a(lib_a-nano-mallocr.o) (_sbrk_r)
c:/program files (x86)/atollic/truestudio for arm 5.4.0/armtools/bin/../lib/gcc/arm-atollic-eabi/4.8.3/../../../../arm-atollic-eabi/lib/armv7-m\libc_s.a(lib_a-sprintf.o)
                              BAL\uSD\uSD.o (sprintf)
c:/program files (x86)/atollic/truestudio for arm 5.4.0/armtools/bin/../lib/gcc/arm-atollic-eabi/4.8.3/../../../../arm-atollic-eabi/lib/armv7-m\libc_s.a(lib_a-strcmp.o)
                              BAL\RTOS\RTOS.o (strcmp)
c:/program files (x86)/atollic/truestudio for arm 5.4.0/armtools/bin/../lib/gcc/arm-atollic-eabi/4.8.3/../../../../arm-atollic-eabi/lib/armv7-m\libc_s.a(lib_a-strcpy.o)
                              BAL\uSD\uSD.o (strcpy)
c:/program files (x86)/atollic/truestudio for arm 5.4.0/armtools/bin/../lib/gcc/arm-atollic-eabi/4.8.3/../../../../arm-atollic-eabi/lib/armv7-m\libc_s.a(lib_a-strlen.o)
                              BAL\uSD\uSD.o (strlen)
c:/program files (x86)/atollic/truestudio for arm 5.4.0/armtools/bin/../lib/gcc/arm-atollic-eabi/4.8.3/../../../../arm-atollic-eabi/lib/armv7-m\libc_s.a(lib_a-svfprintf.o)
                              c:/program files (x86)/atollic/truestudio for arm 5.4.0/armtools/bin/../lib/gcc/arm-atollic-eabi/4.8.3/../../../../arm-atollic-eabi/lib/armv7-m\libc_s.a(lib_a-sprintf.o) (_svfprintf_r)
c:/program files (x86)/atollic/truestudio for arm 5.4.0/armtools/bin/../lib/gcc/arm-atollic-eabi/4.8.3/../../../../arm-atollic-eabi/lib/armv7-m\libc_s.a(lib_a-syscalls.o)
                              c:/program files (x86)/atollic/truestudio for arm 5.4.0/armtools/bin/../lib/gcc/arm-atollic-eabi/4.8.3/../../../../arm-atollic-eabi/lib/armv7-m\libc_s.a(lib_a-sbrkr.o) (_sbrk)
c:/program files (x86)/atollic/truestudio for arm 5.4.0/armtools/bin/../lib/gcc/arm-atollic-eabi/4.8.3/../../../../arm-atollic-eabi/lib/armv7-m\libc_s.a(lib_a-vfprintf_i.o)
[...]
Memory Configuration

Name             Origin             Length             Attributes
FLASH            0x08000000         0x00020000         xr
RAM              0x20000000         0x0000c000         xrw
MEMORY_B1        0x60000000         0x00000000         xr
*default*        0x00000000         0xffffffff

Linker script and memory map

LOAD c:/program files (x86)/atollic/truestudio for arm 5.4.0/armtools/bin/../lib/gcc/arm-atollic-eabi/4.8.3/armv7-m/crti.o
LOAD c:/program files (x86)/atollic/truestudio for arm 5.4.0/armtools/bin/../lib/gcc/arm-atollic-eabi/4.8.3/armv7-m/crtbegin.o
LOAD PAL\stm32f2xx_it.o
LOAD PAL\stm32f2xx_hal_timebase_TIM.o
LOAD PAL\stm32f2xx_hal_msp.o
LOAD PAL\STM32F205\Middlewares\ST\STM32_USB_Device_Library\Core\Src\usbd_ioreq.o
LOAD PAL\STM32F205\Middlewares\ST\STM32_USB_Device_Library\Core\Src\usbd_ctlreq.o
LOAD PAL\STM32F205\Middlewares\ST\STM32_USB_Device_Library\Core\Src\usbd_core.o
LOAD PAL\STM32F205\Middlewares\ST\STM32_USB_Device_Library\Core\Src\usbd_conf.o
LOAD PAL\STM32F205\Middlewares\ST\STM32_USB_Device_Library\Class\CDC\Src\usbd_desc.o
LOAD PAL\STM32F205\Middlewares\ST\STM32_USB_Device_Library\Class\CDC\Src\usbd_cdc_if.o
LOAD PAL\STM32F205\Middlewares\ST\STM32_USB_Device_Library\Class\CDC\Src\usbd_cdc.o
LOAD PAL\STM32F205\Middlewares\FreeRTOS\Source\timers.o
LOAD PAL\STM32F205\Middlewares\FreeRTOS\Source\tasks.o
LOAD PAL\STM32F205\Middlewares\FreeRTOS\Source\queue.o
LOAD PAL\STM32F205\Middlewares\FreeRTOS\Source\portable\MemMang\heap_4.o
LOAD PAL\STM32F205\Middlewares\FreeRTOS\Source\portable\GCC\ARM_CM3\port.o
LOAD PAL\STM32F205\Middlewares\FreeRTOS\Source\list.o
LOAD PAL\STM32F205\Middlewares\FreeRTOS\Source\event_groups.o
LOAD PAL\STM32F205\Middlewares\FreeRTOS\Source\croutine.o
LOAD PAL\STM32F205\Middlewares\FreeRTOS\Source\CMSIS_RTOS\cmsis_os.o
LOAD PAL\STM32F205\Middlewares\FatFs\src\option\syscall.o
LOAD PAL\STM32F205\Middlewares\FatFs\src\ff_gen_drv.o
LOAD PAL\STM32F205\Middlewares\FatFs\src\ff.o
LOAD PAL\STM32F205\Middlewares\FatFs\src\drivers\sd_diskio.o
LOAD PAL\STM32F205\Middlewares\FatFs\src\diskio.o
LOAD PAL\STM32F205\Middlewares\FatFs\src\bsp_driver_sd.o
LOAD PAL\STM32F205\Drivers\STM32F2xx_HAL_Driver\Src\stm32f2xx_ll_usb.o
LOAD PAL\STM32F205\Drivers\STM32F2xx_HAL_Driver\Src\stm32f2xx_ll_sdmmc.o
LOAD PAL\STM32F205\Drivers\STM32F2xx_HAL_Driver\Src\stm32f2xx_ll_fsmc.o
LOAD PAL\STM32F205\Drivers\STM32F2xx_HAL_Driver\Src\stm32f2xx_hal_wwdg.o
LOAD PAL\STM32F205\Drivers\STM32F2xx_HAL_Driver\Src\stm32f2xx_hal_usart.o
LOAD PAL\STM32F205\Drivers\STM32F2xx_HAL_Driver\Src\stm32f2xx_hal_uart.o
LOAD PAL\STM32F205\Drivers\STM32F2xx_HAL_Driver\Src\stm32f2xx_hal_tim_ex.o
LOAD PAL\STM32F205\Drivers\STM32F2xx_HAL_Driver\Src\stm32f2xx_hal_tim.o
LOAD PAL\STM32F205\Drivers\STM32F2xx_HAL_Driver\Src\stm32f2xx_hal_sram.o
LOAD PAL\STM32F205\Drivers\STM32F2xx_HAL_Driver\Src\stm32f2xx_hal_spi.o
LOAD PAL\STM32F205\Drivers\STM32F2xx_HAL_Driver\Src\stm32f2xx_hal_smartcard.o
LOAD PAL\STM32F205\Drivers\STM32F2xx_HAL_Driver\Src\stm32f2xx_hal_sd.o
LOAD PAL\STM32F205\Drivers\STM32F2xx_HAL_Driver\Src\stm32f2xx_hal_rtc_ex.o
LOAD PAL\STM32F205\Drivers\STM32F2xx_HAL_Driver\Src\stm32f2xx_hal_rtc.o
LOAD PAL\STM32F205\Drivers\STM32F2xx_HAL_Driver\Src\stm32f2xx_hal_rng.o
LOAD PAL\STM32F205\Drivers\STM32F2xx_HAL_Driver\Src\stm32f2xx_hal_rcc_ex.o
LOAD PAL\STM32F205\Drivers\STM32F2xx_HAL_Driver\Src\stm32f2xx_hal_rcc.o
LOAD PAL\STM32F205\Drivers\STM32F2xx_HAL_Driver\Src\stm32f2xx_hal_pwr_ex.o
LOAD PAL\STM32F205\Drivers\STM32F2xx_HAL_Driver\Src\stm32f2xx_hal_pwr.o
LOAD PAL\STM32F205\Drivers\STM32F2xx_HAL_Driver\Src\stm32f2xx_hal_pcd_ex.o
LOAD PAL\STM32F205\Drivers\STM32F2xx_HAL_Driver\Src\stm32f2xx_hal_pcd.o
LOAD PAL\STM32F205\Drivers\STM32F2xx_HAL_Driver\Src\stm32f2xx_hal_pccard.o
LOAD PAL\STM32F205\Drivers\STM32F2xx_HAL_Driver\Src\stm32f2xx_hal_nor.o
LOAD PAL\STM32F205\Drivers\STM32F2xx_HAL_Driver\Src\stm32f2xx_hal_nand.o
LOAD PAL\STM32F205\Drivers\STM32F2xx_HAL_Driver\Src\stm32f2xx_hal_iwdg.o
LOAD PAL\STM32F205\Drivers\STM32F2xx_HAL_Driver\Src\stm32f2xx_hal_irda.o
LOAD PAL\STM32F205\Drivers\STM32F2xx_HAL_Driver\Src\stm32f2xx_hal_i2s.o
LOAD PAL\STM32F205\Drivers\STM32F2xx_HAL_Driver\Src\stm32f2xx_hal_i2c.o
LOAD PAL\STM32F205\Drivers\STM32F2xx_HAL_Driver\Src\stm32f2xx_hal_hcd.o
LOAD PAL\STM32F205\Drivers\STM32F2xx_HAL_Driver\Src\stm32f2xx_hal_hash.o
LOAD PAL\STM32F205\Drivers\STM32F2xx_HAL_Driver\Src\stm32f2xx_hal_gpio.o
LOAD PAL\STM32F205\Drivers\STM32F2xx_HAL_Driver\Src\stm32f2xx_hal_flash_ex.o
LOAD PAL\STM32F205\Drivers\STM32F2xx_HAL_Driver\Src\stm32f2xx_hal_flash.o
LOAD PAL\STM32F205\Drivers\STM32F2xx_HAL_Driver\Src\stm32f2xx_hal_eth.o
LOAD PAL\STM32F205\Drivers\STM32F2xx_HAL_Driver\Src\stm32f2xx_hal_dma_ex.o
LOAD PAL\STM32F205\Drivers\STM32F2xx_HAL_Driver\Src\stm32f2xx_hal_dma.o
LOAD PAL\STM32F205\Drivers\STM32F2xx_HAL_Driver\Src\stm32f2xx_hal_dcmi.o
LOAD PAL\STM32F205\Drivers\STM32F2xx_HAL_Driver\Src\stm32f2xx_hal_dac_ex.o
LOAD PAL\STM32F205\Drivers\STM32F2xx_HAL_Driver\Src\stm32f2xx_hal_dac.o
LOAD PAL\STM32F205\Drivers\STM32F2xx_HAL_Driver\Src\stm32f2xx_hal_cryp.o
LOAD PAL\STM32F205\Drivers\STM32F2xx_HAL_Driver\Src\stm32f2xx_hal_crc.o
LOAD PAL\STM32F205\Drivers\STM32F2xx_HAL_Driver\Src\stm32f2xx_hal_cortex.o
LOAD PAL\STM32F205\Drivers\STM32F2xx_HAL_Driver\Src\stm32f2xx_hal_can.o
LOAD PAL\STM32F205\Drivers\STM32F2xx_HAL_Driver\Src\stm32f2xx_hal_adc_ex.o
LOAD PAL\STM32F205\Drivers\STM32F2xx_HAL_Driver\Src\stm32f2xx_hal_adc.o
LOAD PAL\STM32F205\Drivers\STM32F2xx_HAL_Driver\Src\stm32f2xx_hal.o
LOAD PAL\STM32F205\Drivers\CMSIS\Device\ST\STM32F2xx\Source\gcc\system_stm32f2xx.o
LOAD PAL\STM32F205\Drivers\CMSIS\Device\ST\STM32F2xx\Source\gcc\startup_stm32f205xx.o
LOAD KAL\main.o
LOAD BAL\uSD\uSD.o
LOAD BAL\USB\USB.o
LOAD BAL\TOOLS\BufferFunctions.o
LOAD BAL\RTOS\RTOSUtilities.o
LOAD BAL\RTOS\RTOS.o
LOAD BAL\LEDS\LEDS.o
LOAD BAL\GPIO\GPIO.o
LOAD BAL\BAPI.o
LOAD BAL\ADC\ADC.o
START GROUP
LOAD c:/program files (x86)/atollic/truestudio for arm 5.4.0/armtools/bin/../lib/gcc/arm-atollic-eabi/4.8.3/../../../../arm-atollic-eabi/lib/armv7-m\libc_s.a
LOAD c:/program files (x86)/atollic/truestudio for arm 5.4.0/armtools/bin/../lib/gcc/arm-atollic-eabi/4.8.3/../../../../arm-atollic-eabi/lib/armv7-m\libstdc++.a
LOAD c:/program files (x86)/atollic/truestudio for arm 5.4.0/armtools/bin/../lib/gcc/arm-atollic-eabi/4.8.3/../../../../arm-atollic-eabi/lib/armv7-m\libsupc++.a
END GROUP
                0x00001000                malloc_getpagesize_P = 0x1000
LOAD c:/program files (x86)/atollic/truestudio for arm 5.4.0/armtools/bin/../lib/gcc/arm-atollic-eabi/4.8.3/../../../../arm-atollic-eabi/lib/armv7-m\libstdc++.a
LOAD c:/program files (x86)/atollic/truestudio for arm 5.4.0/armtools/bin/../lib/gcc/arm-atollic-eabi/4.8.3/../../../../arm-atollic-eabi/lib/armv7-m\libm.a
START GROUP
LOAD c:/program files (x86)/atollic/truestudio for arm 5.4.0/armtools/bin/../lib/gcc/arm-atollic-eabi/4.8.3/armv7-m\libgcc.a
LOAD c:/program files (x86)/atollic/truestudio for arm 5.4.0/armtools/bin/../lib/gcc/arm-atollic-eabi/4.8.3/../../../../arm-atollic-eabi/lib/armv7-m\libc.a
END GROUP
LOAD c:/program files (x86)/atollic/truestudio for arm 5.4.0/armtools/bin/../lib/gcc/arm-atollic-eabi/4.8.3/armv7-m/crtend.o
LOAD c:/program files (x86)/atollic/truestudio for arm 5.4.0/armtools/bin/../lib/gcc/arm-atollic-eabi/4.8.3/armv7-m/crtn.o
                0x2000c000                _estack = 0x2000c000
                0x00000000                _Min_Heap_Size = 0x0
                0x00000200                _Min_Stack_Size = 0x200

.isr_vector     0x08000000      0x184
                0x08000000                . = ALIGN (0x4)
 *(.isr_vector)
 .isr_vector    0x08000000      0x184 PAL\STM32F205\Drivers\CMSIS\Device\ST\STM32F2xx\Source\gcc\startup_stm32f205xx.o
                0x08000000                g_pfnVectors
                0x08000184                . = ALIGN (0x4)

.text           0x08000184     0xe794
                0x08000184                . = ALIGN (0x4)
 *(.text)
 .text          0x08000184       0x40 c:/program files (x86)/atollic/truestudio for arm 5.4.0/armtools/bin/../lib/gcc/arm-atollic-eabi/4.8.3/armv7-m/crtbegin.o
 .text          0x080001c4       0x14 c:/program files (x86)/atollic/truestudio for arm 5.4.0/armtools/bin/../lib/gcc/arm-atollic-eabi/4.8.3/../../../../arm-atollic-eabi/lib/armv7-m\libc_s.a(lib_a-strcmp.o)
                0x080001c4                strcmp
 *(.text*)
 .text.SysTick_Handler
                0x080001d8        0xc PAL\stm32f2xx_it.o
                0x080001d8                SysTick_Handler
 .text.TIM6_DAC_IRQHandler
                0x080001e4       0x10 PAL\stm32f2xx_it.o
                0x080001e4                TIM6_DAC_IRQHandler
 .text.DMA2_Stream0_IRQHandler
                0x080001f4       0x10 PAL\stm32f2xx_it.o
                0x080001f4                DMA2_Stream0_IRQHandler
 .text.DMA2_Stream3_IRQHandler
                0x08000204       0x10 PAL\stm32f2xx_it.o
                0x08000204                DMA2_Stream3_IRQHandler
 .text.OTG_FS_IRQHandler
                0x08000214       0x10 PAL\stm32f2xx_it.o
                0x08000214                OTG_FS_IRQHandler
 .text.DMA2_Stream6_IRQHandler
                0x08000224       0x10 PAL\stm32f2xx_it.o
                0x08000224                DMA2_Stream6_IRQHandler
 .text.HAL_InitTick
                0x08000234       0xb4 PAL\stm32f2xx_hal_timebase_TIM.o
                0x08000234                HAL_InitTick
 .text.HAL_TIM_PeriodElapsedCallback
                0x080002e8       0x14 PAL\stm32f2xx_hal_timebase_TIM.o
                0x080002e8                HAL_TIM_PeriodElapsedCallback
 .text.HAL_MspInit
                0x080002fc       0x18 PAL\stm32f2xx_hal_msp.o
                0x080002fc                HAL_MspInit
 .text.HAL_ADC_MspInit
                0x08000314       0xe8 PAL\stm32f2xx_hal_msp.o
                0x08000314                HAL_ADC_MspInit
 .text.HAL_SD_MspInit
                0x080003fc      0x170 PAL\stm32f2xx_hal_msp.o
                0x080003fc                HAL_SD_MspInit
 .text.HAL_TIM_Base_MspInit
                0x0800056c       0x40 PAL\stm32f2xx_hal_msp.o
                0x0800056c                HAL_TIM_Base_MspInit
 .text.USBD_CtlSendData
                0x080005ac       0x38 PAL\STM32F205\Middlewares\ST\STM32_USB_Device_Library\Core\Src\usbd_ioreq.o
                0x080005ac                USBD_CtlSendData
 .text.USBD_CtlContinueSendData
                0x080005e4       0x24 PAL\STM32F205\Middlewares\ST\STM32_USB_Device_Library\Core\Src\usbd_ioreq.o
                0x080005e4                USBD_CtlContinueSendData
 .text.USBD_CtlPrepareRx
                0x08000608       0x3c PAL\STM32F205\Middlewares\ST\STM32_USB_Device_Library\Core\Src\usbd_ioreq.o
                0x08000608                USBD_CtlPrepareRx
 .text.USBD_CtlContinueRx
                0x08000644       0x24 PAL\STM32F205\Middlewares\ST\STM32_USB_Device_Library\Core\Src\usbd_ioreq.o
                0x08000644                USBD_CtlContinueRx
 .text.USBD_CtlSendStatus
                0x08000668       0x28 PAL\STM32F205\Middlewares\ST\STM32_USB_Device_Library\Core\Src\usbd_ioreq.o
                0x08000668                USBD_CtlSendStatus
 .text.USBD_CtlReceiveStatus
                0x08000690       0x28 PAL\STM32F205\Middlewares\ST\STM32_USB_Device_Library\Core\Src\usbd_ioreq.o
                0x08000690                USBD_CtlReceiveStatus
 .text.USBD_StdDevReq
                0x080006b8       0xa0 PAL\STM32F205\Middlewares\ST\STM32_USB_Device_Library\Core\Src\usbd_ctlreq.o
                0x080006b8                USBD_StdDevReq
 .text.USBD_StdItfReq
                0x08000758       0x68 PAL\STM32F205\Middlewares\ST\STM32_USB_Device_Library\Core\Src\usbd_ctlreq.o
                0x08000758                USBD_StdItfReq
 .text.USBD_StdEPReq
                0x080007c0      0x1b0 PAL\STM32F205\Middlewares\ST\STM32_USB_Device_Library\Core\Src\usbd_ctlreq.o
                0x080007c0                USBD_StdEPReq
 .text.USBD_GetDescriptor
                0x08000970      0x1f8 PAL\STM32F205\Middlewares\ST\STM32_USB_Device_Library\Core\Src\usbd_ctlreq.o
 .text.USBD_SetAddress
                0x08000b68       0x7c PAL\STM32F205\Middlewares\ST\STM32_USB_Device_Library\Core\Src\usbd_ctlreq.o
 .text.USBD_SetConfig
                0x08000be4      0x114 PAL\STM32F205\Middlewares\ST\STM32_USB_Device_Library\Core\Src\usbd_ctlreq.o
 .text.USBD_GetConfig
                0x08000cf8       0x64 PAL\STM32F205\Middlewares\ST\STM32_USB_Device_Library\Core\Src\usbd_ctlreq.o
 .text.USBD_GetStatus
                0x08000d5c       0x54 PAL\STM32F205\Middlewares\ST\STM32_USB_Device_Library\Core\Src\usbd_ctlreq.o
 .text.USBD_SetFeature
                0x08000db0       0x34 PAL\STM32F205\Middlewares\ST\STM32_USB_Device_Library\Core\Src\usbd_ctlreq.o
 .text.USBD_ClrFeature
                0x08000de4       0x50 PAL\STM32F205\Middlewares\ST\STM32_USB_Device_Library\Core\Src\usbd_ctlreq.o
 .text.USBD_ParseSetupRequest
                0x08000e34       0x74 PAL\STM32F205\Middlewares\ST\STM32_USB_Device_Library\Core\Src\usbd_ctlreq.o
                0x08000e34                USBD_ParseSetupRequest
 .text.USBD_CtlError
                0x08000ea8       0x20 PAL\STM32F205\Middlewares\ST\STM32_USB_Device_Library\Core\Src\usbd_ctlreq.o
                0x08000ea8                USBD_CtlError
 .text.USBD_GetString
                0x08000ec8       0x7c PAL\STM32F205\Middlewares\ST\STM32_USB_Device_Library\Core\Src\usbd_ctlreq.o
                0x08000ec8                USBD_GetString
 .text.USBD_GetLen
                0x08000f44       0x30 PAL\STM32F205\Middlewares\ST\STM32_USB_Device_Library\Core\Src\usbd_ctlreq.o
 .text.USBD_Init
                0x08000f74       0x58 PAL\STM32F205\Middlewares\ST\STM32_USB_Device_Library\Core\Src\usbd_core.o
                0x08000f74                USBD_Init
 .text.USBD_RegisterClass
                0x08000fcc       0x34 PAL\STM32F205\Middlewares\ST\STM32_USB_Device_Library\Core\Src\usbd_core.o
                0x08000fcc                USBD_RegisterClass
 .text.USBD_Start
                0x08001000       0x18 PAL\STM32F205\Middlewares\ST\STM32_USB_Device_Library\Core\Src\usbd_core.o
                0x08001000                USBD_Start
 .text.USBD_RunTestMode
                0x08001018       0x18 PAL\STM32F205\Middlewares\ST\STM32_USB_Device_Library\Core\Src\usbd_core.o
                0x08001018                USBD_RunTestMode
 .text.USBD_SetClassConfig
                0x08001030       0x40 PAL\STM32F205\Middlewares\ST\STM32_USB_Device_Library\Core\Src\usbd_core.o
                0x08001030                USBD_SetClassConfig
 .text.USBD_ClrClassConfig
                0x08001070       0x28 PAL\STM32F205\Middlewares\ST\STM32_USB_Device_Library\Core\Src\usbd_core.o
                0x08001070                USBD_ClrClassConfig
 .text.USBD_LL_SetupStage
                0x08001098       0x94 PAL\STM32F205\Middlewares\ST\STM32_USB_Device_Library\Core\Src\usbd_core.o
                0x08001098                USBD_LL_SetupStage
 .text.USBD_LL_DataOutStage
                0x0800112c       0xb8 PAL\STM32F205\Middlewares\ST\STM32_USB_Device_Library\Core\Src\usbd_core.o
                0x0800112c                USBD_LL_DataOutStage
 .text.USBD_LL_DataInStage
                0x080011e4      0x120 PAL\STM32F205\Middlewares\ST\STM32_USB_Device_Library\Core\Src\usbd_core.o
                0x080011e4                USBD_LL_DataInStage
 .text.USBD_LL_Reset
                0x08001304       0x60 PAL\STM32F205\Middlewares\ST\STM32_USB_Device_Library\Core\Src\usbd_core.o
                0x08001304                USBD_LL_Reset
 .text.USBD_LL_SetSpeed
                0x08001364       0x20 PAL\STM32F205\Middlewares\ST\STM32_USB_Device_Library\Core\Src\usbd_core.o
                0x08001364                USBD_LL_SetSpeed
 .text.USBD_LL_Suspend
                0x08001384       0x2c PAL\STM32F205\Middlewares\ST\STM32_USB_Device_Library\Core\Src\usbd_core.o
                0x08001384                USBD_LL_Suspend
 .text.USBD_LL_Resume
                0x080013b0       0x24 PAL\STM32F205\Middlewares\ST\STM32_USB_Device_Library\Core\Src\usbd_core.o
                0x080013b0                USBD_LL_Resume
 .text.USBD_LL_SOF
                0x080013d4       0x34 PAL\STM32F205\Middlewares\ST\STM32_USB_Device_Library\Core\Src\usbd_core.o
                0x080013d4                USBD_LL_SOF
 .text.USBD_LL_IsoINIncomplete
                0x08001408       0x1c PAL\STM32F205\Middlewares\ST\STM32_USB_Device_Library\Core\Src\usbd_core.o
                0x08001408                USBD_LL_IsoINIncomplete
 .text.USBD_LL_IsoOUTIncomplete
                0x08001424       0x1c PAL\STM32F205\Middlewares\ST\STM32_USB_Device_Library\Core\Src\usbd_core.o
                0x08001424                USBD_LL_IsoOUTIncomplete
 .text.USBD_LL_DevConnected
                0x08001440       0x18 PAL\STM32F205\Middlewares\ST\STM32_USB_Device_Library\Core\Src\usbd_core.o
                0x08001440                USBD_LL_DevConnected
 .text.USBD_LL_DevDisconnected
                0x08001458       0x30 PAL\STM32F205\Middlewares\ST\STM32_USB_Device_Library\Core\Src\usbd_core.o
                0x08001458                USBD_LL_DevDisconnected
 .text.HAL_PCD_MspInit
                0x08001488       0x7c PAL\STM32F205\Middlewares\ST\STM32_USB_Device_Library\Core\Src\usbd_conf.o
                0x08001488                HAL_PCD_MspInit
 .text.HAL_PCD_SetupStageCallback
                0x08001504       0x24 PAL\STM32F205\Middlewares\ST\STM32_USB_Device_Library\Core\Src\usbd_conf.o
                0x08001504                HAL_PCD_SetupStageCallback
 .text.HAL_PCD_DataOutStageCallback
                0x08001528       0x38 PAL\STM32F205\Middlewares\ST\STM32_USB_Device_Library\Core\Src\usbd_conf.o
                0x08001528                HAL_PCD_DataOutStageCallback
 .text.HAL_PCD_DataInStageCallback
                0x08001560       0x38 PAL\STM32F205\Middlewares\ST\STM32_USB_Device_Library\Core\Src\usbd_conf.o
                0x08001560                HAL_PCD_DataInStageCallback
 .text.HAL_PCD_SOFCallback
                0x08001598       0x1c PAL\STM32F205\Middlewares\ST\STM32_USB_Device_Library\Core\Src\usbd_conf.o
                0x08001598                HAL_PCD_SOFCallback
 .text.HAL_PCD_ResetCallback
                0x080015b4       0x50 PAL\STM32F205\Middlewares\ST\STM32_USB_Device_Library\Core\Src\usbd_conf.o
                0x080015b4                HAL_PCD_ResetCallback
 .text.HAL_PCD_SuspendCallback
                0x08001604       0x4c PAL\STM32F205\Middlewares\ST\STM32_USB_Device_Library\Core\Src\usbd_conf.o
                0x08001604                HAL_PCD_SuspendCallback
 .text.HAL_PCD_ResumeCallback
                0x08001650       0x1c PAL\STM32F205\Middlewares\ST\STM32_USB_Device_Library\Core\Src\usbd_conf.o
                0x08001650                HAL_PCD_ResumeCallback
 .text.HAL_PCD_ISOOUTIncompleteCallback
                0x0800166c       0x24 PAL\STM32F205\Middlewares\ST\STM32_USB_Device_Library\Core\Src\usbd_conf.o
                0x0800166c                HAL_PCD_ISOOUTIncompleteCallback
 .text.HAL_PCD_ISOINIncompleteCallback
                0x08001690       0x24 PAL\STM32F205\Middlewares\ST\STM32_USB_Device_Library\Core\Src\usbd_conf.o
                0x08001690                HAL_PCD_ISOINIncompleteCallback
 .text.HAL_PCD_ConnectCallback
                0x080016b4       0x1c PAL\STM32F205\Middlewares\ST\STM32_USB_Device_Library\Core\Src\usbd_conf.o
                0x080016b4                HAL_PCD_ConnectCallback
 .text.HAL_PCD_DisconnectCallback
                0x080016d0       0x1c PAL\STM32F205\Middlewares\ST\STM32_USB_Device_Library\Core\Src\usbd_conf.o
                0x080016d0                HAL_PCD_DisconnectCallback
 .text.USBD_LL_Init
                0x080016ec       0x90 PAL\STM32F205\Middlewares\ST\STM32_USB_Device_Library\Core\Src\usbd_conf.o
                0x080016ec                USBD_LL_Init
 .text.USBD_LL_Start
                0x0800177c       0x20 PAL\STM32F205\Middlewares\ST\STM32_USB_Device_Library\Core\Src\usbd_conf.o
                0x0800177c                USBD_LL_Start
 .text.USBD_LL_OpenEP
                0x0800179c       0x28 PAL\STM32F205\Middlewares\ST\STM32_USB_Device_Library\Core\Src\usbd_conf.o
                0x0800179c                USBD_LL_OpenEP
 .text.USBD_LL_CloseEP
                0x080017c4       0x28 PAL\STM32F205\Middlewares\ST\STM32_USB_Device_Library\Core\Src\usbd_conf.o
                0x080017c4                USBD_LL_CloseEP
 .text.USBD_LL_StallEP
                0x080017ec       0x28 PAL\STM32F205\Middlewares\ST\STM32_USB_Device_Library\Core\Src\usbd_conf.o
                0x080017ec                USBD_LL_StallEP
 .text.USBD_LL_ClearStallEP
                0x08001814       0x28 PAL\STM32F205\Middlewares\ST\STM32_USB_Device_Library\Core\Src\usbd_conf.o
                0x08001814                USBD_LL_ClearStallEP
 .text.USBD_LL_IsStallEP
                0x0800183c       0x58 PAL\STM32F205\Middlewares\ST\STM32_USB_Device_Library\Core\Src\usbd_conf.o
                0x0800183c                USBD_LL_IsStallEP
 .text.USBD_LL_SetUSBAddress
                0x08001894       0x28 PAL\STM32F205\Middlewares\ST\STM32_USB_Device_Library\Core\Src\usbd_conf.o
                0x08001894                USBD_LL_SetUSBAddress
 .text.USBD_LL_Transmit
                0x080018bc       0x30 PAL\STM32F205\Middlewares\ST\STM32_USB_Device_Library\Core\Src\usbd_conf.o
                0x080018bc                USBD_LL_Transmit
 .text.USBD_LL_PrepareReceive
                0x080018ec       0x30 PAL\STM32F205\Middlewares\ST\STM32_USB_Device_Library\Core\Src\usbd_conf.o
                0x080018ec                USBD_LL_PrepareReceive
 .text.USBD_LL_GetRxDataSize
                0x0800191c       0x28 PAL\STM32F205\Middlewares\ST\STM32_USB_Device_Library\Core\Src\usbd_conf.o
                0x0800191c                USBD_LL_GetRxDataSize
 .text.USBD_FS_DeviceDescriptor
                0x08001944       0x24 PAL\STM32F205\Middlewares\ST\STM32_USB_Device_Library\Class\CDC\Src\usbd_desc.o
                0x08001944                USBD_FS_DeviceDescriptor
 .text.USBD_FS_LangIDStrDescriptor
                0x08001968       0x24 PAL\STM32F205\Middlewares\ST\STM32_USB_Device_Library\Class\CDC\Src\usbd_desc.o
                0x08001968                USBD_FS_LangIDStrDescriptor
 .text.USBD_FS_ProductStrDescriptor
                0x0800198c       0x3c PAL\STM32F205\Middlewares\ST\STM32_USB_Device_Library\Class\CDC\Src\usbd_desc.o
                0x0800198c                USBD_FS_ProductStrDescriptor
 .text.USBD_FS_ManufacturerStrDescriptor
                0x080019c8       0x28 PAL\STM32F205\Middlewares\ST\STM32_USB_Device_Library\Class\CDC\Src\usbd_desc.o
                0x080019c8                USBD_FS_ManufacturerStrDescriptor
 .text.USBD_FS_SerialStrDescriptor
                0x080019f0       0x3c PAL\STM32F205\Middlewares\ST\STM32_USB_Device_Library\Class\CDC\Src\usbd_desc.o
                0x080019f0                USBD_FS_SerialStrDescriptor
 .text.USBD_FS_ConfigStrDescriptor
                0x08001a2c       0x3c PAL\STM32F205\Middlewares\ST\STM32_USB_Device_Library\Class\CDC\Src\usbd_desc.o
                0x08001a2c                USBD_FS_ConfigStrDescriptor
 .text.USBD_FS_InterfaceStrDescriptor
                0x08001a68       0x3c PAL\STM32F205\Middlewares\ST\STM32_USB_Device_Library\Class\CDC\Src\usbd_desc.o
                0x08001a68                USBD_FS_InterfaceStrDescriptor
 .text._ZL11CDC_Init_FSv
                0x08001aa4       0x3c PAL\STM32F205\Middlewares\ST\STM32_USB_Device_Library\Class\CDC\Src\usbd_cdc_if.o
 .text._ZL13CDC_DeInit_FSv
                0x08001ae0       0x14 PAL\STM32F205\Middlewares\ST\STM32_USB_Device_Library\Class\CDC\Src\usbd_cdc_if.o
 .text._ZL14CDC_Control_FShPht
                0x08001af4       0xc0 PAL\STM32F205\Middlewares\ST\STM32_USB_Device_Library\Class\CDC\Src\usbd_cdc_if.o
 .text._ZL14CDC_Receive_FSPhPm
                0x08001bb4       0x4c PAL\STM32F205\Middlewares\ST\STM32_USB_Device_Library\Class\CDC\Src\usbd_cdc_if.o
 .text.CDC_Transmit_FS
                0x08001c00       0x68 PAL\STM32F205\Middlewares\ST\STM32_USB_Device_Library\Class\CDC\Src\usbd_cdc_if.o
                0x08001c00                CDC_Transmit_FS
 .text._Z41__static_initialization_and_destruction_0ii
                0x08001c68       0x3c PAL\STM32F205\Middlewares\ST\STM32_USB_Device_Library\Class\CDC\Src\usbd_cdc_if.o
 .text._GLOBAL__sub_I_UserRxBufferFS
                0x08001ca4       0x10 PAL\STM32F205\Middlewares\ST\STM32_USB_Device_Library\Class\CDC\Src\usbd_cdc_if.o
 .text.USBD_CDC_Init
                0x08001cb4       0xd8 PAL\STM32F205\Middlewares\ST\STM32_USB_Device_Library\Class\CDC\Src\usbd_cdc.o
 .text.USBD_CDC_DeInit
                0x08001d8c       0x5c PAL\STM32F205\Middlewares\ST\STM32_USB_Device_Library\Class\CDC\Src\usbd_cdc.o
 .text.USBD_CDC_Setup
                0x08001de8       0xc4 PAL\STM32F205\Middlewares\ST\STM32_USB_Device_Library\Class\CDC\Src\usbd_cdc.o
 .text.USBD_CDC_DataIn
                0x08001eac       0x38 PAL\STM32F205\Middlewares\ST\STM32_USB_Device_Library\Class\CDC\Src\usbd_cdc.o
 .text.USBD_CDC_DataOut
                0x08001ee4       0x58 PAL\STM32F205\Middlewares\ST\STM32_USB_Device_Library\Class\CDC\Src\usbd_cdc.o
 .text.USBD_CDC_EP0_RxReady
                0x08001f3c       0x50 PAL\STM32F205\Middlewares\ST\STM32_USB_Device_Library\Class\CDC\Src\usbd_cdc.o
 .text.USBD_CDC_GetFSCfgDesc
                0x08001f8c       0x20 PAL\STM32F205\Middlewares\ST\STM32_USB_Device_Library\Class\CDC\Src\usbd_cdc.o
 .text.USBD_CDC_GetHSCfgDesc
                0x08001fac       0x20 PAL\STM32F205\Middlewares\ST\STM32_USB_Device_Library\Class\CDC\Src\usbd_cdc.o
 .text.USBD_CDC_GetOtherSpeedCfgDesc
                0x08001fcc       0x20 PAL\STM32F205\Middlewares\ST\STM32_USB_Device_Library\Class\CDC\Src\usbd_cdc.o
 .text.USBD_CDC_GetDeviceQualifierDescriptor
                0x08001fec       0x20 PAL\STM32F205\Middlewares\ST\STM32_USB_Device_Library\Class\CDC\Src\usbd_cdc.o
                0x08001fec                USBD_CDC_GetDeviceQualifierDescriptor
 .text.USBD_CDC_RegisterInterface
                0x0800200c       0x30 PAL\STM32F205\Middlewares\ST\STM32_USB_Device_Library\Class\CDC\Src\usbd_cdc.o
                0x0800200c                USBD_CDC_RegisterInterface
 .text.USBD_CDC_SetTxBuffer
                0x0800203c       0x34 PAL\STM32F205\Middlewares\ST\STM32_USB_Device_Library\Class\CDC\Src\usbd_cdc.o
                0x0800203c                USBD_CDC_SetTxBuffer
 .text.USBD_CDC_SetRxBuffer
                0x08002070       0x28 PAL\STM32F205\Middlewares\ST\STM32_USB_Device_Library\Class\CDC\Src\usbd_cdc.o
                0x08002070                USBD_CDC_SetRxBuffer
 .text.USBD_CDC_TransmitPacket
                0x08002098       0x54 PAL\STM32F205\Middlewares\ST\STM32_USB_Device_Library\Class\CDC\Src\usbd_cdc.o
                0x08002098                USBD_CDC_TransmitPacket
 .text.USBD_CDC_ReceivePacket
                0x080020ec       0x58 PAL\STM32F205\Middlewares\ST\STM32_USB_Device_Library\Class\CDC\Src\usbd_cdc.o
                0x080020ec                USBD_CDC_ReceivePacket
 .text.xTaskGenericCreate
                0x08002144      0x164 PAL\STM32F205\Middlewares\FreeRTOS\Source\tasks.o
                0x08002144                xTaskGenericCreate
 .text.vTaskDelay
                0x080022a8       0x84 PAL\STM32F205\Middlewares\FreeRTOS\Source\tasks.o
                0x080022a8                vTaskDelay
 .text.vTaskStartScheduler
                0x0800232c       0x64 PAL\STM32F205\Middlewares\FreeRTOS\Source\tasks.o
                0x0800232c                vTaskStartScheduler
 .text.vTaskSuspendAll
                0x08002390       0x1c PAL\STM32F205\Middlewares\FreeRTOS\Source\tasks.o
                0x08002390                vTaskSuspendAll
 .text.xTaskResumeAll
                0x080023ac      0x108 PAL\STM32F205\Middlewares\FreeRTOS\Source\tasks.o
                0x080023ac                xTaskResumeAll
 .text.xTaskIncrementTick
                0x080024b4      0x16c PAL\STM32F205\Middlewares\FreeRTOS\Source\tasks.o
                0x080024b4                xTaskIncrementTick
 .text.vTaskSwitchContext
                0x08002620       0xa0 PAL\STM32F205\Middlewares\FreeRTOS\Source\tasks.o
                0x08002620                vTaskSwitchContext
 .text.vTaskPlaceOnEventList
                0x080026c0       0x8c PAL\STM32F205\Middlewares\FreeRTOS\Source\tasks.o
                0x080026c0                vTaskPlaceOnEventList
 .text.xTaskRemoveFromEventList
                0x0800274c       0xb4 PAL\STM32F205\Middlewares\FreeRTOS\Source\tasks.o
                0x0800274c                xTaskRemoveFromEventList
 .text.vTaskSetTimeOutState
                0x08002800       0x34 PAL\STM32F205\Middlewares\FreeRTOS\Source\tasks.o
                0x08002800                vTaskSetTimeOutState
 .text.xTaskCheckForTimeOut
                0x08002834       0xa0 PAL\STM32F205\Middlewares\FreeRTOS\Source\tasks.o
                0x08002834                xTaskCheckForTimeOut
 .text.vTaskMissedYield
                0x080028d4       0x18 PAL\STM32F205\Middlewares\FreeRTOS\Source\tasks.o
                0x080028d4                vTaskMissedYield
 .text.prvIdleTask
                0x080028ec       0x20 PAL\STM32F205\Middlewares\FreeRTOS\Source\tasks.o
 .text.prvInitialiseTCBVariables
                0x0800290c       0xa4 PAL\STM32F205\Middlewares\FreeRTOS\Source\tasks.o
 .text.prvInitialiseTaskLists
                0x080029b0       0x7c PAL\STM32F205\Middlewares\FreeRTOS\Source\tasks.o
 .text.prvCheckTasksWaitingTermination
                0x08002a2c       0x74 PAL\STM32F205\Middlewares\FreeRTOS\Source\tasks.o
 .text.prvAddCurrentTaskToDelayedList
                0x08002aa0       0x6c PAL\STM32F205\Middlewares\FreeRTOS\Source\tasks.o
 .text.prvAllocateTCBAndStack
                0x08002b0c       0x70 PAL\STM32F205\Middlewares\FreeRTOS\Source\tasks.o
 .text.prvDeleteTCB
                0x08002b7c       0x20 PAL\STM32F205\Middlewares\FreeRTOS\Source\tasks.o
 .text.prvResetNextTaskUnblockTime
                0x08002b9c       0x48 PAL\STM32F205\Middlewares\FreeRTOS\Source\tasks.o
 .text.xTaskGetSchedulerState
                0x08002be4       0x3c PAL\STM32F205\Middlewares\FreeRTOS\Source\tasks.o
                0x08002be4                xTaskGetSchedulerState
 .text.vTaskPriorityInherit
                0x08002c20       0xec PAL\STM32F205\Middlewares\FreeRTOS\Source\tasks.o
                0x08002c20                vTaskPriorityInherit
 .text.xTaskPriorityDisinherit
                0x08002d0c       0xec PAL\STM32F205\Middlewares\FreeRTOS\Source\tasks.o
                0x08002d0c                xTaskPriorityDisinherit
 .text.pvTaskIncrementMutexHeldCount
                0x08002df8       0x28 PAL\STM32F205\Middlewares\FreeRTOS\Source\tasks.o
                0x08002df8                pvTaskIncrementMutexHeldCount
 .text.xQueueGenericReset
                0x08002e20       0xb0 PAL\STM32F205\Middlewares\FreeRTOS\Source\queue.o
                0x08002e20                xQueueGenericReset
 .text.xQueueGenericCreate
                0x08002ed0       0x9c PAL\STM32F205\Middlewares\FreeRTOS\Source\queue.o
                0x08002ed0                xQueueGenericCreate
 .text.xQueueCreateCountingSemaphore
                0x08002f6c       0x54 PAL\STM32F205\Middlewares\FreeRTOS\Source\queue.o
                0x08002f6c                xQueueCreateCountingSemaphore
 .text.xQueueGenericSend
                0x08002fc0      0x18c PAL\STM32F205\Middlewares\FreeRTOS\Source\queue.o
                0x08002fc0                xQueueGenericSend
 .text.xQueueGiveFromISR
                0x0800314c       0xbc PAL\STM32F205\Middlewares\FreeRTOS\Source\queue.o
                0x0800314c                xQueueGiveFromISR
 .text.xQueueGenericReceive
                0x08003208      0x1bc PAL\STM32F205\Middlewares\FreeRTOS\Source\queue.o
                0x08003208                xQueueGenericReceive
 .text.xQueueReceiveFromISR
                0x080033c4       0xb4 PAL\STM32F205\Middlewares\FreeRTOS\Source\queue.o
                0x080033c4                xQueueReceiveFromISR
 .text.vQueueDelete
                0x08003478       0x2c PAL\STM32F205\Middlewares\FreeRTOS\Source\queue.o
                0x08003478                vQueueDelete
 .text.prvCopyDataToQueue
                0x080034a4       0xdc PAL\STM32F205\Middlewares\FreeRTOS\Source\queue.o
 .text.prvCopyDataFromQueue
                0x08003580       0x4c PAL\STM32F205\Middlewares\FreeRTOS\Source\queue.o
 .text.prvUnlockQueue
                0x080035cc       0x98 PAL\STM32F205\Middlewares\FreeRTOS\Source\queue.o
 .text.prvIsQueueEmpty
                0x08003664       0x2c PAL\STM32F205\Middlewares\FreeRTOS\Source\queue.o
 .text.prvIsQueueFull
                0x08003690       0x30 PAL\STM32F205\Middlewares\FreeRTOS\Source\queue.o
 .text.vQueueUnregisterQueue
                0x080036c0       0x44 PAL\STM32F205\Middlewares\FreeRTOS\Source\queue.o
                0x080036c0                vQueueUnregisterQueue
 .text.pvPortMalloc
                0x08003704      0x158 PAL\STM32F205\Middlewares\FreeRTOS\Source\portable\MemMang\heap_4.o
                0x08003704                pvPortMalloc
 .text.vPortFree
                0x0800385c       0x94 PAL\STM32F205\Middlewares\FreeRTOS\Source\portable\MemMang\heap_4.o
                0x0800385c                vPortFree
 .text.prvHeapInit
                0x080038f0       0xc4 PAL\STM32F205\Middlewares\FreeRTOS\Source\portable\MemMang\heap_4.o
 .text.prvInsertBlockIntoFreeList
                0x080039b4       0xb0 PAL\STM32F205\Middlewares\FreeRTOS\Source\portable\MemMang\heap_4.o
 .text.pxPortInitialiseStack
                0x08003a64       0x58 PAL\STM32F205\Middlewares\FreeRTOS\Source\portable\GCC\ARM_CM3\port.o
                0x08003a64                pxPortInitialiseStack
 .text.prvTaskExitError
                0x08003abc       0x20 PAL\STM32F205\Middlewares\FreeRTOS\Source\portable\GCC\ARM_CM3\port.o
 .text.SVC_Handler
                0x08003adc       0x24 PAL\STM32F205\Middlewares\FreeRTOS\Source\portable\GCC\ARM_CM3\port.o
                0x08003adc                SVC_Handler
 .text.prvPortStartFirstTask
                0x08003b00       0x20 PAL\STM32F205\Middlewares\FreeRTOS\Source\portable\GCC\ARM_CM3\port.o
 .text.xPortStartScheduler
                0x08003b20       0xbc PAL\STM32F205\Middlewares\FreeRTOS\Source\portable\GCC\ARM_CM3\port.o
                0x08003b20                xPortStartScheduler
 .text.vPortYield
                0x08003bdc       0x20 PAL\STM32F205\Middlewares\FreeRTOS\Source\portable\GCC\ARM_CM3\port.o
                0x08003bdc                vPortYield
 .text.vPortEnterCritical
                0x08003bfc       0x3c PAL\STM32F205\Middlewares\FreeRTOS\Source\portable\GCC\ARM_CM3\port.o
                0x08003bfc                vPortEnterCritical
 .text.vPortExitCritical
                0x08003c38       0x30 PAL\STM32F205\Middlewares\FreeRTOS\Source\portable\GCC\ARM_CM3\port.o
                0x08003c38                vPortExitCritical
 .text.ulPortSetInterruptMask
                0x08003c68       0x14 PAL\STM32F205\Middlewares\FreeRTOS\Source\portable\GCC\ARM_CM3\port.o
                0x08003c68                ulPortSetInterruptMask
 .text.vPortClearInterruptMask
                0x08003c7c        0x8 PAL\STM32F205\Middlewares\FreeRTOS\Source\portable\GCC\ARM_CM3\port.o
                0x08003c7c                vPortClearInterruptMask
 .text.PendSV_Handler
                0x08003c84       0x44 PAL\STM32F205\Middlewares\FreeRTOS\Source\portable\GCC\ARM_CM3\port.o
                0x08003c84                PendSV_Handler
 .text.xPortSysTickHandler
                0x08003cc8       0x28 PAL\STM32F205\Middlewares\FreeRTOS\Source\portable\GCC\ARM_CM3\port.o
                0x08003cc8                xPortSysTickHandler
 .text.vPortSetupTimerInterrupt
                0x08003cf0       0x34 PAL\STM32F205\Middlewares\FreeRTOS\Source\portable\GCC\ARM_CM3\port.o
                0x08003cf0                vPortSetupTimerInterrupt
 .text.vPortValidateInterruptPriority
                0x08003d24       0x58 PAL\STM32F205\Middlewares\FreeRTOS\Source\portable\GCC\ARM_CM3\port.o
                0x08003d24                vPortValidateInterruptPriority
 .text.vListInitialise
                0x08003d7c       0x40 PAL\STM32F205\Middlewares\FreeRTOS\Source\list.o
                0x08003d7c                vListInitialise
 .text.vListInitialiseItem
                0x08003dbc       0x18 PAL\STM32F205\Middlewares\FreeRTOS\Source\list.o
                0x08003dbc                vListInitialiseItem
 .text.vListInsertEnd
                0x08003dd4       0x48 PAL\STM32F205\Middlewares\FreeRTOS\Source\list.o
                0x08003dd4                vListInsertEnd
 .text.vListInsert
                0x08003e1c       0x70 PAL\STM32F205\Middlewares\FreeRTOS\Source\list.o
                0x08003e1c                vListInsert
 .text.uxListRemove
                0x08003e8c       0x54 PAL\STM32F205\Middlewares\FreeRTOS\Source\list.o
                0x08003e8c                uxListRemove
 .text.makeFreeRtosPriority
                0x08003ee0       0x30 PAL\STM32F205\Middlewares\FreeRTOS\Source\CMSIS_RTOS\cmsis_os.o
 .text.inHandlerMode
                0x08003f10       0x24 PAL\STM32F205\Middlewares\FreeRTOS\Source\CMSIS_RTOS\cmsis_os.o
 .text.osKernelStart
                0x08003f34       0x10 PAL\STM32F205\Middlewares\FreeRTOS\Source\CMSIS_RTOS\cmsis_os.o
                0x08003f34                osKernelStart
 .text.osThreadCreate
                0x08003f44       0x58 PAL\STM32F205\Middlewares\FreeRTOS\Source\CMSIS_RTOS\cmsis_os.o
                0x08003f44                osThreadCreate
 .text.osDelay  0x08003f9c       0x28 PAL\STM32F205\Middlewares\FreeRTOS\Source\CMSIS_RTOS\cmsis_os.o
                0x08003f9c                osDelay
 .text.osSemaphoreCreate
                0x08003fc4       0x48 PAL\STM32F205\Middlewares\FreeRTOS\Source\CMSIS_RTOS\cmsis_os.o
                0x08003fc4                osSemaphoreCreate
 .text.osSemaphoreWait
                0x0800400c       0x98 PAL\STM32F205\Middlewares\FreeRTOS\Source\CMSIS_RTOS\cmsis_os.o
                0x0800400c                osSemaphoreWait
 .text.osSemaphoreRelease
                0x080040a4       0x64 PAL\STM32F205\Middlewares\FreeRTOS\Source\CMSIS_RTOS\cmsis_os.o
                0x080040a4                osSemaphoreRelease
 .text.osSemaphoreDelete
                0x08004108       0x28 PAL\STM32F205\Middlewares\FreeRTOS\Source\CMSIS_RTOS\cmsis_os.o
                0x08004108                osSemaphoreDelete
 .text.osSystickHandler
                0x08004130       0x14 PAL\STM32F205\Middlewares\FreeRTOS\Source\CMSIS_RTOS\cmsis_os.o
                0x08004130                osSystickHandler
 .text.ff_cre_syncobj
                0x08004144       0x3c PAL\STM32F205\Middlewares\FatFs\src\option\syscall.o
                0x08004144                ff_cre_syncobj
 .text.ff_del_syncobj
                0x08004180       0x18 PAL\STM32F205\Middlewares\FatFs\src\option\syscall.o
                0x08004180                ff_del_syncobj
 .text.ff_req_grant
                0x08004198       0x2c PAL\STM32F205\Middlewares\FatFs\src\option\syscall.o
                0x08004198                ff_req_grant
 .text.ff_rel_grant
                0x080041c4       0x14 PAL\STM32F205\Middlewares\FatFs\src\option\syscall.o
                0x080041c4                ff_rel_grant
 .text.FATFS_LinkDriverEx
                0x080041d8       0x94 PAL\STM32F205\Middlewares\FatFs\src\ff_gen_drv.o
                0x080041d8                FATFS_LinkDriverEx
 .text.FATFS_LinkDriver
                0x0800426c       0x20 PAL\STM32F205\Middlewares\FatFs\src\ff_gen_drv.o
                0x0800426c                FATFS_LinkDriver
 .text.FATFS_UnLinkDriverEx
                0x0800428c       0x70 PAL\STM32F205\Middlewares\FatFs\src\ff_gen_drv.o
                0x0800428c                FATFS_UnLinkDriverEx
 .text.FATFS_UnLinkDriver
                0x080042fc       0x1c PAL\STM32F205\Middlewares\FatFs\src\ff_gen_drv.o
                0x080042fc                FATFS_UnLinkDriver
 .text.mem_cpy  0x08004318       0x3c PAL\STM32F205\Middlewares\FatFs\src\ff.o
 .text.mem_set  0x08004354       0x34 PAL\STM32F205\Middlewares\FatFs\src\ff.o
 .text.mem_cmp  0x08004388       0x50 PAL\STM32F205\Middlewares\FatFs\src\ff.o
 .text.chk_chr  0x080043d8       0x38 PAL\STM32F205\Middlewares\FatFs\src\ff.o
 .text.lock_fs  0x08004410       0x20 PAL\STM32F205\Middlewares\FatFs\src\ff.o
 .text.unlock_fs
                0x08004430       0x3c PAL\STM32F205\Middlewares\FatFs\src\ff.o
 .text.chk_lock
                0x0800446c       0xd8 PAL\STM32F205\Middlewares\FatFs\src\ff.o
 .text.enq_lock
                0x08004544       0x48 PAL\STM32F205\Middlewares\FatFs\src\ff.o
 .text.inc_lock
                0x0800458c      0x168 PAL\STM32F205\Middlewares\FatFs\src\ff.o
 .text.clear_lock
                0x080046f4       0x50 PAL\STM32F205\Middlewares\FatFs\src\ff.o
 .text.sync_window
                0x08004744       0x9c PAL\STM32F205\Middlewares\FatFs\src\ff.o
 .text.move_window
                0x080047e0       0x60 PAL\STM32F205\Middlewares\FatFs\src\ff.o
 .text.clust2sect
                0x08004840       0x44 PAL\STM32F205\Middlewares\FatFs\src\ff.o
                0x08004840                clust2sect
 .text.get_fat  0x08004884      0x164 PAL\STM32F205\Middlewares\FatFs\src\ff.o
                0x08004884                get_fat
 .text.put_fat  0x080049e8      0x20c PAL\STM32F205\Middlewares\FatFs\src\ff.o
                0x080049e8                put_fat
 .text.remove_chain
                0x08004bf4       0xb0 PAL\STM32F205\Middlewares\FatFs\src\ff.o
 .text.create_chain
                0x08004ca4      0x140 PAL\STM32F205\Middlewares\FatFs\src\ff.o
 .text.clmt_clust
                0x08004de4       0x6c PAL\STM32F205\Middlewares\FatFs\src\ff.o
 .text.dir_sdi  0x08004e50      0x128 PAL\STM32F205\Middlewares\FatFs\src\ff.o
 .text.dir_next
                0x08004f78      0x1ec PAL\STM32F205\Middlewares\FatFs\src\ff.o
 .text.dir_alloc
                0x08005164       0x94 PAL\STM32F205\Middlewares\FatFs\src\ff.o
 .text.ld_clust
                0x080051f8       0x58 PAL\STM32F205\Middlewares\FatFs\src\ff.o
 .text.st_clust
                0x08005250       0x4c PAL\STM32F205\Middlewares\FatFs\src\ff.o
 .text.dir_find
                0x0800529c       0x9c PAL\STM32F205\Middlewares\FatFs\src\ff.o
 .text.dir_register
                0x08005338       0x74 PAL\STM32F205\Middlewares\FatFs\src\ff.o
 .text.create_name
                0x080053ac      0x184 PAL\STM32F205\Middlewares\FatFs\src\ff.o
 .text.follow_path
                0x08005530       0xd8 PAL\STM32F205\Middlewares\FatFs\src\ff.o
 .text.get_ldnumber
                0x08005608       0x88 PAL\STM32F205\Middlewares\FatFs\src\ff.o
 .text.check_fs
                0x08005690       0xc4 PAL\STM32F205\Middlewares\FatFs\src\ff.o
 .text.find_volume
                0x08005754      0x59c PAL\STM32F205\Middlewares\FatFs\src\ff.o
 .text.validate
                0x08005cf0       0x7c PAL\STM32F205\Middlewares\FatFs\src\ff.o
 .text.f_mount  0x08005d6c       0xd0 PAL\STM32F205\Middlewares\FatFs\src\ff.o
                0x08005d6c                f_mount
 .text.f_open   0x08005e3c      0x42c PAL\STM32F205\Middlewares\FatFs\src\ff.o
                0x08005e3c                f_open
 .text.f_write  0x08006268      0x3f8 PAL\STM32F205\Middlewares\FatFs\src\ff.o
                0x08006268                f_write
 .text.SD_initialize
                0x08006660       0x3c PAL\STM32F205\Middlewares\FatFs\src\drivers\sd_diskio.o
                0x08006660                SD_initialize
 .text.SD_status
                0x0800669c       0x3c PAL\STM32F205\Middlewares\FatFs\src\drivers\sd_diskio.o
                0x0800669c                SD_status
 .text.SD_read  0x080066d8       0x44 PAL\STM32F205\Middlewares\FatFs\src\drivers\sd_diskio.o
                0x080066d8                SD_read
 .text.SD_write
                0x0800671c       0x44 PAL\STM32F205\Middlewares\FatFs\src\drivers\sd_diskio.o
                0x0800671c                SD_write
 .text.SD_ioctl
                0x08006760       0xa0 PAL\STM32F205\Middlewares\FatFs\src\drivers\sd_diskio.o
                0x08006760                SD_ioctl
 .text.disk_status
                0x08006800       0x34 PAL\STM32F205\Middlewares\FatFs\src\diskio.o
                0x08006800                disk_status
 .text.disk_initialize
                0x08006834       0x4c PAL\STM32F205\Middlewares\FatFs\src\diskio.o
                0x08006834                disk_initialize
 .text.disk_read
                0x08006880       0x40 PAL\STM32F205\Middlewares\FatFs\src\diskio.o
                0x08006880                disk_read
 .text.disk_write
                0x080068c0       0x40 PAL\STM32F205\Middlewares\FatFs\src\diskio.o
                0x080068c0                disk_write
 .text.BSP_SD_Init
                0x08006900       0x58 PAL\STM32F205\Middlewares\FatFs\src\bsp_driver_sd.o
                0x08006900                BSP_SD_Init
 .text.BSP_SD_ReadBlocks
                0x08006958       0x38 PAL\STM32F205\Middlewares\FatFs\src\bsp_driver_sd.o
                0x08006958                BSP_SD_ReadBlocks
 .text.BSP_SD_WriteBlocks
                0x08006990       0x38 PAL\STM32F205\Middlewares\FatFs\src\bsp_driver_sd.o
                0x08006990                BSP_SD_WriteBlocks
 .text.BSP_SD_GetStatus
                0x080069c8       0x14 PAL\STM32F205\Middlewares\FatFs\src\bsp_driver_sd.o
                0x080069c8                BSP_SD_GetStatus
 .text.BSP_SD_GetCardInfo
                0x080069dc       0x1c PAL\STM32F205\Middlewares\FatFs\src\bsp_driver_sd.o
                0x080069dc                BSP_SD_GetCardInfo
 .text.BSP_SD_IsDetected
                0x080069f8       0x24 PAL\STM32F205\Middlewares\FatFs\src\bsp_driver_sd.o
                0x080069f8                BSP_SD_IsDetected
 .text.USB_CoreInit
                0x08006a1c       0xa4 PAL\STM32F205\Drivers\STM32F2xx_HAL_Driver\Src\stm32f2xx_ll_usb.o
                0x08006a1c                USB_CoreInit
 .text.USB_EnableGlobalInt
                0x08006ac0       0x24 PAL\STM32F205\Drivers\STM32F2xx_HAL_Driver\Src\stm32f2xx_ll_usb.o
                0x08006ac0                USB_EnableGlobalInt
 .text.USB_DisableGlobalInt
                0x08006ae4       0x24 PAL\STM32F205\Drivers\STM32F2xx_HAL_Driver\Src\stm32f2xx_ll_usb.o
                0x08006ae4                USB_DisableGlobalInt
 .text.USB_SetCurrentMode
                0x08006b08       0x50 PAL\STM32F205\Drivers\STM32F2xx_HAL_Driver\Src\stm32f2xx_ll_usb.o
                0x08006b08                USB_SetCurrentMode
 .text.USB_DevInit
                0x08006b58      0x238 PAL\STM32F205\Drivers\STM32F2xx_HAL_Driver\Src\stm32f2xx_ll_usb.o
                0x08006b58                USB_DevInit
 .text.USB_FlushTxFifo
                0x08006d90       0x4c PAL\STM32F205\Drivers\STM32F2xx_HAL_Driver\Src\stm32f2xx_ll_usb.o
                0x08006d90                USB_FlushTxFifo
 .text.USB_FlushRxFifo
                0x08006ddc       0x44 PAL\STM32F205\Drivers\STM32F2xx_HAL_Driver\Src\stm32f2xx_ll_usb.o
                0x08006ddc                USB_FlushRxFifo
 .text.USB_SetDevSpeed
                0x08006e20       0x30 PAL\STM32F205\Drivers\STM32F2xx_HAL_Driver\Src\stm32f2xx_ll_usb.o
                0x08006e20                USB_SetDevSpeed
 .text.USB_GetDevSpeed
                0x08006e50       0x6c PAL\STM32F205\Drivers\STM32F2xx_HAL_Driver\Src\stm32f2xx_ll_usb.o
                0x08006e50                USB_GetDevSpeed
 .text.USB_ActivateEndpoint
                0x08006ebc      0x110 PAL\STM32F205\Drivers\STM32F2xx_HAL_Driver\Src\stm32f2xx_ll_usb.o
                0x08006ebc                USB_ActivateEndpoint
 .text.USB_DeactivateEndpoint
                0x08006fcc       0xec PAL\STM32F205\Drivers\STM32F2xx_HAL_Driver\Src\stm32f2xx_ll_usb.o
                0x08006fcc                USB_DeactivateEndpoint
 .text.USB_EPStartXfer
                0x080070b8      0x464 PAL\STM32F205\Drivers\STM32F2xx_HAL_Driver\Src\stm32f2xx_ll_usb.o
                0x080070b8                USB_EPStartXfer
 .text.USB_EP0StartXfer
                0x0800751c      0x2a8 PAL\STM32F205\Drivers\STM32F2xx_HAL_Driver\Src\stm32f2xx_ll_usb.o
                0x0800751c                USB_EP0StartXfer
 .text.USB_WritePacket
                0x080077c4       0x68 PAL\STM32F205\Drivers\STM32F2xx_HAL_Driver\Src\stm32f2xx_ll_usb.o
                0x080077c4                USB_WritePacket
 .text.USB_ReadPacket
                0x0800782c       0x54 PAL\STM32F205\Drivers\STM32F2xx_HAL_Driver\Src\stm32f2xx_ll_usb.o
                0x0800782c                USB_ReadPacket
 .text.USB_EPSetStall
                0x08007880       0xdc PAL\STM32F205\Drivers\STM32F2xx_HAL_Driver\Src\stm32f2xx_ll_usb.o
                0x08007880                USB_EPSetStall
 .text.USB_EPClearStall
                0x0800795c       0xd4 PAL\STM32F205\Drivers\STM32F2xx_HAL_Driver\Src\stm32f2xx_ll_usb.o
                0x0800795c                USB_EPClearStall
 .text.USB_SetDevAddress
                0x08007a30       0x48 PAL\STM32F205\Drivers\STM32F2xx_HAL_Driver\Src\stm32f2xx_ll_usb.o
                0x08007a30                USB_SetDevAddress
 .text.USB_DevConnect
                0x08007a78       0x2c PAL\STM32F205\Drivers\STM32F2xx_HAL_Driver\Src\stm32f2xx_ll_usb.o
                0x08007a78                USB_DevConnect
 .text.USB_DevDisconnect
                0x08007aa4       0x2c PAL\STM32F205\Drivers\STM32F2xx_HAL_Driver\Src\stm32f2xx_ll_usb.o
                0x08007aa4                USB_DevDisconnect
 .text.USB_ReadInterrupts
                0x08007ad0       0x2c PAL\STM32F205\Drivers\STM32F2xx_HAL_Driver\Src\stm32f2xx_ll_usb.o
                0x08007ad0                USB_ReadInterrupts
 .text.USB_ReadDevAllOutEpInterrupt
                0x08007afc       0x30 PAL\STM32F205\Drivers\STM32F2xx_HAL_Driver\Src\stm32f2xx_ll_usb.o
                0x08007afc                USB_ReadDevAllOutEpInterrupt
 .text.USB_ReadDevAllInEpInterrupt
                0x08007b2c       0x30 PAL\STM32F205\Drivers\STM32F2xx_HAL_Driver\Src\stm32f2xx_ll_usb.o
                0x08007b2c                USB_ReadDevAllInEpInterrupt
 .text.USB_ReadDevOutEPInterrupt
                0x08007b5c       0x38 PAL\STM32F205\Drivers\STM32F2xx_HAL_Driver\Src\stm32f2xx_ll_usb.o
                0x08007b5c                USB_ReadDevOutEPInterrupt
 .text.USB_ReadDevInEPInterrupt
                0x08007b94       0x54 PAL\STM32F205\Drivers\STM32F2xx_HAL_Driver\Src\stm32f2xx_ll_usb.o
                0x08007b94                USB_ReadDevInEPInterrupt
 .text.USB_GetMode
                0x08007be8       0x1c PAL\STM32F205\Drivers\STM32F2xx_HAL_Driver\Src\stm32f2xx_ll_usb.o
                0x08007be8                USB_GetMode
 .text.USB_ActivateSetup
                0x08007c04       0x68 PAL\STM32F205\Drivers\STM32F2xx_HAL_Driver\Src\stm32f2xx_ll_usb.o
                0x08007c04                USB_ActivateSetup
 .text.USB_EP0_OutStart
                0x08007c6c       0x80 PAL\STM32F205\Drivers\STM32F2xx_HAL_Driver\Src\stm32f2xx_ll_usb.o
                0x08007c6c                USB_EP0_OutStart
 .text.USB_CoreReset
                0x08007cec       0x68 PAL\STM32F205\Drivers\STM32F2xx_HAL_Driver\Src\stm32f2xx_ll_usb.o
 .text.SDIO_Init
                0x08007d54       0x58 PAL\STM32F205\Drivers\STM32F2xx_HAL_Driver\Src\stm32f2xx_ll_sdmmc.o
                0x08007d54                SDIO_Init
 .text.SDIO_ReadFIFO
                0x08007dac       0x1c PAL\STM32F205\Drivers\STM32F2xx_HAL_Driver\Src\stm32f2xx_ll_sdmmc.o
                0x08007dac                SDIO_ReadFIFO
 .text.SDIO_WriteFIFO
                0x08007dc8       0x24 PAL\STM32F205\Drivers\STM32F2xx_HAL_Driver\Src\stm32f2xx_ll_sdmmc.o
                0x08007dc8                SDIO_WriteFIFO
 .text.SDIO_PowerState_ON
                0x08007dec       0x1c PAL\STM32F205\Drivers\STM32F2xx_HAL_Driver\Src\stm32f2xx_ll_sdmmc.o
                0x08007dec                SDIO_PowerState_ON
 .text.SDIO_GetPowerState
                0x08007e08       0x1c PAL\STM32F205\Drivers\STM32F2xx_HAL_Driver\Src\stm32f2xx_ll_sdmmc.o
                0x08007e08                SDIO_GetPowerState
 .text.SDIO_SendCommand
                0x08007e24       0x54 PAL\STM32F205\Drivers\STM32F2xx_HAL_Driver\Src\stm32f2xx_ll_sdmmc.o
                0x08007e24                SDIO_SendCommand
 .text.SDIO_GetCommandResponse
                0x08007e78       0x1c PAL\STM32F205\Drivers\STM32F2xx_HAL_Driver\Src\stm32f2xx_ll_sdmmc.o
                0x08007e78                SDIO_GetCommandResponse
 .text.SDIO_GetResponse
                0x08007e94       0x28 PAL\STM32F205\Drivers\STM32F2xx_HAL_Driver\Src\stm32f2xx_ll_sdmmc.o
                0x08007e94                SDIO_GetResponse
 .text.SDIO_DataConfig
                0x08007ebc       0x58 PAL\STM32F205\Drivers\STM32F2xx_HAL_Driver\Src\stm32f2xx_ll_sdmmc.o
                0x08007ebc                SDIO_DataConfig
 .text.HAL_TIMEx_CommutationCallback
                0x08007f14       0x14 PAL\STM32F205\Drivers\STM32F2xx_HAL_Driver\Src\stm32f2xx_hal_tim_ex.o
                0x08007f14                HAL_TIMEx_CommutationCallback
 .text.HAL_TIMEx_BreakCallback
                0x08007f28       0x14 PAL\STM32F205\Drivers\STM32F2xx_HAL_Driver\Src\stm32f2xx_hal_tim_ex.o
                0x08007f28                HAL_TIMEx_BreakCallback
 .text.HAL_TIM_Base_Init
                0x08007f3c       0x58 PAL\STM32F205\Drivers\STM32F2xx_HAL_Driver\Src\stm32f2xx_hal_tim.o
                0x08007f3c                HAL_TIM_Base_Init
 .text.HAL_TIM_Base_Start_IT
                0x08007f94       0x38 PAL\STM32F205\Drivers\STM32F2xx_HAL_Driver\Src\stm32f2xx_hal_tim.o
                0x08007f94                HAL_TIM_Base_Start_IT
 .text.HAL_TIM_IRQHandler
                0x08007fcc      0x210 PAL\STM32F205\Drivers\STM32F2xx_HAL_Driver\Src\stm32f2xx_hal_tim.o
                0x08007fcc                HAL_TIM_IRQHandler
 .text.HAL_TIM_OC_DelayElapsedCallback
                0x080081dc       0x14 PAL\STM32F205\Drivers\STM32F2xx_HAL_Driver\Src\stm32f2xx_hal_tim.o
                0x080081dc                HAL_TIM_OC_DelayElapsedCallback
 .text.HAL_TIM_IC_CaptureCallback
                0x080081f0       0x14 PAL\STM32F205\Drivers\STM32F2xx_HAL_Driver\Src\stm32f2xx_hal_tim.o
                0x080081f0                HAL_TIM_IC_CaptureCallback
 .text.HAL_TIM_PWM_PulseFinishedCallback
                0x08008204       0x14 PAL\STM32F205\Drivers\STM32F2xx_HAL_Driver\Src\stm32f2xx_hal_tim.o
                0x08008204                HAL_TIM_PWM_PulseFinishedCallback
 .text.HAL_TIM_TriggerCallback
                0x08008218       0x14 PAL\STM32F205\Drivers\STM32F2xx_HAL_Driver\Src\stm32f2xx_hal_tim.o
                0x08008218                HAL_TIM_TriggerCallback
 .text.TIM_Base_SetConfig
                0x0800822c      0x150 PAL\STM32F205\Drivers\STM32F2xx_HAL_Driver\Src\stm32f2xx_hal_tim.o
                0x0800822c                TIM_Base_SetConfig
 .text.HAL_SD_Init
                0x0800837c       0xe8 PAL\STM32F205\Drivers\STM32F2xx_HAL_Driver\Src\stm32f2xx_hal_sd.o
                0x0800837c                HAL_SD_Init
 .text.HAL_SD_ReadBlocks
                0x08008464      0x2c4 PAL\STM32F205\Drivers\STM32F2xx_HAL_Driver\Src\stm32f2xx_hal_sd.o
                0x08008464                HAL_SD_ReadBlocks
 .text.HAL_SD_WriteBlocks
                0x08008728      0x39c PAL\STM32F205\Drivers\STM32F2xx_HAL_Driver\Src\stm32f2xx_hal_sd.o
                0x08008728                HAL_SD_WriteBlocks
 .text.HAL_SD_Get_CardInfo
                0x08008ac4      0x624 PAL\STM32F205\Drivers\STM32F2xx_HAL_Driver\Src\stm32f2xx_hal_sd.o
                0x08008ac4                HAL_SD_Get_CardInfo
 .text.HAL_SD_WideBusOperation_Config
                0x080090e8       0xd0 PAL\STM32F205\Drivers\STM32F2xx_HAL_Driver\Src\stm32f2xx_hal_sd.o
                0x080090e8                HAL_SD_WideBusOperation_Config
 .text.HAL_SD_StopTransfer
                0x080091b8       0x48 PAL\STM32F205\Drivers\STM32F2xx_HAL_Driver\Src\stm32f2xx_hal_sd.o
                0x080091b8                HAL_SD_StopTransfer
 .text.HAL_SD_GetStatus
                0x08009200       0x34 PAL\STM32F205\Drivers\STM32F2xx_HAL_Driver\Src\stm32f2xx_hal_sd.o
                0x08009200                HAL_SD_GetStatus
 .text.SD_GetState
                0x08009234       0x38 PAL\STM32F205\Drivers\STM32F2xx_HAL_Driver\Src\stm32f2xx_hal_sd.o
 .text.SD_Initialize_Cards
                0x0800926c      0x188 PAL\STM32F205\Drivers\STM32F2xx_HAL_Driver\Src\stm32f2xx_hal_sd.o
 .text.SD_Select_Deselect
                0x080093f4       0x54 PAL\STM32F205\Drivers\STM32F2xx_HAL_Driver\Src\stm32f2xx_hal_sd.o
 .text.SD_PowerON
                0x08009448      0x1c8 PAL\STM32F205\Drivers\STM32F2xx_HAL_Driver\Src\stm32f2xx_hal_sd.o
 .text.SD_SendStatus
                0x08009610       0x74 PAL\STM32F205\Drivers\STM32F2xx_HAL_Driver\Src\stm32f2xx_hal_sd.o
 .text.SD_CmdError
                0x08009684       0x78 PAL\STM32F205\Drivers\STM32F2xx_HAL_Driver\Src\stm32f2xx_hal_sd.o
 .text.SD_CmdResp7Error
                0x080096fc       0xb0 PAL\STM32F205\Drivers\STM32F2xx_HAL_Driver\Src\stm32f2xx_hal_sd.o
 .text.SD_CmdResp1Error
                0x080097ac      0x1ac PAL\STM32F205\Drivers\STM32F2xx_HAL_Driver\Src\stm32f2xx_hal_sd.o
 .text.SD_CmdResp3Error
                0x08009958       0x54 PAL\STM32F205\Drivers\STM32F2xx_HAL_Driver\Src\stm32f2xx_hal_sd.o
 .text.SD_CmdResp2Error
                0x080099ac       0x70 PAL\STM32F205\Drivers\STM32F2xx_HAL_Driver\Src\stm32f2xx_hal_sd.o
 .text.SD_CmdResp6Error
                0x08009a1c       0xd8 PAL\STM32F205\Drivers\STM32F2xx_HAL_Driver\Src\stm32f2xx_hal_sd.o
 .text.SD_WideBus_Enable
                0x08009af4       0xf0 PAL\STM32F205\Drivers\STM32F2xx_HAL_Driver\Src\stm32f2xx_hal_sd.o
 .text.SD_WideBus_Disable
                0x08009be4       0xf0 PAL\STM32F205\Drivers\STM32F2xx_HAL_Driver\Src\stm32f2xx_hal_sd.o
 .text.SD_FindSCR
                0x08009cd4      0x218 PAL\STM32F205\Drivers\STM32F2xx_HAL_Driver\Src\stm32f2xx_hal_sd.o
 .text.SD_IsCardProgramming
                0x08009eec      0x1f8 PAL\STM32F205\Drivers\STM32F2xx_HAL_Driver\Src\stm32f2xx_hal_sd.o
 .text.HAL_RCC_OscConfig
                0x0800a0e4      0x484 PAL\STM32F205\Drivers\STM32F2xx_HAL_Driver\Src\stm32f2xx_hal_rcc.o
                0x0800a0e4                HAL_RCC_OscConfig
 .text.HAL_RCC_ClockConfig
                0x0800a568      0x2b8 PAL\STM32F205\Drivers\STM32F2xx_HAL_Driver\Src\stm32f2xx_hal_rcc.o
                0x0800a568                HAL_RCC_ClockConfig
 .text.HAL_RCC_GetSysClockFreq
                0x0800a820       0xfc PAL\STM32F205\Drivers\STM32F2xx_HAL_Driver\Src\stm32f2xx_hal_rcc.o
                0x0800a820                HAL_RCC_GetSysClockFreq
 .text.HAL_RCC_GetHCLKFreq
                0x0800a91c       0x4c PAL\STM32F205\Drivers\STM32F2xx_HAL_Driver\Src\stm32f2xx_hal_rcc.o
                0x0800a91c                HAL_RCC_GetHCLKFreq
 .text.HAL_RCC_GetPCLK1Freq
                0x0800a968       0x44 PAL\STM32F205\Drivers\STM32F2xx_HAL_Driver\Src\stm32f2xx_hal_rcc.o
                0x0800a968                HAL_RCC_GetPCLK1Freq
 .text.HAL_RCC_GetClockConfig
                0x0800a9ac       0x60 PAL\STM32F205\Drivers\STM32F2xx_HAL_Driver\Src\stm32f2xx_hal_rcc.o
                0x0800a9ac                HAL_RCC_GetClockConfig
 .text.HAL_PCDEx_SetTxFiFo
                0x0800aa0c       0x98 PAL\STM32F205\Drivers\STM32F2xx_HAL_Driver\Src\stm32f2xx_hal_pcd_ex.o
                0x0800aa0c                HAL_PCDEx_SetTxFiFo
 .text.HAL_PCDEx_SetRxFiFo
                0x0800aaa4       0x24 PAL\STM32F205\Drivers\STM32F2xx_HAL_Driver\Src\stm32f2xx_hal_pcd_ex.o
                0x0800aaa4                HAL_PCDEx_SetRxFiFo
 .text.HAL_PCD_Init
                0x0800aac8      0x208 PAL\STM32F205\Drivers\STM32F2xx_HAL_Driver\Src\stm32f2xx_hal_pcd.o
                0x0800aac8                HAL_PCD_Init
 .text.HAL_PCD_Start
                0x0800acd0       0x44 PAL\STM32F205\Drivers\STM32F2xx_HAL_Driver\Src\stm32f2xx_hal_pcd.o
                0x0800acd0                HAL_PCD_Start
 .text.HAL_PCD_IRQHandler
                0x0800ad14      0x740 PAL\STM32F205\Drivers\STM32F2xx_HAL_Driver\Src\stm32f2xx_hal_pcd.o
                0x0800ad14                HAL_PCD_IRQHandler
 .text.HAL_PCD_SetAddress
                0x0800b454       0x44 PAL\STM32F205\Drivers\STM32F2xx_HAL_Driver\Src\stm32f2xx_hal_pcd.o
                0x0800b454                HAL_PCD_SetAddress
 .text.HAL_PCD_EP_Open
                0x0800b498       0xc4 PAL\STM32F205\Drivers\STM32F2xx_HAL_Driver\Src\stm32f2xx_hal_pcd.o
                0x0800b498                HAL_PCD_EP_Open
 .text.HAL_PCD_EP_Close
                0x0800b55c       0x94 PAL\STM32F205\Drivers\STM32F2xx_HAL_Driver\Src\stm32f2xx_hal_pcd.o
                0x0800b55c                HAL_PCD_EP_Close
 .text.HAL_PCD_EP_Receive
                0x0800b5f0       0xb8 PAL\STM32F205\Drivers\STM32F2xx_HAL_Driver\Src\stm32f2xx_hal_pcd.o
                0x0800b5f0                HAL_PCD_EP_Receive
 .text.HAL_PCD_EP_GetRxCount
                0x0800b6a8       0x34 PAL\STM32F205\Drivers\STM32F2xx_HAL_Driver\Src\stm32f2xx_hal_pcd.o
                0x0800b6a8                HAL_PCD_EP_GetRxCount
 .text.HAL_PCD_EP_Transmit
                0x0800b6dc       0xb4 PAL\STM32F205\Drivers\STM32F2xx_HAL_Driver\Src\stm32f2xx_hal_pcd.o
                0x0800b6dc                HAL_PCD_EP_Transmit
 .text.HAL_PCD_EP_SetStall
                0x0800b790       0xb8 PAL\STM32F205\Drivers\STM32F2xx_HAL_Driver\Src\stm32f2xx_hal_pcd.o
                0x0800b790                HAL_PCD_EP_SetStall
 .text.HAL_PCD_EP_ClrStall
                0x0800b848       0x94 PAL\STM32F205\Drivers\STM32F2xx_HAL_Driver\Src\stm32f2xx_hal_pcd.o
                0x0800b848                HAL_PCD_EP_ClrStall
 .text.PCD_WriteEmptyTxFifo
                0x0800b8dc      0x10c PAL\STM32F205\Drivers\STM32F2xx_HAL_Driver\Src\stm32f2xx_hal_pcd.o
 .text.HAL_GPIO_Init
                0x0800b9e8      0x344 PAL\STM32F205\Drivers\STM32F2xx_HAL_Driver\Src\stm32f2xx_hal_gpio.o
                0x0800b9e8                HAL_GPIO_Init
 .text.HAL_GPIO_ReadPin
                0x0800bd2c       0x30 PAL\STM32F205\Drivers\STM32F2xx_HAL_Driver\Src\stm32f2xx_hal_gpio.o
                0x0800bd2c                HAL_GPIO_ReadPin
 .text.HAL_GPIO_WritePin
                0x0800bd5c       0x30 PAL\STM32F205\Drivers\STM32F2xx_HAL_Driver\Src\stm32f2xx_hal_gpio.o
                0x0800bd5c                HAL_GPIO_WritePin
 .text.HAL_GPIO_TogglePin
                0x0800bd8c       0x24 PAL\STM32F205\Drivers\STM32F2xx_HAL_Driver\Src\stm32f2xx_hal_gpio.o
                0x0800bd8c                HAL_GPIO_TogglePin
 .text.HAL_DMA_Init
                0x0800bdb0       0xd8 PAL\STM32F205\Drivers\STM32F2xx_HAL_Driver\Src\stm32f2xx_hal_dma.o
                0x0800bdb0                HAL_DMA_Init
 .text.HAL_DMA_Start_IT
                0x0800be88       0x84 PAL\STM32F205\Drivers\STM32F2xx_HAL_Driver\Src\stm32f2xx_hal_dma.o
                0x0800be88                HAL_DMA_Start_IT
 .text.HAL_DMA_IRQHandler
                0x0800bf0c      0x2d8 PAL\STM32F205\Drivers\STM32F2xx_HAL_Driver\Src\stm32f2xx_hal_dma.o
                0x0800bf0c                HAL_DMA_IRQHandler
 .text.DMA_SetConfig
                0x0800c1e4       0x5c PAL\STM32F205\Drivers\STM32F2xx_HAL_Driver\Src\stm32f2xx_hal_dma.o
 .text.DMA_CalcBaseAndBitshift
                0x0800c240       0x6c PAL\STM32F205\Drivers\STM32F2xx_HAL_Driver\Src\stm32f2xx_hal_dma.o
 .text.NVIC_SetPriorityGrouping
                0x0800c2ac       0x48 PAL\STM32F205\Drivers\STM32F2xx_HAL_Driver\Src\stm32f2xx_hal_cortex.o
 .text.NVIC_GetPriorityGrouping
                0x0800c2f4       0x1c PAL\STM32F205\Drivers\STM32F2xx_HAL_Driver\Src\stm32f2xx_hal_cortex.o
 .text.NVIC_EnableIRQ
                0x0800c310       0x30 PAL\STM32F205\Drivers\STM32F2xx_HAL_Driver\Src\stm32f2xx_hal_cortex.o
 .text.NVIC_SetPriority
                0x0800c340       0x54 PAL\STM32F205\Drivers\STM32F2xx_HAL_Driver\Src\stm32f2xx_hal_cortex.o
 .text.NVIC_EncodePriority
                0x0800c394       0x64 PAL\STM32F205\Drivers\STM32F2xx_HAL_Driver\Src\stm32f2xx_hal_cortex.o
 .text.SysTick_Config
                0x0800c3f8       0x44 PAL\STM32F205\Drivers\STM32F2xx_HAL_Driver\Src\stm32f2xx_hal_cortex.o
 .text.HAL_NVIC_SetPriorityGrouping
                0x0800c43c       0x14 PAL\STM32F205\Drivers\STM32F2xx_HAL_Driver\Src\stm32f2xx_hal_cortex.o
                0x0800c43c                HAL_NVIC_SetPriorityGrouping
 .text.HAL_NVIC_SetPriority
                0x0800c450       0x38 PAL\STM32F205\Drivers\STM32F2xx_HAL_Driver\Src\stm32f2xx_hal_cortex.o
                0x0800c450                HAL_NVIC_SetPriority
 .text.HAL_NVIC_EnableIRQ
                0x0800c488       0x1c PAL\STM32F205\Drivers\STM32F2xx_HAL_Driver\Src\stm32f2xx_hal_cortex.o
                0x0800c488                HAL_NVIC_EnableIRQ
 .text.HAL_SYSTICK_Config
                0x0800c4a4       0x18 PAL\STM32F205\Drivers\STM32F2xx_HAL_Driver\Src\stm32f2xx_hal_cortex.o
                0x0800c4a4                HAL_SYSTICK_Config
 .text.HAL_SYSTICK_CLKSourceConfig
                0x0800c4bc       0x38 PAL\STM32F205\Drivers\STM32F2xx_HAL_Driver\Src\stm32f2xx_hal_cortex.o
                0x0800c4bc                HAL_SYSTICK_CLKSourceConfig
 .text.HAL_ADC_Init
                0x0800c4f4       0x88 PAL\STM32F205\Drivers\STM32F2xx_HAL_Driver\Src\stm32f2xx_hal_adc.o
                0x0800c4f4                HAL_ADC_Init
 .text.HAL_ADC_Start_DMA
                0x0800c57c      0x1a8 PAL\STM32F205\Drivers\STM32F2xx_HAL_Driver\Src\stm32f2xx_hal_adc.o
                0x0800c57c                HAL_ADC_Start_DMA
 .text.HAL_ADC_ConvCpltCallback
                0x0800c724       0x14 PAL\STM32F205\Drivers\STM32F2xx_HAL_Driver\Src\stm32f2xx_hal_adc.o
                0x0800c724                HAL_ADC_ConvCpltCallback
 .text.HAL_ADC_ConvHalfCpltCallback
                0x0800c738       0x14 PAL\STM32F205\Drivers\STM32F2xx_HAL_Driver\Src\stm32f2xx_hal_adc.o
                0x0800c738                HAL_ADC_ConvHalfCpltCallback
 .text.HAL_ADC_ErrorCallback
                0x0800c74c       0x14 PAL\STM32F205\Drivers\STM32F2xx_HAL_Driver\Src\stm32f2xx_hal_adc.o
                0x0800c74c                HAL_ADC_ErrorCallback
 .text.HAL_ADC_ConfigChannel
                0x0800c760      0x244 PAL\STM32F205\Drivers\STM32F2xx_HAL_Driver\Src\stm32f2xx_hal_adc.o
                0x0800c760                HAL_ADC_ConfigChannel
 .text.ADC_Init
                0x0800c9a4      0x204 PAL\STM32F205\Drivers\STM32F2xx_HAL_Driver\Src\stm32f2xx_hal_adc.o
 .text.ADC_DMAConvCplt
                0x0800cba8       0xa4 PAL\STM32F205\Drivers\STM32F2xx_HAL_Driver\Src\stm32f2xx_hal_adc.o
 .text.ADC_DMAHalfConvCplt
                0x0800cc4c       0x1c PAL\STM32F205\Drivers\STM32F2xx_HAL_Driver\Src\stm32f2xx_hal_adc.o
 .text.ADC_DMAError
                0x0800cc68       0x2c PAL\STM32F205\Drivers\STM32F2xx_HAL_Driver\Src\stm32f2xx_hal_adc.o
 .text.HAL_Init
                0x0800cc94       0x44 PAL\STM32F205\Drivers\STM32F2xx_HAL_Driver\Src\stm32f2xx_hal.o
                0x0800cc94                HAL_Init
 .text.HAL_IncTick
                0x0800ccd8       0x1c PAL\STM32F205\Drivers\STM32F2xx_HAL_Driver\Src\stm32f2xx_hal.o
                0x0800ccd8                HAL_IncTick
 .text.HAL_GetTick
                0x0800ccf4       0x18 PAL\STM32F205\Drivers\STM32F2xx_HAL_Driver\Src\stm32f2xx_hal.o
                0x0800ccf4                HAL_GetTick
 .text.HAL_Delay
                0x0800cd0c       0x2c PAL\STM32F205\Drivers\STM32F2xx_HAL_Driver\Src\stm32f2xx_hal.o
                0x0800cd0c                HAL_Delay
 .text.SystemInit
                0x0800cd38       0x5c PAL\STM32F205\Drivers\CMSIS\Device\ST\STM32F2xx\Source\gcc\system_stm32f2xx.o
                0x0800cd38                SystemInit
 .text.Reset_Handler
                0x0800cd94       0x58 PAL\STM32F205\Drivers\CMSIS\Device\ST\STM32F2xx\Source\gcc\startup_stm32f205xx.o
                0x0800cd94                Reset_Handler
 .text.Default_Handler
                0x0800cdec        0x4 PAL\STM32F205\Drivers\CMSIS\Device\ST\STM32F2xx\Source\gcc\startup_stm32f205xx.o
                0x0800cdec                RTC_Alarm_IRQHandler
                0x0800cdec                HASH_RNG_IRQHandler
                0x0800cdec                EXTI2_IRQHandler
                0x0800cdec                TIM8_CC_IRQHandler
                0x0800cdec                DebugMon_Handler
                0x0800cdec                TIM1_CC_IRQHandler
                0x0800cdec                DMA2_Stream5_IRQHandler
                0x0800cdec                HardFault_Handler
                0x0800cdec                DMA1_Stream5_IRQHandler
                0x0800cdec                PVD_IRQHandler
                0x0800cdec                SDIO_IRQHandler
                0x0800cdec                TAMP_STAMP_IRQHandler
                0x0800cdec                NMI_Handler
                0x0800cdec                CAN2_RX1_IRQHandler
                0x0800cdec                EXTI3_IRQHandler
                0x0800cdec                TIM8_TRG_COM_TIM14_IRQHandler
                0x0800cdec                TIM1_UP_TIM10_IRQHandler
                0x0800cdec                TIM8_UP_TIM13_IRQHandler
                0x0800cdec                I2C3_ER_IRQHandler
                0x0800cdec                EXTI0_IRQHandler
                0x0800cdec                I2C2_EV_IRQHandler
                0x0800cdec                DMA1_Stream2_IRQHandler
                0x0800cdec                CAN1_RX0_IRQHandler
                0x0800cdec                OTG_HS_WKUP_IRQHandler
                0x0800cdec                UsageFault_Handler
                0x0800cdec                CAN2_SCE_IRQHandler
                0x0800cdec                DMA2_Stream2_IRQHandler
                0x0800cdec                SPI1_IRQHandler
                0x0800cdec                TIM1_BRK_TIM9_IRQHandler
                0x0800cdec                CAN2_RX0_IRQHandler
                0x0800cdec                USART6_IRQHandler
                0x0800cdec                USART3_IRQHandler
                0x0800cdec                CAN1_RX1_IRQHandler
                0x0800cdec                UART5_IRQHandler
                0x0800cdec                TIM4_IRQHandler
                0x0800cdec                I2C1_EV_IRQHandler
                0x0800cdec                DMA1_Stream6_IRQHandler
                0x0800cdec                DMA1_Stream1_IRQHandler
                0x0800cdec                UART4_IRQHandler
                0x0800cdec                TIM3_IRQHandler
                0x0800cdec                RCC_IRQHandler
                0x0800cdec                TIM8_BRK_TIM12_IRQHandler
                0x0800cdec                Default_Handler
                0x0800cdec                EXTI15_10_IRQHandler
                0x0800cdec                ADC_IRQHandler
                0x0800cdec                DMA1_Stream7_IRQHandler
                0x0800cdec                TIM7_IRQHandler
                0x0800cdec                CAN2_TX_IRQHandler
                0x0800cdec                TIM5_IRQHandler
                0x0800cdec                DMA2_Stream7_IRQHandler
                0x0800cdec                I2C3_EV_IRQHandler
                0x0800cdec                EXTI9_5_IRQHandler
                0x0800cdec                RTC_WKUP_IRQHandler
                0x0800cdec                SPI2_IRQHandler
                0x0800cdec                OTG_HS_EP1_IN_IRQHandler
                0x0800cdec                MemManage_Handler
                0x0800cdec                DMA1_Stream0_IRQHandler
                0x0800cdec                CAN1_TX_IRQHandler
                0x0800cdec                EXTI4_IRQHandler
                0x0800cdec                FSMC_IRQHandler
                0x0800cdec                OTG_HS_EP1_OUT_IRQHandler
                0x0800cdec                WWDG_IRQHandler
                0x0800cdec                TIM2_IRQHandler
                0x0800cdec                OTG_FS_WKUP_IRQHandler
                0x0800cdec                TIM1_TRG_COM_TIM11_IRQHandler
                0x0800cdec                OTG_HS_IRQHandler
                0x0800cdec                EXTI1_IRQHandler
                0x0800cdec                USART2_IRQHandler
                0x0800cdec                I2C2_ER_IRQHandler
                0x0800cdec                DMA2_Stream1_IRQHandler
                0x0800cdec                CAN1_SCE_IRQHandler
                0x0800cdec                FLASH_IRQHandler
                0x0800cdec                DMA2_Stream4_IRQHandler
                0x0800cdec                BusFault_Handler
                0x0800cdec                USART1_IRQHandler
                0x0800cdec                SPI3_IRQHandler
                0x0800cdec                DMA1_Stream4_IRQHandler
                0x0800cdec                I2C1_ER_IRQHandler
                0x0800cdec                DMA1_Stream3_IRQHandler
 .text.main     0x0800cdf0       0xe4 KAL\main.o
                0x0800cdf0                main
 .text._Z41__static_initialization_and_destruction_0ii
                0x0800ced4       0x3c KAL\main.o
 .text._GLOBAL__sub_I_Board
                0x0800cf10       0x10 KAL\main.o
 .text._ZN11uSDInstanceC2Ev
                0x0800cf20       0x48 BAL\uSD\uSD.o
                0x0800cf20                uSDInstance::uSDInstance()
                0x0800cf20                uSDInstance::uSDInstance()
 .text._ZN11uSDInstanceD2Ev
                0x0800cf68       0x3c BAL\uSD\uSD.o
                0x0800cf68                uSDInstance::~uSDInstance()
                0x0800cf68                uSDInstance::~uSDInstance()
 .text._ZN11uSDInstance14InitializationEv
                0x0800cfa4       0x3c BAL\uSD\uSD.o
                0x0800cfa4                uSDInstance::Initialization()
 .text._ZN11uSDInstance7MountSDEv
                0x0800cfe0       0x44 BAL\uSD\uSD.o
                0x0800cfe0                uSDInstance::MountSD()
 .text._ZN11uSDInstance10CreateFileEPKc
                0x0800d024       0x2c BAL\uSD\uSD.o
                0x0800d024                uSDInstance::CreateFile(char const*)
 .text._ZN11uSDInstance9WriteFileEPKvm
                0x0800d050       0x38 BAL\uSD\uSD.o
                0x0800d050                uSDInstance::WriteFile(void const*, unsigned long)
 .text._ZN11uSDInstance5PrintEPKc
                0x0800d088       0x5c BAL\uSD\uSD.o
                0x0800d088                uSDInstance::Print(char const*)
 .text._ZN11uSDInstance5PrintEi
                0x0800d0e4       0x54 BAL\uSD\uSD.o
                0x0800d0e4                uSDInstance::Print(int)
 .text._ZN11uSDInstance7PrintlnEPKc
                0x0800d138       0x78 BAL\uSD\uSD.o
                0x0800d138                uSDInstance::Println(char const*)
 .text.get_fattime
                0x0800d1b0       0x10 BAL\uSD\uSD.o
                0x0800d1b0                get_fattime
 .text._Z41__static_initialization_and_destruction_0ii
                0x0800d1c0       0x3c BAL\uSD\uSD.o
 .text._GLOBAL__sub_I_uSD
                0x0800d1fc       0x10 BAL\uSD\uSD.o
 .text._ZN11USBInstanceC2Ev
                0x0800d20c       0x18 BAL\USB\USB.o
                0x0800d20c                USBInstance::USBInstance()
                0x0800d20c                USBInstance::USBInstance()
 .text._ZN11USBInstanceD2Ev
                0x0800d224       0x18 BAL\USB\USB.o
                0x0800d224                USBInstance::~USBInstance()
                0x0800d224                USBInstance::~USBInstance()
 .text._ZN11USBInstance14InitializationEv
                0x0800d23c       0x4c BAL\USB\USB.o
                0x0800d23c                USBInstance::Initialization()
 .text._ZN11USBInstance9AvailableEv
                0x0800d288       0x1c BAL\USB\USB.o
                0x0800d288                USBInstance::Available()
 .text._ZN11USBInstance5WriteEPcj
                0x0800d2a4       0x3c BAL\USB\USB.o
                0x0800d2a4                USBInstance::Write(char*, unsigned int)
 .text._ZN11USBInstance4ReadEPcj
                0x0800d2e0       0x4c BAL\USB\USB.o
                0x0800d2e0                USBInstance::Read(char*, unsigned int)
 .text._ZN11USBInstance5PrintEPc
                0x0800d32c       0x68 BAL\USB\USB.o
                0x0800d32c                USBInstance::Print(char*)
 .text._ZN11USBInstance7PrintlnEPKc
                0x0800d394       0x84 BAL\USB\USB.o
                0x0800d394                USBInstance::Println(char const*)
 .text._ZN11USBInstance7PrintlnEi
                0x0800d418       0x60 BAL\USB\USB.o
                0x0800d418                USBInstance::Println(int)
 .text._Z41__static_initialization_and_destruction_0ii
                0x0800d478       0x3c BAL\USB\USB.o
 .text._GLOBAL__sub_I_USBObj
                0x0800d4b4       0x10 BAL\USB\USB.o
 .text._ZN5QueueC2Ev
                0x0800d4c4       0x18 BAL\TOOLS\BufferFunctions.o
                0x0800d4c4                Queue::Queue()
                0x0800d4c4                Queue::Queue()
 .text._ZN5QueueD2Ev
                0x0800d4dc       0x34 BAL\TOOLS\BufferFunctions.o
                0x0800d4dc                Queue::~Queue()
                0x0800d4dc                Queue::~Queue()
 .text._ZN5Queue5AllocEj
                0x0800d510       0x44 BAL\TOOLS\BufferFunctions.o
                0x0800d510                Queue::Alloc(unsigned int)
 .text._ZN5Queue11ReadToArrayEPhj
                0x0800d554       0x7c BAL\TOOLS\BufferFunctions.o
                0x0800d554                Queue::ReadToArray(unsigned char*, unsigned int)
 .text._ZN5Queue14WriteFromArrayEPhj
                0x0800d5d0       0x9c BAL\TOOLS\BufferFunctions.o
                0x0800d5d0                Queue::WriteFromArray(unsigned char*, unsigned int)
 .text._ZN5Queue9AvailableEv
                0x0800d66c       0x18 BAL\TOOLS\BufferFunctions.o
                0x0800d66c                Queue::Available()
 .text._ZN12RTOSInstanceC2Ev
                0x0800d684       0x18 BAL\RTOS\RTOS.o
                0x0800d684                RTOSInstance::RTOSInstance()
                0x0800d684                RTOSInstance::RTOSInstance()
 .text._ZN12RTOSInstanceD2Ev
                0x0800d69c       0x18 BAL\RTOS\RTOS.o
                0x0800d69c                RTOSInstance::~RTOSInstance()
                0x0800d69c                RTOSInstance::~RTOSInstance()
 .text._ZN12RTOSInstance14InitializationEv
                0x0800d6b4       0x68 BAL\RTOS\RTOS.o
                0x0800d6b4                RTOSInstance::Initialization()
 .text._Z16StartDefaultTaskPKv
                0x0800d71c       0x6c BAL\RTOS\RTOS.o
                0x0800d71c                StartDefaultTask(void const*)
 .text._Z22StartCommunicationTaskPKv
                0x0800d788      0x198 BAL\RTOS\RTOS.o
                0x0800d788                StartCommunicationTask(void const*)
 .text._Z41__static_initialization_and_destruction_0ii
                0x0800d920       0x3c BAL\RTOS\RTOS.o
 .text._GLOBAL__sub_I_RTOS
                0x0800d95c       0x10 BAL\RTOS\RTOS.o
 .text._ZN12LEDSInstanceC2Ev
                0x0800d96c       0x18 BAL\LEDS\LEDS.o
                0x0800d96c                LEDSInstance::LEDSInstance()
                0x0800d96c                LEDSInstance::LEDSInstance()
 .text._ZN12LEDSInstanceD2Ev
                0x0800d984       0x18 BAL\LEDS\LEDS.o
                0x0800d984                LEDSInstance::~LEDSInstance()
                0x0800d984                LEDSInstance::~LEDSInstance()
 .text._ZN12LEDSInstance14InitializationEj
                0x0800d99c       0x44 BAL\LEDS\LEDS.o
                0x0800d99c                LEDSInstance::Initialization(unsigned int)
 .text._ZN12LEDSInstance2OnEj
                0x0800d9e0       0x34 BAL\LEDS\LEDS.o
                0x0800d9e0                LEDSInstance::On(unsigned int)
 .text._ZN12LEDSInstance3OffEj
                0x0800da14       0x34 BAL\LEDS\LEDS.o
                0x0800da14                LEDSInstance::Off(unsigned int)
 .text._ZN12LEDSInstance6ToggleEj
                0x0800da48       0x30 BAL\LEDS\LEDS.o
                0x0800da48                LEDSInstance::Toggle(unsigned int)
 .text._Z41__static_initialization_and_destruction_0ii
                0x0800da78       0x3c BAL\LEDS\LEDS.o
 .text._GLOBAL__sub_I_LEDS
                0x0800dab4       0x10 BAL\LEDS\LEDS.o
 .text._ZN12GPIOInstanceC2Ev
                0x0800dac4       0x18 BAL\GPIO\GPIO.o
                0x0800dac4                GPIOInstance::GPIOInstance()
                0x0800dac4                GPIOInstance::GPIOInstance()
 .text._ZN12GPIOInstanceD2Ev
                0x0800dadc       0x18 BAL\GPIO\GPIO.o
                0x0800dadc                GPIOInstance::~GPIOInstance()
                0x0800dadc                GPIOInstance::~GPIOInstance()
 .text._ZN12GPIOInstance4ModeEj10eGPIOModes
                0x0800daf4       0xa0 BAL\GPIO\GPIO.o
                0x0800daf4                GPIOInstance::Mode(unsigned int, eGPIOModes)
 .text._ZN12GPIOInstance5WriteEjj
                0x0800db94       0x58 BAL\GPIO\GPIO.o
                0x0800db94                GPIOInstance::Write(unsigned int, unsigned int)
 .text._ZN12GPIOInstance6ToggleEj
                0x0800dbec       0x30 BAL\GPIO\GPIO.o
                0x0800dbec                GPIOInstance::Toggle(unsigned int)
 .text._Z41__static_initialization_and_destruction_0ii
                0x0800dc1c       0x3c BAL\GPIO\GPIO.o
 .text._GLOBAL__sub_I_GPIO
                0x0800dc58       0x10 BAL\GPIO\GPIO.o
 .text._ZN13BoardInstanceC2Ev
                0x0800dc68       0x18 BAL\BAPI.o
                0x0800dc68                BoardInstance::BoardInstance()
                0x0800dc68                BoardInstance::BoardInstance()
 .text._ZN13BoardInstanceD2Ev
                0x0800dc80       0x18 BAL\BAPI.o
                0x0800dc80                BoardInstance::~BoardInstance()
                0x0800dc80                BoardInstance::~BoardInstance()
 .text._ZN13BoardInstance14InitializationEv
                0x0800dc98       0xbc BAL\BAPI.o
                0x0800dc98                BoardInstance::Initialization()
 .text._Z18SystemClock_Configv
                0x0800dd54       0x84 BAL\BAPI.o
                0x0800dd54                SystemClock_Config()
 .text._ZN11ADCInstanceC2Ev
                0x0800ddd8       0x18 BAL\ADC\ADC.o
                0x0800ddd8                ADCInstance::ADCInstance()
                0x0800ddd8                ADCInstance::ADCInstance()
 .text._ZN11ADCInstanceD2Ev
                0x0800ddf0       0x18 BAL\ADC\ADC.o
                0x0800ddf0                ADCInstance::~ADCInstance()
                0x0800ddf0                ADCInstance::~ADCInstance()
 .text._ZN11ADCInstance14InitializationEv
                0x0800de08      0x138 BAL\ADC\ADC.o
                0x0800de08                ADCInstance::Initialization()
 .text._ZN11ADCInstance6EnableEh
                0x0800df40       0x60 BAL\ADC\ADC.o
                0x0800df40                ADCInstance::Enable(unsigned char)
 .text._ZN11ADCInstance4ReadEh
                0x0800dfa0       0x20 BAL\ADC\ADC.o
                0x0800dfa0                ADCInstance::Read(unsigned char)
 .text._Z41__static_initialization_and_destruction_0ii
                0x0800dfc0       0x3c BAL\ADC\ADC.o
 .text._GLOBAL__sub_I_ADCObj
                0x0800dffc       0x10 BAL\ADC\ADC.o
 .text.__aeabi_atexit
                0x0800e00c        0xa c:/program files (x86)/atollic/truestudio for arm 5.4.0/armtools/bin/../lib/gcc/arm-atollic-eabi/4.8.3/../../../../arm-atollic-eabi/lib/armv7-m\libc_s.a(lib_a-aeabi_atexit.o)
                0x0800e00c                __aeabi_atexit
 *fill*         0x0800e016        0x2 
 .text.__cxa_atexit
                0x0800e018       0x20 c:/program files (x86)/atollic/truestudio for arm 5.4.0/armtools/bin/../lib/gcc/arm-atollic-eabi/4.8.3/../../../../arm-atollic-eabi/lib/armv7-m\libc_s.a(lib_a-cxa_atexit.o)
                0x0800e018                __cxa_atexit
 .text.__libc_init_array
                0x0800e038       0x4c c:/program files (x86)/atollic/truestudio for arm 5.4.0/armtools/bin/../lib/gcc/arm-atollic-eabi/4.8.3/../../../../arm-atollic-eabi/lib/armv7-m\libc_s.a(lib_a-init.o)
                0x0800e038                __libc_init_array
 .text.malloc   0x0800e084       0x10 c:/program files (x86)/atollic/truestudio for arm 5.4.0/armtools/bin/../lib/gcc/arm-atollic-eabi/4.8.3/../../../../arm-atollic-eabi/lib/armv7-m\libc_s.a(lib_a-malloc.o)
                0x0800e084                malloc
 .text.free     0x0800e094       0x10 c:/program files (x86)/atollic/truestudio for arm 5.4.0/armtools/bin/../lib/gcc/arm-atollic-eabi/4.8.3/../../../../arm-atollic-eabi/lib/armv7-m\libc_s.a(lib_a-malloc.o)
                0x0800e094                free
 .text.memcpy   0x0800e0a4       0x12 c:/program files (x86)/atollic/truestudio for arm 5.4.0/armtools/bin/../lib/gcc/arm-atollic-eabi/4.8.3/../../../../arm-atollic-eabi/lib/armv7-m\libc_s.a(lib_a-memcpy-stub.o)
                0x0800e0a4                memcpy
 .text.memset   0x0800e0b6       0x10 c:/program files (x86)/atollic/truestudio for arm 5.4.0/armtools/bin/../lib/gcc/arm-atollic-eabi/4.8.3/../../../../arm-atollic-eabi/lib/armv7-m\libc_s.a(lib_a-memset.o)
                0x0800e0b6                memset
 *fill*         0x0800e0c6        0x2 
 .text._free_r  0x0800e0c8       0x88 c:/program files (x86)/atollic/truestudio for arm 5.4.0/armtools/bin/../lib/gcc/arm-atollic-eabi/4.8.3/../../../../arm-atollic-eabi/lib/armv7-m\libc_s.a(lib_a-nano-freer.o)
                0x0800e0c8                _free_r
 .text._malloc_r
                0x0800e150       0xa8 c:/program files (x86)/atollic/truestudio for arm 5.4.0/armtools/bin/../lib/gcc/arm-atollic-eabi/4.8.3/../../../../arm-atollic-eabi/lib/armv7-m\libc_s.a(lib_a-nano-mallocr.o)
                0x0800e150                _malloc_r
 .text._sbrk_r  0x0800e1f8       0x20 c:/program files (x86)/atollic/truestudio for arm 5.4.0/armtools/bin/../lib/gcc/arm-atollic-eabi/4.8.3/../../../../arm-atollic-eabi/lib/armv7-m\libc_s.a(lib_a-sbrkr.o)
                0x0800e1f8                _sbrk_r
 .text.sprintf  0x0800e218       0x48 c:/program files (x86)/atollic/truestudio for arm 5.4.0/armtools/bin/../lib/gcc/arm-atollic-eabi/4.8.3/../../../../arm-atollic-eabi/lib/armv7-m\libc_s.a(lib_a-sprintf.o)
                0x0800e218                siprintf
                0x0800e218                sprintf
 .text.strcpy   0x0800e260       0x10 c:/program files (x86)/atollic/truestudio for arm 5.4.0/armtools/bin/../lib/gcc/arm-atollic-eabi/4.8.3/../../../../arm-atollic-eabi/lib/armv7-m\libc_s.a(lib_a-strcpy.o)
                0x0800e260                strcpy
 .text.strlen   0x0800e270       0x10 c:/program files (x86)/atollic/truestudio for arm 5.4.0/armtools/bin/../lib/gcc/arm-atollic-eabi/4.8.3/../../../../arm-atollic-eabi/lib/armv7-m\libc_s.a(lib_a-strlen.o)
                0x0800e270                strlen
 .text.__ssputs_r
                0x0800e280       0xb8 c:/program files (x86)/atollic/truestudio for arm 5.4.0/armtools/bin/../lib/gcc/arm-atollic-eabi/4.8.3/../../../../arm-atollic-eabi/lib/armv7-m\libc_s.a(lib_a-svfprintf.o)
                0x0800e280                __ssputs_r
 .text._svfprintf_r
                0x0800e338      0x1d8 c:/program files (x86)/atollic/truestudio for arm 5.4.0/armtools/bin/../lib/gcc/arm-atollic-eabi/4.8.3/../../../../arm-atollic-eabi/lib/armv7-m\libc_s.a(lib_a-svfprintf.o)
                0x0800e338                _svfiprintf_r
                0x0800e338                _svfprintf_r
 .text._sbrk    0x0800e510       0x34 c:/program files (x86)/atollic/truestudio for arm 5.4.0/armtools/bin/../lib/gcc/arm-atollic-eabi/4.8.3/../../../../arm-atollic-eabi/lib/armv7-m\libc_s.a(lib_a-syscalls.o)
                0x0800e510                _sbrk
 .text._printf_common
                0x0800e544       0xe4 c:/program files (x86)/atollic/truestudio for arm 5.4.0/armtools/bin/../lib/gcc/arm-atollic-eabi/4.8.3/../../../../arm-atollic-eabi/lib/armv7-m\libc_s.a(lib_a-vfprintf_i.o)
                0x0800e544                _printf_common
 .text._printf_i
                0x0800e628      0x228 c:/program files (x86)/atollic/truestudio for arm 5.4.0/armtools/bin/../lib/gcc/arm-atollic-eabi/4.8.3/../../../../arm-atollic-eabi/lib/armv7-m\libc_s.a(lib_a-vfprintf_i.o)
                0x0800e628                _printf_i
 .text.memchr   0x0800e850       0x1c c:/program files (x86)/atollic/truestudio for arm 5.4.0/armtools/bin/../lib/gcc/arm-atollic-eabi/4.8.3/../../../../arm-atollic-eabi/lib/armv7-m\libc_s.a(lib_a-memchr-stub.o)
                0x0800e850                memchr
 .text.memmove  0x0800e86c       0x36 c:/program files (x86)/atollic/truestudio for arm 5.4.0/armtools/bin/../lib/gcc/arm-atollic-eabi/4.8.3/../../../../arm-atollic-eabi/lib/armv7-m\libc_s.a(lib_a-memmove.o)
                0x0800e86c                memmove
 .text._realloc_r
                0x0800e8a2       0x4c c:/program files (x86)/atollic/truestudio for arm 5.4.0/armtools/bin/../lib/gcc/arm-atollic-eabi/4.8.3/../../../../arm-atollic-eabi/lib/armv7-m\libc_s.a(lib_a-nano-reallocr.o)
                0x0800e8a2                _realloc_r
 .text._malloc_usable_size_r
                0x0800e8ee       0x12 c:/program files (x86)/atollic/truestudio for arm 5.4.0/armtools/bin/../lib/gcc/arm-atollic-eabi/4.8.3/../../../../arm-atollic-eabi/lib/armv7-m\libc_s.a(lib_a-nano-msizer.o)
                0x0800e8ee                _malloc_usable_size_r
 *(.glue_7)
 .glue_7        0x00000000        0x0 linker stubs
 *(.glue_7t)
 .glue_7t       0x00000000        0x0 linker stubs
 *(.eh_frame)
 .eh_frame      0x0800e900        0x0 c:/program files (x86)/atollic/truestudio for arm 5.4.0/armtools/bin/../lib/gcc/arm-atollic-eabi/4.8.3/armv7-m/crtbegin.o
 *(.init)
 .init          0x0800e900        0x4 c:/program files (x86)/atollic/truestudio for arm 5.4.0/armtools/bin/../lib/gcc/arm-atollic-eabi/4.8.3/armv7-m/crti.o
                0x0800e900                _init
 .init          0x0800e904        0x8 c:/program files (x86)/atollic/truestudio for arm 5.4.0/armtools/bin/../lib/gcc/arm-atollic-eabi/4.8.3/armv7-m/crtn.o
 *(.fini)
 .fini          0x0800e90c        0x4 c:/program files (x86)/atollic/truestudio for arm 5.4.0/armtools/bin/../lib/gcc/arm-atollic-eabi/4.8.3/armv7-m/crti.o
                0x0800e90c                _fini
 .fini          0x0800e910        0x8 c:/program files (x86)/atollic/truestudio for arm 5.4.0/armtools/bin/../lib/gcc/arm-atollic-eabi/4.8.3/armv7-m/crtn.o
                0x0800e918                . = ALIGN (0x4)
                0x0800e918                _etext = .

.vfp11_veneer   0x0800e918        0x0
 .vfp11_veneer  0x00000000        0x0 linker stubs

.v4_bx          0x0800e918        0x0
 .v4_bx         0x00000000        0x0 linker stubs

.iplt           0x0800e918        0x0
 .iplt          0x00000000        0x0 c:/program files (x86)/atollic/truestudio for arm 5.4.0/armtools/bin/../lib/gcc/arm-atollic-eabi/4.8.3/armv7-m/crtbegin.o

.rodata         0x0800e918      0x290
                0x0800e918                . = ALIGN (0x4)
 *(.rodata)
 .rodata        0x0800e918       0x58 PAL\STM32F205\Middlewares\ST\STM32_USB_Device_Library\Class\CDC\Src\usbd_desc.o
 .rodata        0x0800e970        0x8 PAL\STM32F205\Middlewares\FreeRTOS\Source\tasks.o
 .rodata        0x0800e978       0x44 PAL\STM32F205\Middlewares\FatFs\src\ff.o
 .rodata        0x0800e9bc        0xc BAL\uSD\uSD.o
 .rodata        0x0800e9c8        0xc BAL\USB\USB.o
 .rodata        0x0800e9d4       0xac BAL\RTOS\RTOS.o
 *(.rodata*)
 .rodata.ExCvt  0x0800ea80       0x80 PAL\STM32F205\Middlewares\FatFs\src\ff.o
 .rodata.SD_Driver
                0x0800eb00       0x14 PAL\STM32F205\Middlewares\FatFs\src\drivers\sd_diskio.o
                0x0800eb00                SD_Driver
 .rodata.APBAHBPrescTable
                0x0800eb14       0x10 PAL\STM32F205\Drivers\STM32F2xx_HAL_Driver\Src\stm32f2xx_hal_rcc.o
                0x0800eb14                APBAHBPrescTable
 .rodata.flagBitshiftOffset.8142
                0x0800eb24        0x8 PAL\STM32F205\Drivers\STM32F2xx_HAL_Driver\Src\stm32f2xx_hal_dma.o
 .rodata._ZL11GPIOPinList
                0x0800eb2c        0x8 BAL\LEDS\LEDS.o
 .rodata._ZL11GPIOPinList
                0x0800eb34       0x30 BAL\GPIO\GPIO.o
 .rodata._ZL11GPIOPinList
                0x0800eb64        0xc BAL\ADC\ADC.o
 .rodata.str1.1
                0x0800eb70       0x11 c:/program files (x86)/atollic/truestudio for arm 5.4.0/armtools/bin/../lib/gcc/arm-atollic-eabi/4.8.3/../../../../arm-atollic-eabi/lib/armv7-m\libc_s.a(lib_a-svfprintf.o)
 .rodata.str1.1
                0x0800eb81       0x22 c:/program files (x86)/atollic/truestudio for arm 5.4.0/armtools/bin/../lib/gcc/arm-atollic-eabi/4.8.3/../../../../arm-atollic-eabi/lib/armv7-m\libc_s.a(lib_a-vfprintf_i.o)
 .rodata.str1.1
                0x0800eba3        0x2 c:/program files (x86)/atollic/truestudio for arm 5.4.0/armtools/bin/../lib/gcc/arm-atollic-eabi/4.8.3/../../../../arm-atollic-eabi/lib/armv7-m\libc_s.a(lib_a-impure.o)
                0x0800eba8                . = ALIGN (0x4)
 *fill*         0x0800eba5        0x3 

.rel.dyn        0x0800eba8        0x0
 .rel.iplt      0x00000000        0x0 c:/program files (x86)/atollic/truestudio for arm 5.4.0/armtools/bin/../lib/gcc/arm-atollic-eabi/4.8.3/armv7-m/crtbegin.o

.ARM.extab
 *(.ARM.extab* .gnu.linkonce.armextab.*)

.ARM            0x0800eba8        0x0
                0x0800eba8                __exidx_start = .
 *(.ARM.exidx*)
                0x0800eba8                __exidx_end = .

.preinit_array  0x0800eba8        0x0
                0x0800eba8                PROVIDE (__preinit_array_start, .)
 *(.preinit_array*)
                0x0800eba8                PROVIDE (__preinit_array_end, .)

.init_array     0x0800eba8       0x24
                0x0800eba8                PROVIDE (__init_array_start, .)
 *(SORT(.init_array.*))
 *(.init_array*)
 .init_array    0x0800eba8        0x4 c:/program files (x86)/atollic/truestudio for arm 5.4.0/armtools/bin/../lib/gcc/arm-atollic-eabi/4.8.3/armv7-m/crtbegin.o